<html>
<body>
<pre>
<h1>µVision Build Log</h1>
<h2>Tool Versions:</h2>
IDE-Version: ¦ÌVision V5.28.0.0
Copyright (C) 2019 ARM Ltd and ARM Germany GmbH. All rights reserved.
License Information: 1 2, 34, LIC=NHYH9-42UX7-35CTX-H6IRC-GY9SD-7WVKK
 
Tool Versions:
Toolchain:       MDK-ARM Professional  Version: 5.28.0.0
Toolchain Path:  D:\Software\Keil_MDK5\ARM\ARMCC\Bin
C Compiler:      Armcc.exe V5.06 update 6 (build 750)
Assembler:       Armasm.exe V5.06 update 6 (build 750)
Linker/Locator:  ArmLink.exe V5.06 update 6 (build 750)
Library Manager: ArmAr.exe V5.06 update 6 (build 750)
Hex Converter:   FromElf.exe V5.06 update 6 (build 750)
CPU DLL:         SARMCM3.DLL V5.28.0.0
Dialog DLL:      DARMCM1.DLL V1.19.2.0
Target DLL:      CMSIS_AGDI.dll V1.31.18.0
Dialog DLL:      TARMCM1.DLL V1.14.1.0
 
<h2>Project:</h2>
D:\Projects\Foc\Software\Seekfree_MM32SPIN27PS\Project\MDK\MM32SPIN27PS.uvprojx
Project File Date:  03/18/2022

<h2>Output:</h2>
*** Using Compiler 'V5.06 update 6 (build 750)', folder: 'D:\Software\Keil_MDK5\ARM\ARMCC\Bin'
Build target 'MM32SPIN27PS_Demo'
compiling foc.c...
compiling main.c...
linking...
Program Size: Code=10664 RO-data=7272 RW-data=292 ZI-data=1068  
".\Objects\MM32SPIN2PS.axf" - 0 Error(s), 0 Warning(s).

<h2>Software Packages used:</h2>

Package Vendor: MindMotion
                http://www.mindmotion.com.cn/Download/MDK_KEIL/MindMotion.MM32SPIN2x_DFP.1.1.4.pack
                MindMotion.MM32SPIN2x_DFP.1.1.4
                MindMotion MM32SPIN2x Series Device Support, Drivers and Examples

<h2>Collection of Component include folders:</h2>
  .\RTE\_MM32SPIN27PS_Demo

<h2>Collection of Component Files used:</h2>
Build Time Elapsed:  00:00:01
</pre>
</body>
</html>
