Component: ARM Compiler 5.06 update 6 (build 750) Tool: armlink [4d35ed]

==============================================================================

Section Cross References

    isr.o(i.DMA1_Channel1_IRQHandler) refers to hal_dma.o(i.DMA_GetFlagStatus) for DMA_GetFlagStatus
    isr.o(i.DMA1_Channel1_IRQHandler) refers to hal_dma.o(i.DMA_ClearFlag) for DMA_ClearFlag
    isr.o(i.DMA1_Channel2_3_IRQHandler) refers to hal_dma.o(i.DMA_GetFlagStatus) for DMA_GetFlagStatus
    isr.o(i.DMA1_Channel2_3_IRQHandler) refers to hal_dma.o(i.DMA_ClearFlag) for DMA_ClearFlag
    isr.o(i.DMA1_Channel4_5_IRQHandler) refers to hal_dma.o(i.DMA_GetFlagStatus) for DMA_GetFlagStatus
    isr.o(i.DMA1_Channel4_5_IRQHandler) refers to hal_dma.o(i.DMA_ClearFlag) for DMA_ClearFlag
    isr.o(i.DMA1_Channel4_5_IRQHandler) refers to seekfree_7725.o(i.ov7725_dma) for ov7725_dma
    isr.o(i.DMA1_Channel4_5_IRQHandler) refers to seekfree_uart_7725.o(i.ov7725_uart_dma) for ov7725_uart_dma
    isr.o(i.DMA1_Channel4_5_IRQHandler) refers to seekfree_mt9v03x.o(i.mt9v03x_dma) for mt9v03x_dma
    isr.o(i.DMA1_Channel4_5_IRQHandler) refers to common.o(.data) for camera_type
    isr.o(i.EXTI0_1_IRQHandler) refers to hal_exti.o(i.EXTI_GetITStatus) for EXTI_GetITStatus
    isr.o(i.EXTI0_1_IRQHandler) refers to hal_exti.o(i.EXTI_ClearFlag) for EXTI_ClearFlag
    isr.o(i.EXTI2_3_IRQHandler) refers to hal_exti.o(i.EXTI_GetITStatus) for EXTI_GetITStatus
    isr.o(i.EXTI2_3_IRQHandler) refers to hal_exti.o(i.EXTI_ClearFlag) for EXTI_ClearFlag
    isr.o(i.EXTI4_15_IRQHandler) refers to hal_exti.o(i.EXTI_GetITStatus) for EXTI_GetITStatus
    isr.o(i.EXTI4_15_IRQHandler) refers to hal_exti.o(i.EXTI_ClearFlag) for EXTI_ClearFlag
    isr.o(i.EXTI4_15_IRQHandler) refers to seekfree_7725.o(i.ov7725_vsync) for ov7725_vsync
    isr.o(i.EXTI4_15_IRQHandler) refers to seekfree_uart_7725.o(i.ov7725_uart_vsync) for ov7725_uart_vsync
    isr.o(i.EXTI4_15_IRQHandler) refers to seekfree_mt9v03x.o(i.mt9v03x_vsync) for mt9v03x_vsync
    isr.o(i.EXTI4_15_IRQHandler) refers to common.o(.data) for camera_type
    isr.o(i.TIM2_IRQHandler) refers to foc.o(.data) for foc
    isr.o(i.UART1_IRQHandler) refers to zf_uart.o(i.uart_getchar) for uart_getchar
    isr.o(i.UART1_IRQHandler) refers to seekfree_ips114_spi.o(i.ips114_showuint8) for ips114_showuint8
    isr.o(i.UART1_IRQHandler) refers to isr.o(.data) for count
    isr.o(i.UART2_IRQHandler) refers to seekfree_uart_7725.o(i.ov7725_cof_uart_interrupt) for ov7725_cof_uart_interrupt
    isr.o(i.UART2_IRQHandler) refers to seekfree_mt9v03x.o(i.mt9v03x_uart_callback) for mt9v03x_uart_callback
    isr.o(i.UART2_IRQHandler) refers to common.o(.data) for camera_type
    main.o(i.main) refers to board.o(i.board_init) for board_init
    main.o(i.main) refers to zf_systick.o(i.systick_delay_ms) for systick_delay_ms
    main.o(i.main) refers to seekfree_ips114_spi.o(i.ips114_init) for ips114_init
    main.o(i.main) refers to zf_pit.o(i.tim_interrupt_init_ms) for tim_interrupt_init_ms
    main.o(i.main) refers to slave.o(.data) for spiDevice
    main.o(i.main) refers to driver.o(.data) for driver
    main.o(i.main) refers to foc.o(.data) for foc
    foc.o(i.angleCalculate) refers to fmul.o(.text) for __aeabi_fmul
    foc.o(i.angleCalculate) refers to fadd.o(.text) for __aeabi_fadd
    foc.o(i.angleCalculate) refers to f2d.o(.text) for __aeabi_f2d
    foc.o(i.angleCalculate) refers to pow.o(i.pow) for pow
    foc.o(i.angleCalculate) refers to d2f.o(.text) for __aeabi_d2f
    foc.o(i.angleCalculate) refers to cdcmple.o(.text) for __aeabi_cdcmple
    foc.o(i.angleCalculate) refers to cfrcmple.o(.text) for __aeabi_cfrcmple
    foc.o(i.angleCalculate) refers to fdiv.o(.text) for __aeabi_fdiv
    foc.o(i.angleCalculate) refers to atan.o(i.atan) for atan
    foc.o(i.angleCalculate) refers to dmul.o(.text) for __aeabi_dmul
    foc.o(i.angleCalculate) refers to cfcmple.o(.text) for __aeabi_cfcmple
    foc.o(i.angleCalculate) refers to acos.o(i.acos) for acos
    foc.o(i.angleCalculate) refers to asin.o(i.asin) for asin
    foc.o(i.angleCalculate) refers to dadd.o(.text) for __aeabi_dadd
    foc.o(i.angleCalculate) refers to foc.o(.data) for radian2Angle
    foc.o(i.augmentedPID) refers to fflti.o(.text) for __aeabi_i2f
    foc.o(i.augmentedPID) refers to fadd.o(.text) for __aeabi_fsub
    foc.o(i.augmentedPID) refers to fmul.o(.text) for __aeabi_fmul
    foc.o(i.augmentedPID) refers to f2d.o(.text) for __aeabi_f2d
    foc.o(i.augmentedPID) refers to cdrcmple.o(.text) for __aeabi_cdrcmple
    foc.o(i.augmentedPID) refers to cfrcmple.o(.text) for __aeabi_cfrcmple
    foc.o(i.calculateSVPWM) refers to cfrcmple.o(.text) for __aeabi_cfrcmple
    foc.o(i.calculateSVPWM) refers to cfcmple.o(.text) for __aeabi_cfcmple
    foc.o(i.calculateSVPWM) refers to fmul.o(.text) for __aeabi_fmul
    foc.o(i.calculateSVPWM) refers to fdiv.o(.text) for __aeabi_fdiv
    foc.o(i.calculateSVPWM) refers to fadd.o(.text) for __aeabi_fsub
[...]
    ../clib/microlib/init/entry.s            0x00000000   Number         0  entry8a.o ABSOLUTE
    ../clib/microlib/init/entry.s            0x00000000   Number         0  entry7b.o ABSOLUTE
    ../clib/microlib/init/entry.s            0x00000000   Number         0  entry7a.o ABSOLUTE
    ../clib/microlib/init/entry.s            0x00000000   Number         0  entry2.o ABSOLUTE
    ../clib/microlib/longlong.c              0x00000000   Number         0  llushr.o ABSOLUTE
    ../clib/microlib/longlong.c              0x00000000   Number         0  llsshr.o ABSOLUTE
    ../clib/microlib/longlong.c              0x00000000   Number         0  llshl.o ABSOLUTE
    ../clib/microlib/string/memcpy.c         0x00000000   Number         0  memcpya.o ABSOLUTE
    ../clib/microlib/string/memcpy.c         0x00000000   Number         0  memcpyb.o ABSOLUTE
    ../clib/microlib/string/memset.c         0x00000000   Number         0  memseta.o ABSOLUTE
    ../clib/microlib/stubs.s                 0x00000000   Number         0  iusefp.o ABSOLUTE
    ../fplib/microlib/d2f.c                  0x00000000   Number         0  d2f.o ABSOLUTE
    ../fplib/microlib/f2d.c                  0x00000000   Number         0  f2d.o ABSOLUTE
    ../fplib/microlib/fpadd.c                0x00000000   Number         0  fadd.o ABSOLUTE
    ../fplib/microlib/fpadd.c                0x00000000   Number         0  dadd.o ABSOLUTE
    ../fplib/microlib/fpdiv.c                0x00000000   Number         0  fdiv.o ABSOLUTE
    ../fplib/microlib/fpdiv.c                0x00000000   Number         0  ddiv.o ABSOLUTE
    ../fplib/microlib/fpepilogue.c           0x00000000   Number         0  depilogue.o ABSOLUTE
    ../fplib/microlib/fpepilogue.c           0x00000000   Number         0  fepilogue.o ABSOLUTE
    ../fplib/microlib/fpfix.c                0x00000000   Number         0  dfixi.o ABSOLUTE
    ../fplib/microlib/fpfix.c                0x00000000   Number         0  ffixi.o ABSOLUTE
    ../fplib/microlib/fpfix.c                0x00000000   Number         0  ffixui.o ABSOLUTE
    ../fplib/microlib/fpflt.c                0x00000000   Number         0  ffltui.o ABSOLUTE
    ../fplib/microlib/fpflt.c                0x00000000   Number         0  dfltui.o ABSOLUTE
    ../fplib/microlib/fpflt.c                0x00000000   Number         0  fflti.o ABSOLUTE
    ../fplib/microlib/fpflt.c                0x00000000   Number         0  dflti.o ABSOLUTE
    ../fplib/microlib/fpmul.c                0x00000000   Number         0  dmul.o ABSOLUTE
    ../fplib/microlib/fpmul.c                0x00000000   Number         0  fmul.o ABSOLUTE
    ../fplib/microlib/fprem.c                0x00000000   Number         0  drem.o ABSOLUTE
    ../fplib/microlib/fpscalb.c              0x00000000   Number         0  dscalb.o ABSOLUTE
    ../fplib/microlib/fpsqrt.c               0x00000000   Number         0  dsqrt.o ABSOLUTE
    ../mathlib/acos.c                        0x00000000   Number         0  acos_x.o ABSOLUTE
    ../mathlib/acos.c                        0x00000000   Number         0  acos.o ABSOLUTE
    ../mathlib/asin.c                        0x00000000   Number         0  asin_x.o ABSOLUTE
    ../mathlib/asin.c                        0x00000000   Number         0  asin.o ABSOLUTE
    ../mathlib/atan.c                        0x00000000   Number         0  atan.o ABSOLUTE
    ../mathlib/atan.c                        0x00000000   Number         0  atan_x.o ABSOLUTE
    ../mathlib/cos.c                         0x00000000   Number         0  cos.o ABSOLUTE
    ../mathlib/cos.c                         0x00000000   Number         0  cos_x.o ABSOLUTE
    ../mathlib/cos_i.c                       0x00000000   Number         0  cos_i.o ABSOLUTE
    ../mathlib/dunder.c                      0x00000000   Number         0  dunder.o ABSOLUTE
    ../mathlib/fmod.c                        0x00000000   Number         0  fmod_x.o ABSOLUTE
    ../mathlib/fmod.c                        0x00000000   Number         0  fmod.o ABSOLUTE
    ../mathlib/fpclassify.c                  0x00000000   Number         0  fpclassify.o ABSOLUTE
    ../mathlib/poly.c                        0x00000000   Number         0  poly.o ABSOLUTE
    ../mathlib/pow.c                         0x00000000   Number         0  pow.o ABSOLUTE
    ../mathlib/pow.c                         0x00000000   Number         0  pow_x.o ABSOLUTE
    ../mathlib/qnan.c                        0x00000000   Number         0  qnan.o ABSOLUTE
    ../mathlib/rred.c                        0x00000000   Number         0  rred.o ABSOLUTE
    ../mathlib/sin.c                         0x00000000   Number         0  sin_x.o ABSOLUTE
    ../mathlib/sin.c                         0x00000000   Number         0  sin.o ABSOLUTE
    ../mathlib/sin_i.c                       0x00000000   Number         0  sin_i_x.o ABSOLUTE
    ../mathlib/sin_i.c                       0x00000000   Number         0  sin_i.o ABSOLUTE
    ../mathlib/sqrt.c                        0x00000000   Number         0  sqrt.o ABSOLUTE
    ../mathlib/sqrt.c                        0x00000000   Number         0  sqrt_x.o ABSOLUTE
    ..\..\Libraries\Device\MM32SPIN2xx_p\HAL_Lib\Src\hal_adc.c 0x00000000   Number         0  hal_adc.o ABSOLUTE
    ..\..\Libraries\Device\MM32SPIN2xx_p\HAL_Lib\Src\hal_bkp.c 0x00000000   Number         0  hal_bkp.o ABSOLUTE
    ..\..\Libraries\Device\MM32SPIN2xx_p\HAL_Lib\Src\hal_comp.c 0x00000000   Number         0  hal_comp.o ABSOLUTE
    ..\..\Libraries\Device\MM32SPIN2xx_p\HAL_Lib\Src\hal_crc.c 0x00000000   Number         0  hal_crc.o ABSOLUTE
    ..\..\Libraries\Device\MM32SPIN2xx_p\HAL_Lib\Src\hal_dbg.c 0x00000000   Number         0  hal_dbg.o ABSOLUTE
    ..\..\Libraries\Device\MM32SPIN2xx_p\HAL_Lib\Src\hal_div.c 0x00000000   Number         0  hal_div.o ABSOLUTE
    ..\..\Libraries\Device\MM32SPIN2xx_p\HAL_Lib\Src\hal_dma.c 0x00000000   Number         0  hal_dma.o ABSOLUTE
    ..\..\Libraries\Device\MM32SPIN2xx_p\HAL_Lib\Src\hal_exti.c 0x00000000   Number         0  hal_exti.o ABSOLUTE
    ..\..\Libraries\Device\MM32SPIN2xx_p\HAL_Lib\Src\hal_flash.c 0x00000000   Number         0  hal_flash.o ABSOLUTE
    ..\..\Libraries\Device\MM32SPIN2xx_p\HAL_Lib\Src\hal_gpio.c 0x00000000   Number         0  hal_gpio.o ABSOLUTE
    ..\..\Libraries\Device\MM32SPIN2xx_p\HAL_Lib\Src\hal_i2c.c 0x00000000   Number         0  hal_i2c.o ABSOLUTE
    ..\..\Libraries\Device\MM32SPIN2xx_p\HAL_Lib\Src\hal_iwdg.c 0x00000000   Number         0  hal_iwdg.o ABSOLUTE
    ..\..\Libraries\Device\MM32SPIN2xx_p\HAL_Lib\Src\hal_misc.c 0x00000000   Number         0  hal_misc.o ABSOLUTE
    ..\..\Libraries\Device\MM32SPIN2xx_p\HAL_Lib\Src\hal_opamp.c 0x00000000   Number         0  hal_opamp.o ABSOLUTE
    ..\..\Libraries\Device\MM32SPIN2xx_p\HAL_Lib\Src\hal_pwr.c 0x00000000   Number         0  hal_pwr.o ABSOLUTE
    ..\..\Libraries\Device\MM32SPIN2xx_p\HAL_Lib\Src\hal_rcc.c 0x00000000   Number         0  hal_rcc.o ABSOLUTE
    ..\..\Libraries\Device\MM32SPIN2xx_p\HAL_Lib\Src\hal_spi.c 0x00000000   Number         0  hal_spi.o ABSOLUTE
    ..\..\Libraries\Device\MM32SPIN2xx_p\HAL_Lib\Src\hal_sqrt.c 0x00000000   Number         0  hal_sqrt.o ABSOLUTE
    ..\..\Libraries\Device\MM32SPIN2xx_p\HAL_Lib\Src\hal_tim.c 0x00000000   Number         0  hal_tim.o ABSOLUTE
    ..\..\Libraries\Device\MM32SPIN2xx_p\HAL_Lib\Src\hal_uart.c 0x00000000   Number         0  hal_uart.o ABSOLUTE
    ..\..\Libraries\Device\MM32SPIN2xx_p\HAL_Lib\Src\hal_uid.c 0x00000000   Number         0  hal_uid.o ABSOLUTE
    ..\..\Libraries\Device\MM32SPIN2xx_p\HAL_Lib\Src\hal_ver.c 0x00000000   Number         0  hal_ver.o ABSOLUTE
    ..\..\Libraries\Device\MM32SPIN2xx_p\HAL_Lib\Src\hal_wwdg.c 0x00000000   Number         0  hal_wwdg.o ABSOLUTE
    ..\..\Libraries\Device\MM32SPIN2xx_p\Source\KEIL_StartAsm\startup_mm32spin2xx_p_keil.s 0x00000000   Number         0  startup_mm32spin2xx_p_keil.o ABSOLUTE
    ..\..\Libraries\Device\MM32SPIN2xx_p\Source\system_mm32spin2xx_p.c 0x00000000   Number         0  system_mm32spin2xx_p.o ABSOLUTE
    ..\..\Libraries\seekfree_libraries\board\board.c 0x00000000   Number         0  board.o ABSOLUTE
    ..\..\Libraries\seekfree_libraries\common\SEEKFREE_PRINTF.c 0x00000000   Number         0  seekfree_printf.o ABSOLUTE
    ..\..\Libraries\seekfree_libraries\common\common.c 0x00000000   Number         0  common.o ABSOLUTE
    ..\..\Libraries\seekfree_libraries\zf_adc.c 0x00000000   Number         0  zf_adc.o ABSOLUTE
    ..\..\Libraries\seekfree_libraries\zf_camera.c 0x00000000   Number         0  zf_camera.o ABSOLUTE
    ..\..\Libraries\seekfree_libraries\zf_exti.c 0x00000000   Number         0  zf_exti.o ABSOLUTE
    ..\..\Libraries\seekfree_libraries\zf_flash.c 0x00000000   Number         0  zf_flash.o ABSOLUTE
    ..\..\Libraries\seekfree_libraries\zf_gpio.c 0x00000000   Number         0  zf_gpio.o ABSOLUTE
    ..\..\Libraries\seekfree_libraries\zf_pit.c 0x00000000   Number         0  zf_pit.o ABSOLUTE
    ..\..\Libraries\seekfree_libraries\zf_pwm.c 0x00000000   Number         0  zf_pwm.o ABSOLUTE
    ..\..\Libraries\seekfree_libraries\zf_spi.c 0x00000000   Number         0  zf_spi.o ABSOLUTE
    ..\..\Libraries\seekfree_libraries\zf_systick.c 0x00000000   Number         0  zf_systick.o ABSOLUTE
    ..\..\Libraries\seekfree_libraries\zf_tim.c 0x00000000   Number         0  zf_tim.o ABSOLUTE
    ..\..\Libraries\seekfree_libraries\zf_uart.c 0x00000000   Number         0  zf_uart.o ABSOLUTE
    ..\..\Libraries\seekfree_peripheral\SEEKFREE_18TFT.c 0x00000000   Number         0  seekfree_18tft.o ABSOLUTE
    ..\..\Libraries\seekfree_peripheral\SEEKFREE_7725.c 0x00000000   Number         0  seekfree_7725.o ABSOLUTE
    ..\..\Libraries\seekfree_peripheral\SEEKFREE_ABSOLUTE_ENCODER.c 0x00000000   Number         0  seekfree_absolute_encoder.o ABSOLUTE
    ..\..\Libraries\seekfree_peripheral\SEEKFREE_FONT.c 0x00000000   Number         0  seekfree_font.o ABSOLUTE
    ..\..\Libraries\seekfree_peripheral\SEEKFREE_ICM20602.c 0x00000000   Number         0  seekfree_icm20602.o ABSOLUTE
    ..\..\Libraries\seekfree_peripheral\SEEKFREE_IIC.c 0x00000000   Number         0  seekfree_iic.o ABSOLUTE
    ..\..\Libraries\seekfree_peripheral\SEEKFREE_IPS114_SPI.c 0x00000000   Number         0  seekfree_ips114_spi.o ABSOLUTE
    ..\..\Libraries\seekfree_peripheral\SEEKFREE_L3G4200D.c 0x00000000   Number         0  seekfree_l3g4200d.o ABSOLUTE
    ..\..\Libraries\seekfree_peripheral\SEEKFREE_MMA8451.c 0x00000000   Number         0  seekfree_mma8451.o ABSOLUTE
    ..\..\Libraries\seekfree_peripheral\SEEKFREE_MPU6050.c 0x00000000   Number         0  seekfree_mpu6050.o ABSOLUTE
    ..\..\Libraries\seekfree_peripheral\SEEKFREE_MT9V03X.c 0x00000000   Number         0  seekfree_mt9v03x.o ABSOLUTE
    ..\..\Libraries\seekfree_peripheral\SEEKFREE_OLED.c 0x00000000   Number         0  seekfree_oled.o ABSOLUTE
    ..\..\Libraries\seekfree_peripheral\SEEKFREE_TSL1401.c 0x00000000   Number         0  seekfree_tsl1401.o ABSOLUTE
    ..\..\Libraries\seekfree_peripheral\SEEKFREE_UART_7725.c 0x00000000   Number         0  seekfree_uart_7725.o ABSOLUTE
    ..\..\Libraries\seekfree_peripheral\SEEKFREE_VIRSCO.c 0x00000000   Number         0  seekfree_virsco.o ABSOLUTE
    ..\..\Libraries\seekfree_peripheral\SEEKFREE_WIRELESS.c 0x00000000   Number         0  seekfree_wireless.o ABSOLUTE
    ..\CODE\driver.c                         0x00000000   Number         0  driver.o ABSOLUTE
    ..\CODE\foc.c                            0x00000000   Number         0  foc.o ABSOLUTE
    ..\CODE\slave.c                          0x00000000   Number         0  slave.o ABSOLUTE
    ..\USER\src\isr.c                        0x00000000   Number         0  isr.o ABSOLUTE
    ..\USER\src\main.c                       0x00000000   Number         0  main.o ABSOLUTE
    ..\\..\\Libraries\\Device\\MM32SPIN2xx_p\\HAL_Lib\\Src\\hal_adc.c 0x00000000   Number         0  hal_adc.o ABSOLUTE
    ..\\..\\Libraries\\Device\\MM32SPIN2xx_p\\HAL_Lib\\Src\\hal_bkp.c 0x00000000   Number         0  hal_bkp.o ABSOLUTE
    ..\\..\\Libraries\\Device\\MM32SPIN2xx_p\\HAL_Lib\\Src\\hal_comp.c 0x00000000   Number         0  hal_comp.o ABSOLUTE
    ..\\..\\Libraries\\Device\\MM32SPIN2xx_p\\HAL_Lib\\Src\\hal_crc.c 0x00000000   Number         0  hal_crc.o ABSOLUTE
    ..\\..\\Libraries\\Device\\MM32SPIN2xx_p\\HAL_Lib\\Src\\hal_dbg.c 0x00000000   Number         0  hal_dbg.o ABSOLUTE
    ..\\..\\Libraries\\Device\\MM32SPIN2xx_p\\HAL_Lib\\Src\\hal_div.c 0x00000000   Number         0  hal_div.o ABSOLUTE
    ..\\..\\Libraries\\Device\\MM32SPIN2xx_p\\HAL_Lib\\Src\\hal_dma.c 0x00000000   Number         0  hal_dma.o ABSOLUTE
    ..\\..\\Libraries\\Device\\MM32SPIN2xx_p\\HAL_Lib\\Src\\hal_exti.c 0x00000000   Number         0  hal_exti.o ABSOLUTE
    ..\\..\\Libraries\\Device\\MM32SPIN2xx_p\\HAL_Lib\\Src\\hal_flash.c 0x00000000   Number         0  hal_flash.o ABSOLUTE
    ..\\..\\Libraries\\Device\\MM32SPIN2xx_p\\HAL_Lib\\Src\\hal_gpio.c 0x00000000   Number         0  hal_gpio.o ABSOLUTE
    ..\\..\\Libraries\\Device\\MM32SPIN2xx_p\\HAL_Lib\\Src\\hal_i2c.c 0x00000000   Number         0  hal_i2c.o ABSOLUTE
    ..\\..\\Libraries\\Device\\MM32SPIN2xx_p\\HAL_Lib\\Src\\hal_iwdg.c 0x00000000   Number         0  hal_iwdg.o ABSOLUTE
    ..\\..\\Libraries\\Device\\MM32SPIN2xx_p\\HAL_Lib\\Src\\hal_misc.c 0x00000000   Number         0  hal_misc.o ABSOLUTE
    ..\\..\\Libraries\\Device\\MM32SPIN2xx_p\\HAL_Lib\\Src\\hal_opamp.c 0x00000000   Number         0  hal_opamp.o ABSOLUTE
    ..\\..\\Libraries\\Device\\MM32SPIN2xx_p\\HAL_Lib\\Src\\hal_pwr.c 0x00000000   Number         0  hal_pwr.o ABSOLUTE
    ..\\..\\Libraries\\Device\\MM32SPIN2xx_p\\HAL_Lib\\Src\\hal_rcc.c 0x00000000   Number         0  hal_rcc.o ABSOLUTE
    ..\\..\\Libraries\\Device\\MM32SPIN2xx_p\\HAL_Lib\\Src\\hal_spi.c 0x00000000   Number         0  hal_spi.o ABSOLUTE
    ..\\..\\Libraries\\Device\\MM32SPIN2xx_p\\HAL_Lib\\Src\\hal_sqrt.c 0x00000000   Number         0  hal_sqrt.o ABSOLUTE
    ..\\..\\Libraries\\Device\\MM32SPIN2xx_p\\HAL_Lib\\Src\\hal_tim.c 0x00000000   Number         0  hal_tim.o ABSOLUTE
    ..\\..\\Libraries\\Device\\MM32SPIN2xx_p\\HAL_Lib\\Src\\hal_uart.c 0x00000000   Number         0  hal_uart.o ABSOLUTE
    ..\\..\\Libraries\\Device\\MM32SPIN2xx_p\\HAL_Lib\\Src\\hal_uid.c 0x00000000   Number         0  hal_uid.o ABSOLUTE
    ..\\..\\Libraries\\Device\\MM32SPIN2xx_p\\HAL_Lib\\Src\\hal_ver.c 0x00000000   Number         0  hal_ver.o ABSOLUTE
    ..\\..\\Libraries\\Device\\MM32SPIN2xx_p\\HAL_Lib\\Src\\hal_wwdg.c 0x00000000   Number         0  hal_wwdg.o ABSOLUTE
    ..\\..\\Libraries\\Device\\MM32SPIN2xx_p\\Source\\system_mm32spin2xx_p.c 0x00000000   Number         0  system_mm32spin2xx_p.o ABSOLUTE
    ..\\..\\Libraries\\seekfree_libraries\\board\\board.c 0x00000000   Number         0  board.o ABSOLUTE
    ..\\..\\Libraries\\seekfree_libraries\\common\\SEEKFREE_PRINTF.c 0x00000000   Number         0  seekfree_printf.o ABSOLUTE
    ..\\..\\Libraries\\seekfree_libraries\\common\\common.c 0x00000000   Number         0  common.o ABSOLUTE
    ..\\..\\Libraries\\seekfree_libraries\\zf_adc.c 0x00000000   Number         0  zf_adc.o ABSOLUTE
    ..\\..\\Libraries\\seekfree_libraries\\zf_camera.c 0x00000000   Number         0  zf_camera.o ABSOLUTE
    ..\\..\\Libraries\\seekfree_libraries\\zf_exti.c 0x00000000   Number         0  zf_exti.o ABSOLUTE
    ..\\..\\Libraries\\seekfree_libraries\\zf_flash.c 0x00000000   Number         0  zf_flash.o ABSOLUTE
    ..\\..\\Libraries\\seekfree_libraries\\zf_gpio.c 0x00000000   Number         0  zf_gpio.o ABSOLUTE
    ..\\..\\Libraries\\seekfree_libraries\\zf_pit.c 0x00000000   Number         0  zf_pit.o ABSOLUTE
    ..\\..\\Libraries\\seekfree_libraries\\zf_pwm.c 0x00000000   Number         0  zf_pwm.o ABSOLUTE
    ..\\..\\Libraries\\seekfree_libraries\\zf_spi.c 0x00000000   Number         0  zf_spi.o ABSOLUTE
    ..\\..\\Libraries\\seekfree_libraries\\zf_systick.c 0x00000000   Number         0  zf_systick.o ABSOLUTE
    ..\\..\\Libraries\\seekfree_libraries\\zf_tim.c 0x00000000   Number         0  zf_tim.o ABSOLUTE
    ..\\..\\Libraries\\seekfree_libraries\\zf_uart.c 0x00000000   Number         0  zf_uart.o ABSOLUTE
    ..\\..\\Libraries\\seekfree_peripheral\\SEEKFREE_18TFT.c 0x00000000   Number         0  seekfree_18tft.o ABSOLUTE
    ..\\..\\Libraries\\seekfree_peripheral\\SEEKFREE_7725.c 0x00000000   Number         0  seekfree_7725.o ABSOLUTE
    ..\\..\\Libraries\\seekfree_peripheral\\SEEKFREE_ABSOLUTE_ENCODER.c 0x00000000   Number         0  seekfree_absolute_encoder.o ABSOLUTE
    ..\\..\\Libraries\\seekfree_peripheral\\SEEKFREE_FONT.c 0x00000000   Number         0  seekfree_font.o ABSOLUTE
    ..\\..\\Libraries\\seekfree_peripheral\\SEEKFREE_ICM20602.c 0x00000000   Number         0  seekfree_icm20602.o ABSOLUTE
    ..\\..\\Libraries\\seekfree_peripheral\\SEEKFREE_IIC.c 0x00000000   Number         0  seekfree_iic.o ABSOLUTE
    ..\\..\\Libraries\\seekfree_peripheral\\SEEKFREE_IPS114_SPI.c 0x00000000   Number         0  seekfree_ips114_spi.o ABSOLUTE
    ..\\..\\Libraries\\seekfree_peripheral\\SEEKFREE_L3G4200D.c 0x00000000   Number         0  seekfree_l3g4200d.o ABSOLUTE
    ..\\..\\Libraries\\seekfree_peripheral\\SEEKFREE_MMA8451.c 0x00000000   Number         0  seekfree_mma8451.o ABSOLUTE
    ..\\..\\Libraries\\seekfree_peripheral\\SEEKFREE_MPU6050.c 0x00000000   Number         0  seekfree_mpu6050.o ABSOLUTE
    ..\\..\\Libraries\\seekfree_peripheral\\SEEKFREE_MT9V03X.c 0x00000000   Number         0  seekfree_mt9v03x.o ABSOLUTE
    ..\\..\\Libraries\\seekfree_peripheral\\SEEKFREE_OLED.c 0x00000000   Number         0  seekfree_oled.o ABSOLUTE
    ..\\..\\Libraries\\seekfree_peripheral\\SEEKFREE_TSL1401.c 0x00000000   Number         0  seekfree_tsl1401.o ABSOLUTE
    ..\\..\\Libraries\\seekfree_peripheral\\SEEKFREE_UART_7725.c 0x00000000   Number         0  seekfree_uart_7725.o ABSOLUTE
    ..\\..\\Libraries\\seekfree_peripheral\\SEEKFREE_VIRSCO.c 0x00000000   Number         0  seekfree_virsco.o ABSOLUTE
    ..\\..\\Libraries\\seekfree_peripheral\\SEEKFREE_WIRELESS.c 0x00000000   Number         0  seekfree_wireless.o ABSOLUTE
    ..\\CODE\\driver.c                       0x00000000   Number         0  driver.o ABSOLUTE
    ..\\CODE\\foc.c                          0x00000000   Number         0  foc.o ABSOLUTE
    ..\\CODE\\slave.c                        0x00000000   Number         0  slave.o ABSOLUTE
    ..\\USER\\src\\isr.c                     0x00000000   Number         0  isr.o ABSOLUTE
    ..\\USER\\src\\main.c                    0x00000000   Number         0  main.o ABSOLUTE
    cdcmple.s                                0x00000000   Number         0  cdcmple.o ABSOLUTE
    cdrcmple.s                               0x00000000   Number         0  cdrcmple.o ABSOLUTE
    cfcmple.s                                0x00000000   Number         0  cfcmple.o ABSOLUTE
    cfrcmple.s                               0x00000000   Number         0  cfrcmple.o ABSOLUTE
    dc.s                                     0x00000000   Number         0  dc.o ABSOLUTE
    handlers.s                               0x00000000   Number         0  handlers.o ABSOLUTE
    init.s                                   0x00000000   Number         0  init.o ABSOLUTE
    RESET                                    0x08000000   Section      192  startup_mm32spin2xx_p_keil.o(RESET)
    .ARM.Collect$$$$00000000                 0x080000c0   Section        0  entry.o(.ARM.Collect$$$$00000000)
    .ARM.Collect$$$$00000001                 0x080000c0   Section        4  entry2.o(.ARM.Collect$$$$00000001)
    .ARM.Collect$$$$00000004                 0x080000c4   Section        4  entry5.o(.ARM.Collect$$$$00000004)
    .ARM.Collect$$$$00000008                 0x080000c8   Section        0  entry7b.o(.ARM.Collect$$$$00000008)
    .ARM.Collect$$$$0000000A                 0x080000c8   Section        0  entry8b.o(.ARM.Collect$$$$0000000A)
    .ARM.Collect$$$$0000000B                 0x080000c8   Section        8  entry9a.o(.ARM.Collect$$$$0000000B)
    .ARM.Collect$$$$0000000D                 0x080000d0   Section        0  entry10a.o(.ARM.Collect$$$$0000000D)
    .ARM.Collect$$$$0000000F                 0x080000d0   Section        0  entry11a.o(.ARM.Collect$$$$0000000F)
    .ARM.Collect$$$$00002712                 0x080000d0   Section        4  entry2.o(.ARM.Collect$$$$00002712)
    __lit__00000000                          0x080000d0   Data           4  entry2.o(.ARM.Collect$$$$00002712)
    .text                                    0x080000d4   Section      132  startup_mm32spin2xx_p_keil.o(.text)
    .text                                    0x08000158   Section        0  uidiv.o(.text)
    .text                                    0x08000184   Section        0  idiv.o(.text)
    .text                                    0x080001ac   Section        0  uldiv.o(.text)
    .text                                    0x0800020c   Section        0  memseta.o(.text)
    .text                                    0x08000230   Section        0  fadd.o(.text)
    .text                                    0x080002e2   Section        0  fmul.o(.text)
    .text                                    0x0800035c   Section        0  fdiv.o(.text)
    .text                                    0x080003d8   Section        0  dadd.o(.text)
    .text                                    0x0800053c   Section        0  dmul.o(.text)
    .text                                    0x0800060c   Section        0  fflti.o(.text)
    .text                                    0x08000622   Section        0  ffltui.o(.text)
    .text                                    0x08000630   Section        0  dflti.o(.text)
    .text                                    0x08000658   Section        0  ffixi.o(.text)
    .text                                    0x0800068a   Section        0  ffixui.o(.text)
    .text                                    0x080006b4   Section        0  dfixi.o(.text)
    .text                                    0x080006fc   Section        0  f2d.o(.text)
    .text                                    0x08000724   Section       40  cdcmple.o(.text)
    .text                                    0x0800074c   Section       40  cdrcmple.o(.text)
    .text                                    0x08000774   Section        0  d2f.o(.text)
    .text                                    0x080007ac   Section       20  cfcmple.o(.text)
    .text                                    0x080007c0   Section       20  cfrcmple.o(.text)
    .text                                    0x080007d4   Section        0  llshl.o(.text)
    .text                                    0x080007f4   Section        0  llushr.o(.text)
    .text                                    0x08000816   Section        0  llsshr.o(.text)
    .text                                    0x0800083c   Section        0  fepilogue.o(.text)
    .text                                    0x0800083c   Section        0  iusefp.o(.text)
    .text                                    0x080008be   Section        0  depilogue.o(.text)
    .text                                    0x0800097c   Section        0  ddiv.o(.text)
    .text                                    0x08000a6c   Section        0  dscalb.o(.text)
    .text                                    0x08000a98   Section        0  dsqrt.o(.text)
    .text                                    0x08000b3a   Section        0  drem.o(.text)
    .text                                    0x08000bbc   Section       36  init.o(.text)
    .text                                    0x08000be0   Section        0  dfltui.o(.text)
    .text                                    0x08000bfc   Section        0  __dczerorl2.o(.text)
    i.AutoCalPllFactor                       0x08000c52   Section        0  system_mm32spin2xx_p.o(i.AutoCalPllFactor)
    i.DMA1_Channel1_IRQHandler               0x08000cbc   Section        0  isr.o(i.DMA1_Channel1_IRQHandler)
    i.DMA1_Channel2_3_IRQHandler             0x08000cd0   Section        0  isr.o(i.DMA1_Channel2_3_IRQHandler)
    i.DMA1_Channel4_5_IRQHandler             0x08000cf8   Section        0  isr.o(i.DMA1_Channel4_5_IRQHandler)
    i.DMA_ClearFlag                          0x08000d4c   Section        0  hal_dma.o(i.DMA_ClearFlag)
    i.DMA_GetFlagStatus                      0x08000d58   Section        0  hal_dma.o(i.DMA_GetFlagStatus)
    i.EXTI0_1_IRQHandler                     0x08000d70   Section        0  isr.o(i.EXTI0_1_IRQHandler)
    i.EXTI2_3_IRQHandler                     0x08000d94   Section        0  isr.o(i.EXTI2_3_IRQHandler)
    i.EXTI4_15_IRQHandler                    0x08000db8   Section        0  isr.o(i.EXTI4_15_IRQHandler)
    i.EXTI_ClearFlag                         0x08000ec8   Section        0  hal_exti.o(i.EXTI_ClearFlag)
    i.EXTI_GetITStatus                       0x08000ed4   Section        0  hal_exti.o(i.EXTI_GetITStatus)
    i.HardFault_Handler                      0x08000ef8   Section        0  common.o(i.HardFault_Handler)
    i.NMI_Handler                            0x08000efc   Section        0  common.o(i.NMI_Handler)
    i.NVIC_Init                              0x08000f00   Section        0  hal_misc.o(i.NVIC_Init)
    i.PendSV_Handler                         0x08000f68   Section        0  common.o(i.PendSV_Handler)
    i.SPIInit                                0x08000f6c   Section        0  slave.o(i.SPIInit)
    SPIInit                                  0x08000f6d   Thumb Code   104  slave.o(i.SPIInit)
    i.SVC_Handler                            0x08000fd4   Section        0  common.o(i.SVC_Handler)
    i.SetSysClock                            0x08000fd8   Section        0  system_mm32spin2xx_p.o(i.SetSysClock)
    SetSysClock                              0x08000fd9   Thumb Code     8  system_mm32spin2xx_p.o(i.SetSysClock)
    i.SetSysClockToXX                        0x08000fe0   Section        0  system_mm32spin2xx_p.o(i.SetSysClockToXX)
    SetSysClockToXX                          0x08000fe1   Thumb Code   330  system_mm32spin2xx_p.o(i.SetSysClockToXX)
    i.SystemInit                             0x08001144   Section        0  system_mm32spin2xx_p.o(i.SystemInit)
    i.TIM14_IRQHandler                       0x080011b0   Section        0  isr.o(i.TIM14_IRQHandler)
    i.TIM16_IRQHandler                       0x080011c4   Section        0  isr.o(i.TIM16_IRQHandler)
    i.TIM17_IRQHandler                       0x080011d8   Section        0  isr.o(i.TIM17_IRQHandler)
    i.TIM1_BRK_UP_TRG_COM_IRQHandler         0x080011ec   Section        0  isr.o(i.TIM1_BRK_UP_TRG_COM_IRQHandler)
    i.TIM2_IRQHandler                        0x08001200   Section        0  isr.o(i.TIM2_IRQHandler)
    i.TIM3_IRQHandler                        0x08001224   Section        0  isr.o(i.TIM3_IRQHandler)
    i.TIM8_BRK_UP_TRG_COM_IRQHandler         0x08001238   Section        0  isr.o(i.TIM8_BRK_UP_TRG_COM_IRQHandler)
    i.UART1_IRQHandler                       0x0800124c   Section        0  isr.o(i.UART1_IRQHandler)
    i.UART2_IRQHandler                       0x080012b8   Section        0  isr.o(i.UART2_IRQHandler)
    i.__ARM_clz                              0x08001314   Section        0  depilogue.o(i.__ARM_clz)
    i.__ARM_common_ll_muluu                  0x08001342   Section        0  slave.o(i.__ARM_common_ll_muluu)
    i.__ARM_fpclassify                       0x08001374   Section        0  fpclassify.o(i.__ARM_fpclassify)
    i.__ieee754_rem_pio2                     0x080013a0   Section        0  rred.o(i.__ieee754_rem_pio2)
    i.__kernel_cos                           0x0800173c   Section        0  cos_i.o(i.__kernel_cos)
    i.__kernel_poly                          0x08001830   Section        0  poly.o(i.__kernel_poly)
    i.__kernel_sin                           0x080018dc   Section        0  sin_i.o(i.__kernel_sin)
    i.__mathlib_dbl_divzero                  0x080019c8   Section        0  dunder.o(i.__mathlib_dbl_divzero)
    i.__mathlib_dbl_infnan                   0x080019dc   Section        0  dunder.o(i.__mathlib_dbl_infnan)
    i.__mathlib_dbl_infnan2                  0x080019e6   Section        0  dunder.o(i.__mathlib_dbl_infnan2)
    i.__mathlib_dbl_invalid                  0x080019ee   Section        0  dunder.o(i.__mathlib_dbl_invalid)
    i.__mathlib_dbl_overflow                 0x08001a00   Section        0  dunder.o(i.__mathlib_dbl_overflow)
    i.__mathlib_dbl_underflow                0x08001a14   Section        0  dunder.o(i.__mathlib_dbl_underflow)
    i.__scatterload_copy                     0x08001a28   Section       14  handlers.o(i.__scatterload_copy)
    i.__scatterload_null                     0x08001a36   Section        2  handlers.o(i.__scatterload_null)
    i.__scatterload_zeroinit                 0x08001a38   Section       14  handlers.o(i.__scatterload_zeroinit)
    i.__set_errno                            0x08001a48   Section        0  errno.o(i.__set_errno)
    i.acos                                   0x08001a54   Section        0  acos.o(i.acos)
    i.adc_convert                            0x08001cbc   Section        0  zf_adc.o(i.adc_convert)
    i.adc_init                               0x08001d28   Section        0  zf_adc.o(i.adc_init)
    i.adc_pin_init                           0x08001dd0   Section        0  zf_adc.o(i.adc_pin_init)
    adc_pin_init                             0x08001dd1   Thumb Code    26  zf_adc.o(i.adc_pin_init)
    i.afio_init                              0x08001dec   Section        0  zf_gpio.o(i.afio_init)
    i.angleCalculate                         0x08001ec4   Section        0  foc.o(i.angleCalculate)
    angleCalculate                           0x08001ec5   Thumb Code   420  foc.o(i.angleCalculate)
    i.asin                                   0x0800208c   Section        0  asin.o(i.asin)
    i.atan                                   0x08002300   Section        0  atan.o(i.atan)
    i.augmentedPID                           0x0800251c   Section        0  foc.o(i.augmentedPID)
    i.board_init                             0x08002600   Section        0  board.o(i.board_init)
    i.calculateSVPWM                         0x0800261c   Section        0  foc.o(i.calculateSVPWM)
    calculateSVPWM                           0x0800261d   Thumb Code  1946  foc.o(i.calculateSVPWM)
    i.clarkTransform                         0x08002dec   Section        0  foc.o(i.clarkTransform)
    clarkTransform                           0x08002ded   Thumb Code    76  foc.o(i.clarkTransform)
    i.cos                                    0x08002e3c   Section        0  cos.o(i.cos)
    i.cycleRotate                            0x08002ed4   Section        0  driver.o(i.cycleRotate)
    cycleRotate                              0x08002ed5   Thumb Code   348  driver.o(i.cycleRotate)
    i.dcOffsetCalibration                    0x08003048   Section        0  driver.o(i.dcOffsetCalibration)
    dcOffsetCalibration                      0x08003049   Thumb Code    64  driver.o(i.dcOffsetCalibration)
    i.driverInit                             0x08003090   Section        0  driver.o(i.driverInit)
    driverInit                               0x08003091   Thumb Code   170  driver.o(i.driverInit)
    i.fmod                                   0x0800316c   Section        0  fmod.o(i.fmod)
    i.focInit                                0x08003200   Section        0  foc.o(i.focInit)
    focInit                                  0x08003201   Thumb Code   234  foc.o(i.focInit)
    i.gainSet                                0x08003328   Section        0  slave.o(i.gainSet)
    gainSet                                  0x08003329   Thumb Code    36  slave.o(i.gainSet)
    i.gpio_get                               0x0800334c   Section        0  zf_gpio.o(i.gpio_get)
    i.gpio_init                              0x08003378   Section        0  zf_gpio.o(i.gpio_init)
    i.gpio_set                               0x08003440   Section        0  zf_gpio.o(i.gpio_set)
    i.infoGet                                0x0800349c   Section        0  slave.o(i.infoGet)
    infoGet                                  0x0800349d   Thumb Code    76  slave.o(i.infoGet)
    i.ips114_clear                           0x080034e8   Section        0  seekfree_ips114_spi.o(i.ips114_clear)
    i.ips114_init                            0x08003518   Section        0  seekfree_ips114_spi.o(i.ips114_init)
    i.ips114_set_region                      0x08003728   Section        0  seekfree_ips114_spi.o(i.ips114_set_region)
    ips114_set_region                        0x08003729   Thumb Code    70  seekfree_ips114_spi.o(i.ips114_set_region)
    i.ips114_showchar                        0x08003770   Section        0  seekfree_ips114_spi.o(i.ips114_showchar)
    i.ips114_showstr                         0x080037e4   Section        0  seekfree_ips114_spi.o(i.ips114_showstr)
    i.ips114_showuint8                       0x0800380c   Section        0  seekfree_ips114_spi.o(i.ips114_showuint8)
    i.ips114_writeData                       0x08003868   Section        0  seekfree_ips114_spi.o(i.ips114_writeData)
    ips114_writeData                         0x08003869   Thumb Code    70  seekfree_ips114_spi.o(i.ips114_writeData)
    i.ips114_writeIndex                      0x080038b4   Section        0  seekfree_ips114_spi.o(i.ips114_writeIndex)
    ips114_writeIndex                        0x080038b5   Thumb Code    70  seekfree_ips114_spi.o(i.ips114_writeIndex)
    i.ips114_writedata_16bit                 0x08003900   Section        0  seekfree_ips114_spi.o(i.ips114_writedata_16bit)
    ips114_writedata_16bit                   0x08003901   Thumb Code    80  seekfree_ips114_spi.o(i.ips114_writedata_16bit)
    i.main                                   0x08003954   Section        0  main.o(i.main)
    i.mt9v03x_dma                            0x080039a0   Section        0  seekfree_mt9v03x.o(i.mt9v03x_dma)
    i.mt9v03x_uart_callback                  0x080039c0   Section        0  seekfree_mt9v03x.o(i.mt9v03x_uart_callback)
    i.mt9v03x_vsync                          0x08003a14   Section        0  seekfree_mt9v03x.o(i.mt9v03x_vsync)
    i.ov7725_cof_uart_interrupt              0x08003a30   Section        0  seekfree_uart_7725.o(i.ov7725_cof_uart_interrupt)
    i.ov7725_dma                             0x08003a84   Section        0  seekfree_7725.o(i.ov7725_dma)
    i.ov7725_uart_dma                        0x08003aa4   Section        0  seekfree_uart_7725.o(i.ov7725_uart_dma)
    i.ov7725_uart_vsync                      0x08003ac4   Section        0  seekfree_uart_7725.o(i.ov7725_uart_vsync)
    i.ov7725_vsync                           0x08003ae0   Section        0  seekfree_7725.o(i.ov7725_vsync)
    i.parkTransform                          0x08003afc   Section        0  foc.o(i.parkTransform)
    parkTransform                            0x08003afd   Thumb Code   242  foc.o(i.parkTransform)
    i.positionPID                            0x08003bee   Section        0  foc.o(i.positionPID)
    i.pow                                    0x08003c6c   Section        0  pow.o(i.pow)
    i.pwm_duty_updata                        0x08004668   Section        0  zf_pwm.o(i.pwm_duty_updata)
    i.pwm_init                               0x08004710   Section        0  zf_pwm.o(i.pwm_init)
    i.pwm_pin_init                           0x08004988   Section        0  zf_pwm.o(i.pwm_pin_init)
    pwm_pin_init                             0x08004989   Thumb Code    24  zf_pwm.o(i.pwm_pin_init)
    i.readDrvRegister                        0x080049a0   Section        0  slave.o(i.readDrvRegister)
    readDrvRegister                          0x080049a1   Thumb Code   400  slave.o(i.readDrvRegister)
    i.readEncoder                            0x08004b38   Section        0  slave.o(i.readEncoder)
    readEncoder                              0x08004b39   Thumb Code   352  slave.o(i.readEncoder)
    i.reverseParkTransform                   0x08004cb0   Section        0  foc.o(i.reverseParkTransform)
    reverseParkTransform                     0x08004cb1   Thumb Code   246  foc.o(i.reverseParkTransform)
    i.sampling                               0x08004da8   Section        0  driver.o(i.sampling)
    sampling                                 0x08004da9   Thumb Code   172  driver.o(i.sampling)
    i.sin                                    0x08004e5c   Section        0  sin.o(i.sin)
    i.spi_init                               0x08004ef8   Section        0  zf_spi.o(i.spi_init)
    i.spi_mosi                               0x0800508c   Section        0  zf_spi.o(i.spi_mosi)
    i.spi_pin_init                           0x080050f0   Section        0  zf_spi.o(i.spi_pin_init)
    spi_pin_init                             0x080050f1   Thumb Code    96  zf_spi.o(i.spi_pin_init)
    i.sqrt                                   0x08005154   Section        0  sqrt.o(i.sqrt)
    i.systick_delay                          0x0800519c   Section        0  zf_systick.o(i.systick_delay)
    i.systick_delay_ms                       0x080051c4   Section        0  zf_systick.o(i.systick_delay_ms)
    i.tim_interrupt_init_ms                  0x080051ec   Section        0  zf_pit.o(i.tim_interrupt_init_ms)
    i.transform                              0x080052cc   Section        0  foc.o(i.transform)
    transform                                0x080052cd   Thumb Code   122  foc.o(i.transform)
    i.uart_getchar                           0x08005358   Section        0  zf_uart.o(i.uart_getchar)
    i.uart_init                              0x0800537c   Section        0  zf_uart.o(i.uart_init)
    i.uart_pin_init                          0x08005440   Section        0  zf_uart.o(i.uart_pin_init)
    uart_pin_init                            0x08005441   Thumb Code    44  zf_uart.o(i.uart_pin_init)
    i.writeDrvRegister                       0x0800546c   Section        0  slave.o(i.writeDrvRegister)
    writeDrvRegister                         0x0800546d   Thumb Code   408  slave.o(i.writeDrvRegister)
    .constdata                               0x0800560c   Section     7048  seekfree_font.o(.constdata)
    .constdata                               0x08007198   Section       80  acos.o(.constdata)
    pS                                       0x08007198   Data          48  acos.o(.constdata)
    qS                                       0x080071c8   Data          32  acos.o(.constdata)
    .constdata                               0x080071e8   Section       80  asin.o(.constdata)
    pS                                       0x080071e8   Data          48  asin.o(.constdata)
    qS                                       0x08007218   Data          32  asin.o(.constdata)
    .constdata                               0x08007238   Section      152  atan.o(.constdata)
    atanhi                                   0x08007238   Data          32  atan.o(.constdata)
    atanlo                                   0x08007258   Data          32  atan.o(.constdata)
    aTodd                                    0x08007278   Data          40  atan.o(.constdata)
    aTeven                                   0x080072a0   Data          48  atan.o(.constdata)
    .constdata                               0x080072d0   Section      136  pow.o(.constdata)
    bp                                       0x080072d0   Data          16  pow.o(.constdata)
    dp_h                                     0x080072e0   Data          16  pow.o(.constdata)
    dp_l                                     0x080072f0   Data          16  pow.o(.constdata)
    L                                        0x08007300   Data          48  pow.o(.constdata)
    P                                        0x08007330   Data          40  pow.o(.constdata)
    .constdata                               0x08007358   Section       48  cos_i.o(.constdata)
    C                                        0x08007358   Data          48  cos_i.o(.constdata)
    .constdata                               0x08007388   Section        8  qnan.o(.constdata)
    .constdata                               0x08007390   Section      200  rred.o(.constdata)
    pio2s                                    0x08007390   Data          48  rred.o(.constdata)
    twooverpi                                0x080073c0   Data         152  rred.o(.constdata)
    .constdata                               0x08007458   Section       40  sin_i.o(.constdata)
    S                                        0x08007458   Data          40  sin_i.o(.constdata)
    .data                                    0x20000000   Section        2  isr.o(.data)
    .data                                    0x20000004   Section      206  foc.o(.data)
    pos                                      0x200000d0   Data           2  foc.o(.data)
    .data                                    0x200000d4   Section       36  slave.o(.data)
    .data                                    0x200000f8   Section       80  driver.o(.data)
    .data                                    0x20000148   Section        8  common.o(.data)
    .data                                    0x20000150   Section       20  system_mm32spin2xx_p.o(.data)
    .data                                    0x20000164   Section       10  zf_adc.o(.data)
    .data                                    0x20000170   Section       16  zf_gpio.o(.data)
    .data                                    0x20000180   Section        8  zf_spi.o(.data)
    .data                                    0x20000188   Section       28  zf_tim.o(.data)
    .data                                    0x200001a4   Section       10  zf_uart.o(.data)
    .data                                    0x200001ae   Section        4  seekfree_7725.o(.data)
    ov7725_simiic_delay_time                 0x200001b0   Data           2  seekfree_7725.o(.data)
    .data                                    0x200001b2   Section       74  seekfree_mt9v03x.o(.data)
    receive                                  0x200001b3   Data           3  seekfree_mt9v03x.o(.data)
    receive_num                              0x200001b6   Data           1  seekfree_mt9v03x.o(.data)
    uart_receive_flag                        0x200001b7   Data           1  seekfree_mt9v03x.o(.data)
    .data                                    0x200001fc   Section       51  seekfree_uart_7725.o(.data)
    ov7725_uart_receive                      0x2000022a   Data           3  seekfree_uart_7725.o(.data)
    ov7725_uart_receive_num                  0x2000022d   Data           1  seekfree_uart_7725.o(.data)
    ov7725_uart_receive_flag                 0x2000022e   Data           1  seekfree_uart_7725.o(.data)
    .data                                    0x20000230   Section        4  errno.o(.data)
    _errno                                   0x20000230   Data           4  errno.o(.data)
    .bss                                     0x20000234   Section       44  foc.o(.bss)
    .bss                                     0x20000260   Section       28  zf_pwm.o(.bss)
    STACK                                    0x20000280   Section     1024  startup_mm32spin2xx_p_keil.o(STACK)

    Global Symbols

    Symbol Name                              Value     Ov Type        Size  Object(Section)

    BuildAttributes$$THM_ISAv3M$S$PE$A:L22$X:L11$S22$IEEE1$IW$USESV6$~STKCKD$USESV7$~SHL$OTIME$ROPI$IEEEX$EBA8$MICROLIB$REQ8$PRES8$EABIv2 0x00000000   Number         0  anon$$obj.o ABSOLUTE
    __ARM_use_no_argv                        0x00000000   Number         0  main.o ABSOLUTE
    __cpp_initialize__aeabi_                  - Undefined Weak Reference
    __cxa_finalize                            - Undefined Weak Reference
    _clock_init                               - Undefined Weak Reference
    _microlib_exit                            - Undefined Weak Reference
    __Vectors_Size                           0x000000c0   Number         0  startup_mm32spin2xx_p_keil.o ABSOLUTE
    __Vectors                                0x08000000   Data           4  startup_mm32spin2xx_p_keil.o(RESET)
    __Vectors_End                            0x080000c0   Data           0  startup_mm32spin2xx_p_keil.o(RESET)
    __main                                   0x080000c1   Thumb Code     0  entry.o(.ARM.Collect$$$$00000000)
    _main_stk                                0x080000c1   Thumb Code     0  entry2.o(.ARM.Collect$$$$00000001)
    _main_scatterload                        0x080000c5   Thumb Code     0  entry5.o(.ARM.Collect$$$$00000004)
    __main_after_scatterload                 0x080000c9   Thumb Code     0  entry5.o(.ARM.Collect$$$$00000004)
    _main_clock                              0x080000c9   Thumb Code     0  entry7b.o(.ARM.Collect$$$$00000008)
    _main_cpp_init                           0x080000c9   Thumb Code     0  entry8b.o(.ARM.Collect$$$$0000000A)
    _main_init                               0x080000c9   Thumb Code     0  entry9a.o(.ARM.Collect$$$$0000000B)
    __rt_final_cpp                           0x080000d1   Thumb Code     0  entry10a.o(.ARM.Collect$$$$0000000D)
    __rt_final_exit                          0x080000d1   Thumb Code     0  entry11a.o(.ARM.Collect$$$$0000000F)
    Reset_Handler                            0x080000d5   Thumb Code    62  startup_mm32spin2xx_p_keil.o(.text)
    SysTick_Handler                          0x0800011b   Thumb Code     2  startup_mm32spin2xx_p_keil.o(.text)
    ADC1_IRQHandler                          0x0800011d   Thumb Code     0  startup_mm32spin2xx_p_keil.o(.text)
    ADC2_IRQHandler                          0x0800011d   Thumb Code     0  startup_mm32spin2xx_p_keil.o(.text)
    COMP1_2_3_4_5_IRQHandler                 0x0800011d   Thumb Code     0  startup_mm32spin2xx_p_keil.o(.text)
    FLASH_IRQHandler                         0x0800011d   Thumb Code     0  startup_mm32spin2xx_p_keil.o(.text)
    HWDIV_IRQHandler                         0x0800011d   Thumb Code     0  startup_mm32spin2xx_p_keil.o(.text)
    I2C1_IRQHandler                          0x0800011d   Thumb Code     0  startup_mm32spin2xx_p_keil.o(.text)
    PVD_IRQHandler                           0x0800011d   Thumb Code     0  startup_mm32spin2xx_p_keil.o(.text)
    PWM_IRQHandler                           0x0800011d   Thumb Code     0  startup_mm32spin2xx_p_keil.o(.text)
    RCC_IRQHandler                           0x0800011d   Thumb Code     0  startup_mm32spin2xx_p_keil.o(.text)
    SPI1_IRQHandler                          0x0800011d   Thumb Code     0  startup_mm32spin2xx_p_keil.o(.text)
    SPI2_IRQHandler                          0x0800011d   Thumb Code     0  startup_mm32spin2xx_p_keil.o(.text)
    TIM1_CC_IRQHandler                       0x0800011d   Thumb Code     0  startup_mm32spin2xx_p_keil.o(.text)
    TIM8_CC_IRQHandler                       0x0800011d   Thumb Code     0  startup_mm32spin2xx_p_keil.o(.text)
    WWDG_IRQHandler                          0x0800011d   Thumb Code     0  startup_mm32spin2xx_p_keil.o(.text)
    __aeabi_uidiv                            0x08000159   Thumb Code     0  uidiv.o(.text)
    __aeabi_uidivmod                         0x08000159   Thumb Code    44  uidiv.o(.text)
    __aeabi_idiv                             0x08000185   Thumb Code     0  idiv.o(.text)
    __aeabi_idivmod                          0x08000185   Thumb Code    40  idiv.o(.text)
    __aeabi_uldivmod                         0x080001ad   Thumb Code    96  uldiv.o(.text)
    __aeabi_memset                           0x0800020d   Thumb Code    14  memseta.o(.text)
    __aeabi_memset4                          0x0800020d   Thumb Code     0  memseta.o(.text)
    __aeabi_memset8                          0x0800020d   Thumb Code     0  memseta.o(.text)
    __aeabi_memclr                           0x0800021b   Thumb Code     4  memseta.o(.text)
    __aeabi_memclr4                          0x0800021b   Thumb Code     0  memseta.o(.text)
    __aeabi_memclr8                          0x0800021b   Thumb Code     0  memseta.o(.text)
    _memset$wrapper                          0x0800021f   Thumb Code    18  memseta.o(.text)
    __aeabi_fadd                             0x08000231   Thumb Code   162  fadd.o(.text)
    __aeabi_fsub                             0x080002d3   Thumb Code     8  fadd.o(.text)
    __aeabi_frsub                            0x080002db   Thumb Code     8  fadd.o(.text)
    __aeabi_fmul                             0x080002e3   Thumb Code   122  fmul.o(.text)
    __aeabi_fdiv                             0x0800035d   Thumb Code   124  fdiv.o(.text)
    __aeabi_dadd                             0x080003d9   Thumb Code   328  dadd.o(.text)
    __aeabi_dsub                             0x08000521   Thumb Code    12  dadd.o(.text)
    __aeabi_drsub                            0x0800052d   Thumb Code    12  dadd.o(.text)
    __aeabi_dmul                             0x0800053d   Thumb Code   202  dmul.o(.text)
    __aeabi_i2f                              0x0800060d   Thumb Code    22  fflti.o(.text)
    __aeabi_ui2f                             0x08000623   Thumb Code    14  ffltui.o(.text)
    __aeabi_i2d                              0x08000631   Thumb Code    34  dflti.o(.text)
    __aeabi_f2iz                             0x08000659   Thumb Code    50  ffixi.o(.text)
    __aeabi_f2uiz                            0x0800068b   Thumb Code    40  ffixui.o(.text)
    __aeabi_d2iz                             0x080006b5   Thumb Code    62  dfixi.o(.text)
    __aeabi_f2d                              0x080006fd   Thumb Code    40  f2d.o(.text)
    __aeabi_cdcmpeq                          0x08000725   Thumb Code     0  cdcmple.o(.text)
    __aeabi_cdcmple                          0x08000725   Thumb Code    38  cdcmple.o(.text)
    __aeabi_cdrcmple                         0x0800074d   Thumb Code    38  cdrcmple.o(.text)
    __aeabi_d2f                              0x08000775   Thumb Code    56  d2f.o(.text)
    __aeabi_cfcmpeq                          0x080007ad   Thumb Code     0  cfcmple.o(.text)
    __aeabi_cfcmple                          0x080007ad   Thumb Code    20  cfcmple.o(.text)
    __aeabi_cfrcmple                         0x080007c1   Thumb Code    20  cfrcmple.o(.text)
    __aeabi_llsl                             0x080007d5   Thumb Code    32  llshl.o(.text)
    _ll_shift_l                              0x080007d5   Thumb Code     0  llshl.o(.text)
    __aeabi_llsr                             0x080007f5   Thumb Code    34  llushr.o(.text)
    _ll_ushift_r                             0x080007f5   Thumb Code     0  llushr.o(.text)
    __aeabi_lasr                             0x08000817   Thumb Code    38  llsshr.o(.text)
    _ll_sshift_r                             0x08000817   Thumb Code     0  llsshr.o(.text)
    __I$use$fp                               0x0800083d   Thumb Code     0  iusefp.o(.text)
    _float_round                             0x0800083d   Thumb Code    16  fepilogue.o(.text)
    _float_epilogue                          0x0800084d   Thumb Code   114  fepilogue.o(.text)
    _double_round                            0x080008bf   Thumb Code    26  depilogue.o(.text)
    _double_epilogue                         0x080008d9   Thumb Code   164  depilogue.o(.text)
    __aeabi_ddiv                             0x0800097d   Thumb Code   234  ddiv.o(.text)
    __ARM_scalbn                             0x08000a6d   Thumb Code    44  dscalb.o(.text)
    scalbn                                   0x08000a6d   Thumb Code     0  dscalb.o(.text)
    _dsqrt                                   0x08000a99   Thumb Code   162  dsqrt.o(.text)
    _drem                                    0x08000b3b   Thumb Code   130  drem.o(.text)
    __scatterload                            0x08000bbd   Thumb Code    28  init.o(.text)
    __scatterload_rt2                        0x08000bbd   Thumb Code     0  init.o(.text)
    __aeabi_ui2d                             0x08000be1   Thumb Code    24  dfltui.o(.text)
    __decompress                             0x08000bfd   Thumb Code     0  __dczerorl2.o(.text)
    __decompress1                            0x08000bfd   Thumb Code    86  __dczerorl2.o(.text)
    AutoCalPllFactor                         0x08000c53   Thumb Code   106  system_mm32spin2xx_p.o(i.AutoCalPllFactor)
    DMA1_Channel1_IRQHandler                 0x08000cbd   Thumb Code    20  isr.o(i.DMA1_Channel1_IRQHandler)
    DMA1_Channel2_3_IRQHandler               0x08000cd1   Thumb Code    38  isr.o(i.DMA1_Channel2_3_IRQHandler)
    DMA1_Channel4_5_IRQHandler               0x08000cf9   Thumb Code    80  isr.o(i.DMA1_Channel4_5_IRQHandler)
    DMA_ClearFlag                            0x08000d4d   Thumb Code     6  hal_dma.o(i.DMA_ClearFlag)
    DMA_GetFlagStatus                        0x08000d59   Thumb Code    20  hal_dma.o(i.DMA_GetFlagStatus)
    EXTI0_1_IRQHandler                       0x08000d71   Thumb Code    36  isr.o(i.EXTI0_1_IRQHandler)
    EXTI2_3_IRQHandler                       0x08000d95   Thumb Code    36  isr.o(i.EXTI2_3_IRQHandler)
    EXTI4_15_IRQHandler                      0x08000db9   Thumb Code   268  isr.o(i.EXTI4_15_IRQHandler)
    EXTI_ClearFlag                           0x08000ec9   Thumb Code     6  hal_exti.o(i.EXTI_ClearFlag)
    EXTI_GetITStatus                         0x08000ed5   Thumb Code    30  hal_exti.o(i.EXTI_GetITStatus)
    HardFault_Handler                        0x08000ef9   Thumb Code     4  common.o(i.HardFault_Handler)
    NMI_Handler                              0x08000efd   Thumb Code     4  common.o(i.NMI_Handler)
    NVIC_Init                                0x08000f01   Thumb Code   100  hal_misc.o(i.NVIC_Init)
    PendSV_Handler                           0x08000f69   Thumb Code     4  common.o(i.PendSV_Handler)
    SVC_Handler                              0x08000fd5   Thumb Code     4  common.o(i.SVC_Handler)
    SystemInit                               0x08001145   Thumb Code    90  system_mm32spin2xx_p.o(i.SystemInit)
    TIM14_IRQHandler                         0x080011b1   Thumb Code    14  isr.o(i.TIM14_IRQHandler)
    TIM16_IRQHandler                         0x080011c5   Thumb Code    14  isr.o(i.TIM16_IRQHandler)
    TIM17_IRQHandler                         0x080011d9   Thumb Code    14  isr.o(i.TIM17_IRQHandler)
    TIM1_BRK_UP_TRG_COM_IRQHandler           0x080011ed   Thumb Code    14  isr.o(i.TIM1_BRK_UP_TRG_COM_IRQHandler)
    TIM2_IRQHandler                          0x08001201   Thumb Code    32  isr.o(i.TIM2_IRQHandler)
    TIM3_IRQHandler                          0x08001225   Thumb Code    14  isr.o(i.TIM3_IRQHandler)
    TIM8_BRK_UP_TRG_COM_IRQHandler           0x08001239   Thumb Code    14  isr.o(i.TIM8_BRK_UP_TRG_COM_IRQHandler)
    UART1_IRQHandler                         0x0800124d   Thumb Code    96  isr.o(i.UART1_IRQHandler)
    UART2_IRQHandler                         0x080012b9   Thumb Code    82  isr.o(i.UART2_IRQHandler)
    __ARM_clz                                0x08001315   Thumb Code    46  depilogue.o(i.__ARM_clz)
    __ARM_common_ll_muluu                    0x08001343   Thumb Code    48  slave.o(i.__ARM_common_ll_muluu)
    __ARM_fpclassify                         0x08001375   Thumb Code    40  fpclassify.o(i.__ARM_fpclassify)
    __ieee754_rem_pio2                       0x080013a1   Thumb Code   838  rred.o(i.__ieee754_rem_pio2)
    __kernel_cos                             0x0800173d   Thumb Code   224  cos_i.o(i.__kernel_cos)
    __kernel_poly                            0x08001831   Thumb Code   172  poly.o(i.__kernel_poly)
    __kernel_sin                             0x080018dd   Thumb Code   222  sin_i.o(i.__kernel_sin)
    __mathlib_dbl_divzero                    0x080019c9   Thumb Code    16  dunder.o(i.__mathlib_dbl_divzero)
    __mathlib_dbl_infnan                     0x080019dd   Thumb Code    10  dunder.o(i.__mathlib_dbl_infnan)
    __mathlib_dbl_infnan2                    0x080019e7   Thumb Code     8  dunder.o(i.__mathlib_dbl_infnan2)
    __mathlib_dbl_invalid                    0x080019ef   Thumb Code    16  dunder.o(i.__mathlib_dbl_invalid)
    __mathlib_dbl_overflow                   0x08001a01   Thumb Code    16  dunder.o(i.__mathlib_dbl_overflow)
    __mathlib_dbl_underflow                  0x08001a15   Thumb Code    14  dunder.o(i.__mathlib_dbl_underflow)
    __scatterload_copy                       0x08001a29   Thumb Code    14  handlers.o(i.__scatterload_copy)
    __scatterload_null                       0x08001a37   Thumb Code     2  handlers.o(i.__scatterload_null)
    __scatterload_zeroinit                   0x08001a39   Thumb Code    14  handlers.o(i.__scatterload_zeroinit)
    __set_errno                              0x08001a49   Thumb Code     6  errno.o(i.__set_errno)
    acos                                     0x08001a55   Thumb Code   556  acos.o(i.acos)
    adc_convert                              0x08001cbd   Thumb Code   100  zf_adc.o(i.adc_convert)
    adc_init                                 0x08001d29   Thumb Code   156  zf_adc.o(i.adc_init)
    afio_init                                0x08001ded   Thumb Code   206  zf_gpio.o(i.afio_init)
    asin                                     0x0800208d   Thumb Code   574  asin.o(i.asin)
    atan                                     0x08002301   Thumb Code   472  atan.o(i.atan)
    augmentedPID                             0x0800251d   Thumb Code   228  foc.o(i.augmentedPID)
    board_init                               0x08002601   Thumb Code    26  board.o(i.board_init)
    cos                                      0x08002e3d   Thumb Code   142  cos.o(i.cos)
    fmod                                     0x0800316d   Thumb Code   144  fmod.o(i.fmod)
    gpio_get                                 0x0800334d   Thumb Code    38  zf_gpio.o(i.gpio_get)
    gpio_init                                0x08003379   Thumb Code   190  zf_gpio.o(i.gpio_init)
    gpio_set                                 0x08003441   Thumb Code    86  zf_gpio.o(i.gpio_set)
    ips114_clear                             0x080034e9   Thumb Code    48  seekfree_ips114_spi.o(i.ips114_clear)
    ips114_init                              0x08003519   Thumb Code   506  seekfree_ips114_spi.o(i.ips114_init)
    ips114_showchar                          0x08003771   Thumb Code   106  seekfree_ips114_spi.o(i.ips114_showchar)
    ips114_showstr                           0x080037e5   Thumb Code    40  seekfree_ips114_spi.o(i.ips114_showstr)
    ips114_showuint8                         0x0800380d   Thumb Code    90  seekfree_ips114_spi.o(i.ips114_showuint8)
    main                                     0x08003955   Thumb Code    60  main.o(i.main)
    mt9v03x_dma                              0x080039a1   Thumb Code    20  seekfree_mt9v03x.o(i.mt9v03x_dma)
    mt9v03x_uart_callback                    0x080039c1   Thumb Code    66  seekfree_mt9v03x.o(i.mt9v03x_uart_callback)
    mt9v03x_vsync                            0x08003a15   Thumb Code    20  seekfree_mt9v03x.o(i.mt9v03x_vsync)
    ov7725_cof_uart_interrupt                0x08003a31   Thumb Code    66  seekfree_uart_7725.o(i.ov7725_cof_uart_interrupt)
    ov7725_dma                               0x08003a85   Thumb Code    20  seekfree_7725.o(i.ov7725_dma)
    ov7725_uart_dma                          0x08003aa5   Thumb Code    20  seekfree_uart_7725.o(i.ov7725_uart_dma)
    ov7725_uart_vsync                        0x08003ac5   Thumb Code    22  seekfree_uart_7725.o(i.ov7725_uart_vsync)
    ov7725_vsync                             0x08003ae1   Thumb Code    22  seekfree_7725.o(i.ov7725_vsync)
    positionPID                              0x08003bef   Thumb Code   126  foc.o(i.positionPID)
    pow                                      0x08003c6d   Thumb Code  2548  pow.o(i.pow)
    pwm_duty_updata                          0x08004669   Thumb Code   154  zf_pwm.o(i.pwm_duty_updata)
    pwm_init                                 0x08004711   Thumb Code   608  zf_pwm.o(i.pwm_init)
    sin                                      0x08004e5d   Thumb Code   146  sin.o(i.sin)
    spi_init                                 0x08004ef9   Thumb Code   390  zf_spi.o(i.spi_init)
    spi_mosi                                 0x0800508d   Thumb Code    96  zf_spi.o(i.spi_mosi)
    sqrt                                     0x08005155   Thumb Code    66  sqrt.o(i.sqrt)
    systick_delay                            0x0800519d   Thumb Code    36  zf_systick.o(i.systick_delay)
    systick_delay_ms                         0x080051c5   Thumb Code    34  zf_systick.o(i.systick_delay_ms)
    tim_interrupt_init_ms                    0x080051ed   Thumb Code   198  zf_pit.o(i.tim_interrupt_init_ms)
    uart_getchar                             0x08005359   Thumb Code    30  zf_uart.o(i.uart_getchar)
    uart_init                                0x0800537d   Thumb Code   180  zf_uart.o(i.uart_init)
    tft_ascii                                0x0800560c   Data        1520  seekfree_font.o(.constdata)
    gImage_qq                                0x08005bfc   Data        3200  seekfree_font.o(.constdata)
    chinese_test                             0x0800687c   Data         128  seekfree_font.o(.constdata)
    oled_6x8                                 0x080068fc   Data         552  seekfree_font.o(.constdata)
    oled_8x16                                0x08006b24   Data        1520  seekfree_font.o(.constdata)
    oled_16x16_chinese                       0x08007114   Data         128  seekfree_font.o(.constdata)
    __mathlib_zero                           0x08007388   Data           8  qnan.o(.constdata)
    Region$$Table$$Base                      0x08007480   Number         0  anon$$obj.o(Region$$Table)
    Region$$Table$$Limit                     0x080074a0   Number         0  anon$$obj.o(Region$$Table)
    count                                    0x20000000   Data           1  isr.o(.data)
    dat                                      0x20000001   Data           1  isr.o(.data)
    pi                                       0x20000004   Data           4  foc.o(.data)
    angle2Radian                             0x20000008   Data           4  foc.o(.data)
    radian2Angle                             0x2000000c   Data           4  foc.o(.data)
    valueOfSin                               0x20000010   Data           4  foc.o(.data)
    sqrtof3                                  0x20000014   Data           4  foc.o(.data)
    foc                                      0x20000018   Data          96  foc.o(.data)
    magnetPosition                           0x20000078   Data          44  foc.o(.data)
    currentLoopQ                             0x200000a4   Data          44  foc.o(.data)
    encoder                                  0x200000d4   Data          16  slave.o(.data)
    drv                                      0x200000e4   Data           8  slave.o(.data)
    spiDevice                                0x200000ec   Data          12  slave.o(.data)
    clockwiseRotate                          0x200000f8   Data           7  driver.o(.data)
    anticlockwiseRotate                      0x200000ff   Data           6  driver.o(.data)
    gainValue                                0x20000105   Data           4  driver.o(.data)
    sensor                                   0x2000010c   Data          40  driver.o(.data)
    motor                                    0x20000134   Data           4  driver.o(.data)
    driver                                   0x20000138   Data          16  driver.o(.data)
    camera_type                              0x20000148   Data           1  common.o(.data)
    camera_buffer_addr                       0x2000014c   Data           4  common.o(.data)
    SystemCoreClock                          0x20000150   Data           4  system_mm32spin2xx_p.o(.data)
    AHBPrescTable                            0x20000154   Data          16  system_mm32spin2xx_p.o(.data)
    adc_index                                0x20000164   Data           8  zf_adc.o(.data)
    adc_resolution                           0x2000016c   Data           2  zf_adc.o(.data)
    gpio_group                               0x20000170   Data          16  zf_gpio.o(.data)
    spi_index                                0x20000180   Data           8  zf_spi.o(.data)
    tim_index                                0x20000188   Data          28  zf_tim.o(.data)
    uart_index                               0x200001a4   Data           8  zf_uart.o(.data)
    uart_irq                                 0x200001ac   Data           2  zf_uart.o(.data)
    ov7725_finish_flag                       0x200001ae   Data           1  seekfree_7725.o(.data)
    mt9v03x_finish_flag                      0x200001b2   Data           1  seekfree_mt9v03x.o(.data)
    MT9V03X_CFG                              0x200001b8   Data          36  seekfree_mt9v03x.o(.data)
    GET_CFG                                  0x200001dc   Data          32  seekfree_mt9v03x.o(.data)
    ov7725_uart_finish_flag                  0x200001fc   Data           1  seekfree_uart_7725.o(.data)
    OV7725_CFG                               0x200001fe   Data          24  seekfree_uart_7725.o(.data)
    OV7725_GET_CFG                           0x20000216   Data          20  seekfree_uart_7725.o(.data)
    currentLoopD                             0x20000234   Data          44  foc.o(.bss)
    pwm_enable_state                         0x20000260   Data          28  zf_pwm.o(.bss)
    __initial_sp                             0x20000680   Data           0  startup_mm32spin2xx_p_keil.o(STACK)



==============================================================================

Memory Map of the image

  Image Entry point : 0x080000c1

  Load Region LR_IROM1 (Base: 0x08000000, Size: 0x000076d4, Max: 0x00020000, ABSOLUTE, COMPRESSED[0x0000758c])

    Execution Region ER_IROM1 (Exec base: 0x08000000, Load base: 0x08000000, Size: 0x000074a0, Max: 0x00020000, ABSOLUTE)

    Exec Addr    Load Addr    Size         Type   Attr      Idx    E Section Name        Object

    0x08000000   0x08000000   0x000000c0   Data   RO          918    RESET               startup_mm32spin2xx_p_keil.o
    0x080000c0   0x080000c0   0x00000000   Code   RO         5573  * .ARM.Collect$$$$00000000  mc_p.l(entry.o)
    0x080000c0   0x080000c0   0x00000004   Code   RO         5655    .ARM.Collect$$$$00000001  mc_p.l(entry2.o)
    0x080000c4   0x080000c4   0x00000004   Code   RO         5658    .ARM.Collect$$$$00000004  mc_p.l(entry5.o)
    0x080000c8   0x080000c8   0x00000000   Code   RO         5660    .ARM.Collect$$$$00000008  mc_p.l(entry7b.o)
    0x080000c8   0x080000c8   0x00000000   Code   RO         5662    .ARM.Collect$$$$0000000A  mc_p.l(entry8b.o)
    0x080000c8   0x080000c8   0x00000008   Code   RO         5663    .ARM.Collect$$$$0000000B  mc_p.l(entry9a.o)
    0x080000d0   0x080000d0   0x00000000   Code   RO         5665    .ARM.Collect$$$$0000000D  mc_p.l(entry10a.o)
    0x080000d0   0x080000d0   0x00000000   Code   RO         5667    .ARM.Collect$$$$0000000F  mc_p.l(entry11a.o)
    0x080000d0   0x080000d0   0x00000004   Code   RO         5656    .ARM.Collect$$$$00002712  mc_p.l(entry2.o)
    0x080000d4   0x080000d4   0x00000084   Code   RO          919    .text               startup_mm32spin2xx_p_keil.o
    0x08000158   0x08000158   0x0000002c   Code   RO         5576    .text               mc_p.l(uidiv.o)
    0x08000184   0x08000184   0x00000028   Code   RO         5578    .text               mc_p.l(idiv.o)
    0x080001ac   0x080001ac   0x00000060   Code   RO         5580    .text               mc_p.l(uldiv.o)
    0x0800020c   0x0800020c   0x00000024   Code   RO         5584    .text               mc_p.l(memseta.o)
    0x08000230   0x08000230   0x000000b2   Code   RO         5588    .text               mf_p.l(fadd.o)
    0x080002e2   0x080002e2   0x0000007a   Code   RO         5590    .text               mf_p.l(fmul.o)
    0x0800035c   0x0800035c   0x0000007c   Code   RO         5592    .text               mf_p.l(fdiv.o)
    0x080003d8   0x080003d8   0x00000164   Code   RO         5594    .text               mf_p.l(dadd.o)
    0x0800053c   0x0800053c   0x000000d0   Code   RO         5596    .text               mf_p.l(dmul.o)
    0x0800060c   0x0800060c   0x00000016   Code   RO         5598    .text               mf_p.l(fflti.o)
    0x08000622   0x08000622   0x0000000e   Code   RO         5600    .text               mf_p.l(ffltui.o)
    0x08000630   0x08000630   0x00000028   Code   RO         5602    .text               mf_p.l(dflti.o)
    0x08000658   0x08000658   0x00000032   Code   RO         5604    .text               mf_p.l(ffixi.o)
    0x0800068a   0x0800068a   0x00000028   Code   RO         5606    .text               mf_p.l(ffixui.o)
    0x080006b2   0x080006b2   0x00000002   PAD
    0x080006b4   0x080006b4   0x00000048   Code   RO         5608    .text               mf_p.l(dfixi.o)
    0x080006fc   0x080006fc   0x00000028   Code   RO         5610    .text               mf_p.l(f2d.o)
    0x08000724   0x08000724   0x00000028   Code   RO         5612    .text               mf_p.l(cdcmple.o)
    0x0800074c   0x0800074c   0x00000028   Code   RO         5614    .text               mf_p.l(cdrcmple.o)
    0x08000774   0x08000774   0x00000038   Code   RO         5616    .text               mf_p.l(d2f.o)
    0x080007ac   0x080007ac   0x00000014   Code   RO         5618    .text               mf_p.l(cfcmple.o)
    0x080007c0   0x080007c0   0x00000014   Code   RO         5620    .text               mf_p.l(cfrcmple.o)
    0x080007d4   0x080007d4   0x00000020   Code   RO         5669    .text               mc_p.l(llshl.o)
    0x080007f4   0x080007f4   0x00000022   Code   RO         5671    .text               mc_p.l(llushr.o)
    0x08000816   0x08000816   0x00000026   Code   RO         5673    .text               mc_p.l(llsshr.o)
    0x0800083c   0x0800083c   0x00000000   Code   RO         5682    .text               mc_p.l(iusefp.o)
    0x0800083c   0x0800083c   0x00000082   Code   RO         5683    .text               mf_p.l(fepilogue.o)
    0x080008be   0x080008be   0x000000be   Code   RO         5685    .text               mf_p.l(depilogue.o)
    0x0800097c   0x0800097c   0x000000f0   Code   RO         5689    .text               mf_p.l(ddiv.o)
    0x08000a6c   0x08000a6c   0x0000002c   Code   RO         5691    .text               mf_p.l(dscalb.o)
    0x08000a98   0x08000a98   0x000000a2   Code   RO         5693    .text               mf_p.l(dsqrt.o)
    0x08000b3a   0x08000b3a   0x00000082   Code   RO         5695    .text               mf_p.l(drem.o)
    0x08000bbc   0x08000bbc   0x00000024   Code   RO         5697    .text               mc_p.l(init.o)
    0x08000be0   0x08000be0   0x0000001c   Code   RO         5699    .text               mf_p.l(dfltui.o)
    0x08000bfc   0x08000bfc   0x00000056   Code   RO         5709    .text               mc_p.l(__dczerorl2.o)
    0x08000c52   0x08000c52   0x0000006a   Code   RO          834    i.AutoCalPllFactor  system_mm32spin2xx_p.o
    0x08000cbc   0x08000cbc   0x00000014   Code   RO            3    i.DMA1_Channel1_IRQHandler  isr.o
    0x08000cd0   0x08000cd0   0x00000026   Code   RO            4    i.DMA1_Channel2_3_IRQHandler  isr.o
    0x08000cf6   0x08000cf6   0x00000002   PAD
    0x08000cf8   0x08000cf8   0x00000054   Code   RO            5    i.DMA1_Channel4_5_IRQHandler  isr.o
    0x08000d4c   0x08000d4c   0x0000000c   Code   RO         3197    i.DMA_ClearFlag     hal_dma.o
    0x08000d58   0x08000d58   0x00000018   Code   RO         3202    i.DMA_GetFlagStatus  hal_dma.o
    0x08000d70   0x08000d70   0x00000024   Code   RO            6    i.EXTI0_1_IRQHandler  isr.o
    0x08000d94   0x08000d94   0x00000024   Code   RO            7    i.EXTI2_3_IRQHandler  isr.o
    0x08000db8   0x08000db8   0x00000110   Code   RO            8    i.EXTI4_15_IRQHandler  isr.o
    0x08000ec8   0x08000ec8   0x0000000c   Code   RO         3298    i.EXTI_ClearFlag    hal_exti.o
    0x08000ed4   0x08000ed4   0x00000024   Code   RO         3303    i.EXTI_GetITStatus  hal_exti.o
    0x08000ef8   0x08000ef8   0x00000004   Code   RO          660    i.HardFault_Handler  common.o
    0x08000efc   0x08000efc   0x00000004   Code   RO          662    i.NMI_Handler       common.o
    0x08000f00   0x08000f00   0x00000068   Code   RO         3974    i.NVIC_Init         hal_misc.o
    0x08000f68   0x08000f68   0x00000004   Code   RO          663    i.PendSV_Handler    common.o
    0x08000f6c   0x08000f6c   0x00000068   Code   RO          483    i.SPIInit           slave.o
    0x08000fd4   0x08000fd4   0x00000004   Code   RO          664    i.SVC_Handler       common.o
    0x08000fd8   0x08000fd8   0x00000008   Code   RO          835    i.SetSysClock       system_mm32spin2xx_p.o
    0x08000fe0   0x08000fe0   0x00000164   Code   RO          836    i.SetSysClockToXX   system_mm32spin2xx_p.o
    0x08001144   0x08001144   0x0000006c   Code   RO          837    i.SystemInit        system_mm32spin2xx_p.o
    0x080011b0   0x080011b0   0x00000014   Code   RO            9    i.TIM14_IRQHandler  isr.o
    0x080011c4   0x080011c4   0x00000014   Code   RO           10    i.TIM16_IRQHandler  isr.o
    0x080011d8   0x080011d8   0x00000014   Code   RO           11    i.TIM17_IRQHandler  isr.o
    0x080011ec   0x080011ec   0x00000014   Code   RO           12    i.TIM1_BRK_UP_TRG_COM_IRQHandler  isr.o
    0x08001200   0x08001200   0x00000024   Code   RO           13    i.TIM2_IRQHandler   isr.o
    0x08001224   0x08001224   0x00000014   Code   RO           14    i.TIM3_IRQHandler   isr.o
    0x08001238   0x08001238   0x00000014   Code   RO           15    i.TIM8_BRK_UP_TRG_COM_IRQHandler  isr.o
    0x0800124c   0x0800124c   0x0000006c   Code   RO           16    i.UART1_IRQHandler  isr.o
    0x080012b8   0x080012b8   0x0000005c   Code   RO           17    i.UART2_IRQHandler  isr.o
    0x08001314   0x08001314   0x0000002e   Code   RO         5687    i.__ARM_clz         mf_p.l(depilogue.o)
    0x08001342   0x08001342   0x00000030   Code   RO          525    i.__ARM_common_ll_muluu  slave.o
    0x08001372   0x08001372   0x00000002   PAD
    0x08001374   0x08001374   0x0000002c   Code   RO         5639    i.__ARM_fpclassify  m_ps.l(fpclassify.o)
    0x080013a0   0x080013a0   0x0000039c   Code   RO         5644    i.__ieee754_rem_pio2  m_ps.l(rred.o)
    0x0800173c   0x0800173c   0x000000f4   Code   RO         5622    i.__kernel_cos      m_ps.l(cos_i.o)
    0x08001830   0x08001830   0x000000ac   Code   RO         5641    i.__kernel_poly     m_ps.l(poly.o)
    0x080018dc   0x080018dc   0x000000ec   Code   RO         5649    i.__kernel_sin      m_ps.l(sin_i.o)
    0x080019c8   0x080019c8   0x00000014   Code   RO         5625    i.__mathlib_dbl_divzero  m_ps.l(dunder.o)
    0x080019dc   0x080019dc   0x0000000a   Code   RO         5626    i.__mathlib_dbl_infnan  m_ps.l(dunder.o)
    0x080019e6   0x080019e6   0x00000008   Code   RO         5627    i.__mathlib_dbl_infnan2  m_ps.l(dunder.o)
    0x080019ee   0x080019ee   0x00000010   Code   RO         5628    i.__mathlib_dbl_invalid  m_ps.l(dunder.o)
    0x080019fe   0x080019fe   0x00000002   PAD
    0x08001a00   0x08001a00   0x00000014   Code   RO         5629    i.__mathlib_dbl_overflow  m_ps.l(dunder.o)
    0x08001a14   0x08001a14   0x00000014   Code   RO         5631    i.__mathlib_dbl_underflow  m_ps.l(dunder.o)
    0x08001a28   0x08001a28   0x0000000e   Code   RO         5703    i.__scatterload_copy  mc_p.l(handlers.o)
    0x08001a36   0x08001a36   0x00000002   Code   RO         5704    i.__scatterload_null  mc_p.l(handlers.o)
    0x08001a38   0x08001a38   0x0000000e   Code   RO         5705    i.__scatterload_zeroinit  mc_p.l(handlers.o)
    0x08001a46   0x08001a46   0x00000002   PAD
    0x08001a48   0x08001a48   0x0000000c   Code   RO         5677    i.__set_errno       mc_p.l(errno.o)
    0x08001a54   0x08001a54   0x00000268   Code   RO         5502    i.acos              m_ps.l(acos.o)
    0x08001cbc   0x08001cbc   0x0000006c   Code   RO          925    i.adc_convert       zf_adc.o
    0x08001d28   0x08001d28   0x000000a8   Code   RO          926    i.adc_init          zf_adc.o
    0x08001dd0   0x08001dd0   0x0000001a   Code   RO          928    i.adc_pin_init      zf_adc.o
    0x08001dea   0x08001dea   0x00000002   PAD
    0x08001dec   0x08001dec   0x000000d8   Code   RO         1126    i.afio_init         zf_gpio.o
    0x08001ec4   0x08001ec4   0x000001c8   Code   RO          403    i.angleCalculate    foc.o
    0x0800208c   0x0800208c   0x00000274   Code   RO         5512    i.asin              m_ps.l(asin.o)
    0x08002300   0x08002300   0x0000021c   Code   RO         5522    i.atan              m_ps.l(atan.o)
    0x0800251c   0x0800251c   0x000000e4   Code   RO          404    i.augmentedPID      foc.o
    0x08002600   0x08002600   0x0000001a   Code   RO          575    i.board_init        board.o
    0x0800261a   0x0800261a   0x00000002   PAD
    0x0800261c   0x0800261c   0x000007d0   Code   RO          405    i.calculateSVPWM    foc.o
    0x08002dec   0x08002dec   0x00000050   Code   RO          406    i.clarkTransform    foc.o
    0x08002e3c   0x08002e3c   0x00000098   Code   RO         5532    i.cos               m_ps.l(cos.o)
    0x08002ed4   0x08002ed4   0x00000174   Code   RO          535    i.cycleRotate       driver.o
    0x08003048   0x08003048   0x00000048   Code   RO          536    i.dcOffsetCalibration  driver.o
    0x08003090   0x08003090   0x000000dc   Code   RO          537    i.driverInit        driver.o
    0x0800316c   0x0800316c   0x00000094   Code   RO         5540    i.fmod              m_ps.l(fmod.o)
    0x08003200   0x08003200   0x00000128   Code   RO          407    i.focInit           foc.o
    0x08003328   0x08003328   0x00000024   Code   RO          484    i.gainSet           slave.o
    0x0800334c   0x0800334c   0x0000002c   Code   RO         1128    i.gpio_get          zf_gpio.o
    0x08003378   0x08003378   0x000000c8   Code   RO         1129    i.gpio_init         zf_gpio.o
    0x08003440   0x08003440   0x0000005c   Code   RO         1130    i.gpio_set          zf_gpio.o
    0x0800349c   0x0800349c   0x0000004c   Code   RO          485    i.infoGet           slave.o
    0x080034e8   0x080034e8   0x00000030   Code   RO         2085    i.ips114_clear      seekfree_ips114_spi.o
    0x08003518   0x08003518   0x00000210   Code   RO         2094    i.ips114_init       seekfree_ips114_spi.o
    0x08003728   0x08003728   0x00000046   Code   RO         2095    i.ips114_set_region  seekfree_ips114_spi.o
    0x0800376e   0x0800376e   0x00000002   PAD
    0x08003770   0x08003770   0x00000074   Code   RO         2096    i.ips114_showchar   seekfree_ips114_spi.o
    0x080037e4   0x080037e4   0x00000028   Code   RO         2101    i.ips114_showstr    seekfree_ips114_spi.o
    0x0800380c   0x0800380c   0x0000005a   Code   RO         2103    i.ips114_showuint8  seekfree_ips114_spi.o
    0x08003866   0x08003866   0x00000002   PAD
    0x08003868   0x08003868   0x0000004c   Code   RO         2104    i.ips114_writeData  seekfree_ips114_spi.o
    0x080038b4   0x080038b4   0x0000004c   Code   RO         2105    i.ips114_writeIndex  seekfree_ips114_spi.o
    0x08003900   0x08003900   0x00000054   Code   RO         2106    i.ips114_writedata_16bit  seekfree_ips114_spi.o
    0x08003954   0x08003954   0x0000004c   Code   RO          376    i.main              main.o
    0x080039a0   0x080039a0   0x00000020   Code   RO         2349    i.mt9v03x_dma       seekfree_mt9v03x.o
    0x080039c0   0x080039c0   0x00000054   Code   RO         2354    i.mt9v03x_uart_callback  seekfree_mt9v03x.o
    0x08003a14   0x08003a14   0x0000001c   Code   RO         2355    i.mt9v03x_vsync     seekfree_mt9v03x.o
    0x08003a30   0x08003a30   0x00000054   Code   RO         2601    i.ov7725_cof_uart_interrupt  seekfree_uart_7725.o
    0x08003a84   0x08003a84   0x00000020   Code   RO         1682    i.ov7725_dma        seekfree_7725.o
    0x08003aa4   0x08003aa4   0x00000020   Code   RO         2605    i.ov7725_uart_dma   seekfree_uart_7725.o
    0x08003ac4   0x08003ac4   0x0000001c   Code   RO         2611    i.ov7725_uart_vsync  seekfree_uart_7725.o
    0x08003ae0   0x08003ae0   0x0000001c   Code   RO         1695    i.ov7725_vsync      seekfree_7725.o
    0x08003afc   0x08003afc   0x000000f2   Code   RO          408    i.parkTransform     foc.o
    0x08003bee   0x08003bee   0x0000007e   Code   RO          409    i.positionPID       foc.o
    0x08003c6c   0x08003c6c   0x000009fc   Code   RO         5548    i.pow               m_ps.l(pow.o)
    0x08004668   0x08004668   0x000000a8   Code   RO         1230    i.pwm_duty_updata   zf_pwm.o
    0x08004710   0x08004710   0x00000278   Code   RO         1232    i.pwm_init          zf_pwm.o
    0x08004988   0x08004988   0x00000018   Code   RO         1234    i.pwm_pin_init      zf_pwm.o
    0x080049a0   0x080049a0   0x00000198   Code   RO          486    i.readDrvRegister   slave.o
    0x08004b38   0x08004b38   0x00000178   Code   RO          487    i.readEncoder       slave.o
    0x08004cb0   0x08004cb0   0x000000f6   Code   RO          410    i.reverseParkTransform  foc.o
    0x08004da6   0x08004da6   0x00000002   PAD
    0x08004da8   0x08004da8   0x000000b4   Code   RO          538    i.sampling          driver.o
    0x08004e5c   0x08004e5c   0x0000009c   Code   RO         5558    i.sin               m_ps.l(sin.o)
    0x08004ef8   0x08004ef8   0x00000194   Code   RO         1281    i.spi_init          zf_spi.o
    0x0800508c   0x0800508c   0x00000064   Code   RO         1282    i.spi_mosi          zf_spi.o
    0x080050f0   0x080050f0   0x00000064   Code   RO         1283    i.spi_pin_init      zf_spi.o
    0x08005154   0x08005154   0x00000048   Code   RO         5566    i.sqrt              m_ps.l(sqrt.o)
    0x0800519c   0x0800519c   0x00000028   Code   RO         1322    i.systick_delay     zf_systick.o
    0x080051c4   0x080051c4   0x00000028   Code   RO         1323    i.systick_delay_ms  zf_systick.o
    0x080051ec   0x080051ec   0x000000e0   Code   RO         1185    i.tim_interrupt_init_ms  zf_pit.o
    0x080052cc   0x080052cc   0x0000008c   Code   RO          412    i.transform         foc.o
    0x08005358   0x08005358   0x00000024   Code   RO         1443    i.uart_getchar      zf_uart.o
    0x0800537c   0x0800537c   0x000000c4   Code   RO         1444    i.uart_init         zf_uart.o
    0x08005440   0x08005440   0x0000002c   Code   RO         1445    i.uart_pin_init     zf_uart.o
    0x0800546c   0x0800546c   0x000001a0   Code   RO          488    i.writeDrvRegister  slave.o
    0x0800560c   0x0800560c   0x00001b88   Data   RO         1908    .constdata          seekfree_font.o
    0x08007194   0x08007194   0x00000004   PAD
    0x08007198   0x08007198   0x00000050   Data   RO         5503    .constdata          m_ps.l(acos.o)
    0x080071e8   0x080071e8   0x00000050   Data   RO         5513    .constdata          m_ps.l(asin.o)
    0x08007238   0x08007238   0x00000098   Data   RO         5523    .constdata          m_ps.l(atan.o)
    0x080072d0   0x080072d0   0x00000088   Data   RO         5549    .constdata          m_ps.l(pow.o)
    0x08007358   0x08007358   0x00000030   Data   RO         5623    .constdata          m_ps.l(cos_i.o)
    0x08007388   0x08007388   0x00000008   Data   RO         5643    .constdata          m_ps.l(qnan.o)
    0x08007390   0x08007390   0x000000c8   Data   RO         5646    .constdata          m_ps.l(rred.o)
    0x08007458   0x08007458   0x00000028   Data   RO         5650    .constdata          m_ps.l(sin_i.o)
    0x08007480   0x08007480   0x00000020   Data   RO         5701    Region$$Table       anon$$obj.o


    Execution Region RW_IRAM1 (Exec base: 0x20000000, Load base: 0x080074a0, Size: 0x00000680, Max: 0x00003000, ABSOLUTE, COMPRESSED[0x000000ec])

    Exec Addr    Load Addr    Size         Type   Attr      Idx    E Section Name        Object

    0x20000000   COMPRESSED   0x00000002   Data   RW           18    .data               isr.o
    0x20000002   COMPRESSED   0x00000002   PAD
    0x20000004   COMPRESSED   0x000000ce   Data   RW          414    .data               foc.o
    0x200000d2   COMPRESSED   0x00000002   PAD
    0x200000d4   COMPRESSED   0x00000024   Data   RW          489    .data               slave.o
    0x200000f8   COMPRESSED   0x00000050   Data   RW          539    .data               driver.o
    0x20000148   COMPRESSED   0x00000008   Data   RW          669    .data               common.o
    0x20000150   COMPRESSED   0x00000014   Data   RW          838    .data               system_mm32spin2xx_p.o
    0x20000164   COMPRESSED   0x0000000a   Data   RW          929    .data               zf_adc.o
    0x2000016e   COMPRESSED   0x00000002   PAD
    0x20000170   COMPRESSED   0x00000010   Data   RW         1132    .data               zf_gpio.o
    0x20000180   COMPRESSED   0x00000008   Data   RW         1284    .data               zf_spi.o
    0x20000188   COMPRESSED   0x0000001c   Data   RW         1384    .data               zf_tim.o
    0x200001a4   COMPRESSED   0x0000000a   Data   RW         1452    .data               zf_uart.o
    0x200001ae   COMPRESSED   0x00000004   Data   RW         1697    .data               seekfree_7725.o
    0x200001b2   COMPRESSED   0x0000004a   Data   RW         2361    .data               seekfree_mt9v03x.o
    0x200001fc   COMPRESSED   0x00000033   Data   RW         2614    .data               seekfree_uart_7725.o
    0x2000022f   COMPRESSED   0x00000001   PAD
    0x20000230   COMPRESSED   0x00000004   Data   RW         5678    .data               mc_p.l(errno.o)
    0x20000234        -       0x0000002c   Zero   RW          413    .bss                foc.o
    0x20000260        -       0x0000001c   Zero   RW         1235    .bss                zf_pwm.o
    0x2000027c   COMPRESSED   0x00000004   PAD
    0x20000280        -       0x00000400   Zero   RW          916    STACK               startup_mm32spin2xx_p_keil.o


==============================================================================

Image component sizes


      Code (inc. data)   RO Data    RW Data    ZI Data      Debug   Object Name

        26          0          0          0          0      49001   board.o
        16          0          0          8          0       6140   common.o
       844         90          0         80          0       4996   driver.o
      3814        214          0        206         44       9504   foc.o
        36         10          0          0          0       1208   hal_dma.o
        48         12          0          0          0       1216   hal_exti.o
       104          4          0          0          0       1160   hal_misc.o
       842         70          0          2          0      55788   isr.o
        76         16          0          0          0        443   main.o
        60         18          0          4          0       2142   seekfree_7725.o
         0          0       7048          0          0       1153   seekfree_font.o
      1128         48          0          0          0       6547   seekfree_ips114_spi.o
       144         38          0         74          0       2878   seekfree_mt9v03x.o
         0          0          0          0          0       9185   seekfree_printf.o
       144         36          0         51          0       2980   seekfree_uart_7725.o
      1464         40          0         36          0       5872   slave.o
       132         58        192          0       1024        796   startup_mm32spin2xx_p_keil.o
       578         44          0         20          0       4024   system_mm32spin2xx_p.o
       302         20          0         10          0       5729   zf_adc.o
         0          0          0          0          0       1368   zf_camera.o
       552         32          0         16          0       4503   zf_gpio.o
       224         26          0          0          0        956   zf_pit.o
       824         38          0          0         28       3032   zf_pwm.o
       604         22          0          8          0       4846   zf_spi.o
        80         10          0          0          0       1159   zf_systick.o
         0          0          0         28          0        824   zf_tim.o
       276         22          0         10          0       3793   zf_uart.o

    ----------------------------------------------------------------------
     12332        868       7276        560       1100     191243   Object Totals
         0          0         32          0          0          0   (incl. Generated)
        14          0          4          7          4          0   (incl. Padding)

    ----------------------------------------------------------------------

      Code (inc. data)   RO Data    RW Data    ZI Data      Debug   Library Member Name

       616         60         80          0          0        120   acos.o
       628         54         80          0          0        104   asin.o
       540         68        152          0          0        112   atan.o
       152         10          0          0          0        104   cos.o
       244         20         48          0          0         92   cos_i.o
        94         14          0          0          0        408   dunder.o
       148          4          0          0          0         72   fmod.o
        44          4          0          0          0         60   fpclassify.o
       172          0          0          0          0         76   poly.o
      2556        196        136          0          0        240   pow.o
         0          0          8          0          0          0   qnan.o
       924         86        200          0          0        120   rred.o
       156         10          0          0          0        104   sin.o
       236         14         40          0          0        100   sin_i.o
        72          6          0          0          0         76   sqrt.o
        86          0          0          0          0          0   __dczerorl2.o
         0          0          0          0          0          0   entry.o
         0          0          0          0          0          0   entry10a.o
         0          0          0          0          0          0   entry11a.o
         8          4          0          0          0          0   entry2.o
         4          0          0          0          0          0   entry5.o
         0          0          0          0          0          0   entry7b.o
         0          0          0          0          0          0   entry8b.o
         8          4          0          0          0          0   entry9a.o
        12          6          0          4          0         60   errno.o
        30          0          0          0          0          0   handlers.o
        40          0          0          0          0         72   idiv.o
        36          8          0          0          0         68   init.o
         0          0          0          0          0          0   iusefp.o
        32          0          0          0          0         68   llshl.o
        38          0          0          0          0         68   llsshr.o
        34          0          0          0          0         68   llushr.o
        36          0          0          0          0        100   memseta.o
        44          0          0          0          0         72   uidiv.o
        96          0          0          0          0         84   uldiv.o
        40          2          0          0          0         68   cdcmple.o
        40          2          0          0          0         68   cdrcmple.o
        20          0          0          0          0         68   cfcmple.o
        20          0          0          0          0         68   cfrcmple.o
        56          0          0          0          0         68   d2f.o
       356          4          0          0          0        140   dadd.o
       240          6          0          0          0         84   ddiv.o
       236          0          0          0          0        216   depilogue.o
        72         10          0          0          0         72   dfixi.o
        40          6          0          0          0         68   dflti.o
        28          4          0          0          0         68   dfltui.o
       208          6          0          0          0         88   dmul.o
       130          0          0          0          0         84   drem.o
        44          0          0          0          0         72   dscalb.o
       162          0          0          0          0         80   dsqrt.o
        40          0          0          0          0         60   f2d.o
       178          0          0          0          0        108   fadd.o
       124          0          0          0          0         72   fdiv.o
       130          0          0          0          0        144   fepilogue.o
        50          0          0          0          0         60   ffixi.o
        40          0          0          0          0         60   ffixui.o
        22          0          0          0          0         68   fflti.o
        14          0          0          0          0         68   ffltui.o
       122          0          0          0          0         72   fmul.o

    ----------------------------------------------------------------------
      9504        608        744          4          0       4472   Library Totals
         6          0          0          0          0          0   (incl. Padding)

    ----------------------------------------------------------------------

      Code (inc. data)   RO Data    RW Data    ZI Data      Debug   Library Name

      6582        546        744          0          0       1788   m_ps.l
       504         22          0          4          0        660   mc_p.l
      2412         40          0          0          0       2024   mf_p.l

    ----------------------------------------------------------------------
      9504        608        744          4          0       4472   Library Totals

    ----------------------------------------------------------------------

==============================================================================


      Code (inc. data)   RO Data    RW Data    ZI Data      Debug   

     21836       1476       8020        564       1100     190055   Grand Totals
     21836       1476       8020        236       1100     190055   ELF Image Totals (compressed)
     21836       1476       8020        236          0          0   ROM Totals

==============================================================================

    Total RO  Size (Code + RO Data)                29856 (  29.16kB)
    Total RW  Size (RW Data + ZI Data)              1664 (   1.63kB)
    Total ROM Size (Code + RO Data + RW Data)      30092 (  29.39kB)

==============================================================================

