<!doctype html public "-//w3c//dtd html 4.0 transitional//en">
<html><head>
<title>Static Call Graph - [.\Objects\MM32SPIN2PS.axf]</title></head>
<body><HR>
<H1>Static Call Graph for image .\Objects\MM32SPIN2PS.axf</H1><HR>
<BR><P>#&#060CALLGRAPH&#062# ARM Linker, 5060750: Last Updated: Sun Apr 17 16:51:26 2022
<BR><P>
<H3>Maximum Stack Usage =        468 bytes + Unknown(Cycles, Untraceable Function Pointers)</H3><H3>
Call chain for Maximum Stack Depth:</H3>
cmd_ps &rArr; list_thread &rArr; object_split &rArr; rt_kprintf &rArr; rt_vsnprintf &rArr; print_number &rArr; __aeabi_uidivmod
<P>
<H3>
Mutually Recursive functions
</H3> <LI><a href="#[14]">ADC1_IRQHandler</a>&nbsp;&nbsp;&nbsp;&rArr;&nbsp;&nbsp;&nbsp;<a href="#[14]">ADC1_IRQHandler</a><BR>
</UL>
<P>
<H3>
Function Pointers
</H3><UL>
 <LI><a href="#[14]">ADC1_IRQHandler</a> from startup_mm32spin2xx_p_keil.o(.text) referenced from startup_mm32spin2xx_p_keil.o(RESET)
 <LI><a href="#[1c]">ADC2_IRQHandler</a> from startup_mm32spin2xx_p_keil.o(.text) referenced from startup_mm32spin2xx_p_keil.o(RESET)
 <LI><a href="#[20]">COMP1_2_3_4_5_IRQHandler</a> from startup_mm32spin2xx_p_keil.o(.text) referenced from startup_mm32spin2xx_p_keil.o(RESET)
 <LI><a href="#[11]">DMA1_Channel1_IRQHandler</a> from isr.o(i.DMA1_Channel1_IRQHandler) referenced from startup_mm32spin2xx_p_keil.o(RESET)
 <LI><a href="#[12]">DMA1_Channel2_3_IRQHandler</a> from isr.o(i.DMA1_Channel2_3_IRQHandler) referenced from startup_mm32spin2xx_p_keil.o(RESET)
 <LI><a href="#[13]">DMA1_Channel4_5_IRQHandler</a> from isr.o(i.DMA1_Channel4_5_IRQHandler) referenced from startup_mm32spin2xx_p_keil.o(RESET)
 <LI><a href="#[d]">EXTI0_1_IRQHandler</a> from isr.o(i.EXTI0_1_IRQHandler) referenced from startup_mm32spin2xx_p_keil.o(RESET)
 <LI><a href="#[e]">EXTI2_3_IRQHandler</a> from isr.o(i.EXTI2_3_IRQHandler) referenced from startup_mm32spin2xx_p_keil.o(RESET)
 <LI><a href="#[f]">EXTI4_15_IRQHandler</a> from isr.o(i.EXTI4_15_IRQHandler) referenced from startup_mm32spin2xx_p_keil.o(RESET)
 <LI><a href="#[b]">FLASH_IRQHandler</a> from startup_mm32spin2xx_p_keil.o(.text) referenced from startup_mm32spin2xx_p_keil.o(RESET)
 <LI><a href="#[10]">HWDIV_IRQHandler</a> from startup_mm32spin2xx_p_keil.o(.text) referenced from startup_mm32spin2xx_p_keil.o(RESET)
 <LI><a href="#[4]">HardFault_Handler</a> from context_rvds.o(.text) referenced from startup_mm32spin2xx_p_keil.o(RESET)
 <LI><a href="#[1f]">I2C1_IRQHandler</a> from startup_mm32spin2xx_p_keil.o(.text) referenced from startup_mm32spin2xx_p_keil.o(RESET)
 <LI><a href="#[3]">NMI_Handler</a> from common.o(i.NMI_Handler) referenced from startup_mm32spin2xx_p_keil.o(RESET)
 <LI><a href="#[9]">PVD_IRQHandler</a> from startup_mm32spin2xx_p_keil.o(.text) referenced from startup_mm32spin2xx_p_keil.o(RESET)
 <LI><a href="#[a]">PWM_IRQHandler</a> from startup_mm32spin2xx_p_keil.o(.text) referenced from startup_mm32spin2xx_p_keil.o(RESET)
 <LI><a href="#[6]">PendSV_Handler</a> from context_rvds.o(.text) referenced from startup_mm32spin2xx_p_keil.o(RESET)
 <LI><a href="#[c]">RCC_IRQHandler</a> from startup_mm32spin2xx_p_keil.o(.text) referenced from startup_mm32spin2xx_p_keil.o(RESET)
 <LI><a href="#[2]">Reset_Handler</a> from startup_mm32spin2xx_p_keil.o(.text) referenced from startup_mm32spin2xx_p_keil.o(RESET)
 <LI><a href="#[21]">SPI1_IRQHandler</a> from startup_mm32spin2xx_p_keil.o(.text) referenced from startup_mm32spin2xx_p_keil.o(RESET)
 <LI><a href="#[22]">SPI2_IRQHandler</a> from startup_mm32spin2xx_p_keil.o(.text) referenced from startup_mm32spin2xx_p_keil.o(RESET)
 <LI><a href="#[5]">SVC_Handler</a> from common.o(i.SVC_Handler) referenced from startup_mm32spin2xx_p_keil.o(RESET)
 <LI><a href="#[7]">SysTick_Handler</a> from board.o(i.SysTick_Handler) referenced from startup_mm32spin2xx_p_keil.o(RESET)
 <LI><a href="#[26]">SystemInit</a> from system_mm32spin2xx_p.o(i.SystemInit) referenced from startup_mm32spin2xx_p_keil.o(.text)
 <LI><a href="#[1b]">TIM14_IRQHandler</a> from isr.o(i.TIM14_IRQHandler) referenced from startup_mm32spin2xx_p_keil.o(RESET)
 <LI><a href="#[1d]">TIM16_IRQHandler</a> from isr.o(i.TIM16_IRQHandler) referenced from startup_mm32spin2xx_p_keil.o(RESET)
 <LI><a href="#[1e]">TIM17_IRQHandler</a> from isr.o(i.TIM17_IRQHandler) referenced from startup_mm32spin2xx_p_keil.o(RESET)
 <LI><a href="#[15]">TIM1_BRK_UP_TRG_COM_IRQHandler</a> from isr.o(i.TIM1_BRK_UP_TRG_COM_IRQHandler) referenced from startup_mm32spin2xx_p_keil.o(RESET)
 <LI><a href="#[16]">TIM1_CC_IRQHandler</a> from startup_mm32spin2xx_p_keil.o(.text) referenced from startup_mm32spin2xx_p_keil.o(RESET)
 <LI><a href="#[17]">TIM2_IRQHandler</a> from isr.o(i.TIM2_IRQHandler) referenced from startup_mm32spin2xx_p_keil.o(RESET)
 <LI><a href="#[18]">TIM3_IRQHandler</a> from isr.o(i.TIM3_IRQHandler) referenced from startup_mm32spin2xx_p_keil.o(RESET)
 <LI><a href="#[19]">TIM8_BRK_UP_TRG_COM_IRQHandler</a> from isr.o(i.TIM8_BRK_UP_TRG_COM_IRQHandler) referenced from startup_mm32spin2xx_p_keil.o(RESET)
 <LI><a href="#[1a]">TIM8_CC_IRQHandler</a> from startup_mm32spin2xx_p_keil.o(.text) referenced from startup_mm32spin2xx_p_keil.o(RESET)
 <LI><a href="#[23]">UART1_IRQHandler</a> from board.o(i.UART1_IRQHandler) referenced from startup_mm32spin2xx_p_keil.o(RESET)
 <LI><a href="#[24]">UART2_IRQHandler</a> from isr.o(i.UART2_IRQHandler) referenced from startup_mm32spin2xx_p_keil.o(RESET)
 <LI><a href="#[8]">WWDG_IRQHandler</a> from startup_mm32spin2xx_p_keil.o(.text) referenced from startup_mm32spin2xx_p_keil.o(RESET)
 <LI><a href="#[27]">__main</a> from entry.o(.ARM.Collect$$$$00000000) referenced from startup_mm32spin2xx_p_keil.o(.text)
 <LI><a href="#[42]">cmd_free</a> from msh.o(i.cmd_free) referenced from msh.o(FSymTab)
 <LI><a href="#[41]">cmd_ps</a> from msh.o(i.cmd_ps) referenced from msh.o(FSymTab)
 <LI><a href="#[0]">cycleRotate</a> from driver.o(i.cycleRotate) referenced 2 times from driver.o(.data)
 <LI><a href="#[32]">deviceInit</a> from device.o(i.deviceInit) referenced from main.o(.rti_fn.3)
 <LI><a href="#[2a]">displayEntry</a> from display.o(i.displayEntry) referenced from display.o(i.displayInit)
 <LI><a href="#[31]">displayInit</a> from display.o(i.displayInit) referenced from main.o(.rti_fn.3)
 <LI><a href="#[1]">driverInit</a> from driver.o(i.driverInit) referenced 2 times from driver.o(.data)
 <LI><a href="#[34]">finsh_system_init</a> from shell.o(i.finsh_system_init) referenced from shell.o(.rti_fn.6)
 <LI><a href="#[2b]">finsh_thread_entry</a> from shell.o(i.finsh_thread_entry) referenced from shell.o(i.finsh_system_init)
 <LI><a href="#[37]">hello</a> from cmd.o(i.hello) referenced from cmd.o(FSymTab)
 <LI><a href="#[3f]">list</a> from cmd.o(i.list) referenced from cmd.o(FSymTab)
 <LI><a href="#[3b]">list_event</a> from cmd.o(i.list_event) referenced 2 times from cmd.o(FSymTab)
 <LI><a href="#[3c]">list_mailbox</a> from cmd.o(i.list_mailbox) referenced 2 times from cmd.o(FSymTab)
 <LI><a href="#[36]">list_mem</a> from mem.o(i.list_mem) referenced from mem.o(FSymTab)
 <LI><a href="#[3d]">list_msgqueue</a> from cmd.o(i.list_msgqueue) referenced 2 times from cmd.o(FSymTab)
 <LI><a href="#[3a]">list_sem</a> from cmd.o(i.list_sem) referenced 2 times from cmd.o(FSymTab)
 <LI><a href="#[39]">list_thread</a> from cmd.o(i.list_thread) referenced 2 times from cmd.o(FSymTab)
 <LI><a href="#[3e]">list_timer</a> from cmd.o(i.list_timer) referenced 2 times from cmd.o(FSymTab)
 <LI><a href="#[25]">main</a> from components.o(i.$Sub$$main) referenced from entry9a.o(.ARM.Collect$$$$0000000B)
 <LI><a href="#[2c]">main_thread_entry</a> from components.o(i.main_thread_entry) referenced from components.o(i.rt_application_init)
 <LI><a href="#[40]">msh_help</a> from msh.o(i.msh_help) referenced from msh.o(FSymTab)
 <LI><a href="#[28]">rt_thread_exit</a> from thread.o(i.rt_thread_exit) referenced from thread.o(i._rt_thread_init)
 <LI><a href="#[2d]">rt_thread_idle_entry</a> from idle.o(i.rt_thread_idle_entry) referenced from idle.o(i.rt_thread_idle_init)
 <LI><a href="#[29]">rt_thread_timeout</a> from thread.o(i.rt_thread_timeout) referenced from thread.o(i._rt_thread_init)
 <LI><a href="#[30]">rti_board_end</a> from components.o(i.rti_board_end) referenced from components.o(.rti_fn.1.end)
 <LI><a href="#[2f]">rti_board_start</a> from components.o(i.rti_board_start) referenced from components.o(.rti_fn.0.end)
 <LI><a href="#[35]">rti_end</a> from components.o(i.rti_end) referenced from components.o(.rti_fn.6.end)
 <LI><a href="#[2e]">rti_start</a> from components.o(i.rti_start) referenced from components.o(.rti_fn.0)
 <LI><a href="#[33]">scopeInit</a> from scope.o(i.scopeInit) referenced from main.o(.rti_fn.3)
 <LI><a href="#[38]">version</a> from cmd.o(i.version) referenced 2 times from cmd.o(FSymTab)
</UL>
<P>
<H3>
Global Symbols
</H3>
<P><STRONG><a name="[27]"></a>__main</STRONG> (Thumb, 0 bytes, Stack size unknown bytes, entry.o(.ARM.Collect$$$$00000000))
<BR>[Address Reference Count : 1]<UL><LI> startup_mm32spin2xx_p_keil.o(.text)
</UL>
<P><STRONG><a name="[f1]"></a>_main_stk</STRONG> (Thumb, 0 bytes, Stack size unknown bytes, entry2.o(.ARM.Collect$$$$00000001))

<P><STRONG><a name="[43]"></a>_main_scatterload</STRONG> (Thumb, 0 bytes, Stack size unknown bytes, entry5.o(.ARM.Collect$$$$00000004))
<BR><BR>[Calls]<UL><LI><a href="#[44]">&gt;&gt;</a>&nbsp;&nbsp;&nbsp;__scatterload
</UL>

<P><STRONG><a name="[4f]"></a>__main_after_scatterload</STRONG> (Thumb, 0 bytes, Stack size unknown bytes, entry5.o(.ARM.Collect$$$$00000004))
<BR><BR>[Called By]<UL><LI><a href="#[44]">&gt;&gt;</a>&nbsp;&nbsp;&nbsp;__scatterload
</UL>

<P><STRONG><a name="[f2]"></a>_main_clock</STRONG> (Thumb, 0 bytes, Stack size unknown bytes, entry7b.o(.ARM.Collect$$$$00000008))

<P><STRONG><a name="[f3]"></a>_main_cpp_init</STRONG> (Thumb, 0 bytes, Stack size unknown bytes, entry8b.o(.ARM.Collect$$$$0000000A))

<P><STRONG><a name="[f4]"></a>_main_init</STRONG> (Thumb, 0 bytes, Stack size unknown bytes, entry9a.o(.ARM.Collect$$$$0000000B))

<P><STRONG><a name="[f5]"></a>__rt_final_cpp</STRONG> (Thumb, 0 bytes, Stack size unknown bytes, entry10a.o(.ARM.Collect$$$$0000000D))

<P><STRONG><a name="[f6]"></a>__rt_final_exit</STRONG> (Thumb, 0 bytes, Stack size unknown bytes, entry11a.o(.ARM.Collect$$$$0000000F))

<P><STRONG><a name="[2]"></a>Reset_Handler</STRONG> (Thumb, 62 bytes, Stack size 0 bytes, startup_mm32spin2xx_p_keil.o(.text))
<BR>[Address Reference Count : 1]<UL><LI> startup_mm32spin2xx_p_keil.o(RESET)
</UL>
<P><STRONG><a name="[14]"></a>ADC1_IRQHandler</STRONG> (Thumb, 0 bytes, Stack size 0 bytes, startup_mm32spin2xx_p_keil.o(.text))
<BR><BR>[Calls]<UL><LI><a href="#[14]">&gt;&gt;</a>&nbsp;&nbsp;&nbsp;ADC1_IRQHandler
</UL>
<BR>[Called By]<UL><LI><a href="#[14]">&gt;&gt;</a>&nbsp;&nbsp;&nbsp;ADC1_IRQHandler
</UL>
<BR>[Address Reference Count : 1]<UL><LI> startup_mm32spin2xx_p_keil.o(RESET)
</UL>
<P><STRONG><a name="[1c]"></a>ADC2_IRQHandler</STRONG> (Thumb, 0 bytes, Stack size 0 bytes, startup_mm32spin2xx_p_keil.o(.text))
<BR>[Address Reference Count : 1]<UL><LI> startup_mm32spin2xx_p_keil.o(RESET)
</UL>
<P><STRONG><a name="[20]"></a>COMP1_2_3_4_5_IRQHandler</STRONG> (Thumb, 0 bytes, Stack size 0 bytes, startup_mm32spin2xx_p_keil.o(.text))
<BR>[Address Reference Count : 1]<UL><LI> startup_mm32spin2xx_p_keil.o(RESET)
</UL>
<P><STRONG><a name="[b]"></a>FLASH_IRQHandler</STRONG> (Thumb, 0 bytes, Stack size 0 bytes, startup_mm32spin2xx_p_keil.o(.text))
<BR>[Address Reference Count : 1]<UL><LI> startup_mm32spin2xx_p_keil.o(RESET)
</UL>
<P><STRONG><a name="[10]"></a>HWDIV_IRQHandler</STRONG> (Thumb, 0 bytes, Stack size 0 bytes, startup_mm32spin2xx_p_keil.o(.text))
<BR>[Address Reference Count : 1]<UL><LI> startup_mm32spin2xx_p_keil.o(RESET)
</UL>
<P><STRONG><a name="[1f]"></a>I2C1_IRQHandler</STRONG> (Thumb, 0 bytes, Stack size 0 bytes, startup_mm32spin2xx_p_keil.o(.text))
<BR>[Address Reference Count : 1]<UL><LI> startup_mm32spin2xx_p_keil.o(RESET)
</UL>
<P><STRONG><a name="[9]"></a>PVD_IRQHandler</STRONG> (Thumb, 0 bytes, Stack size 0 bytes, startup_mm32spin2xx_p_keil.o(.text))
<BR>[Address Reference Count : 1]<UL><LI> startup_mm32spin2xx_p_keil.o(RESET)
</UL>
<P><STRONG><a name="[a]"></a>PWM_IRQHandler</STRONG> (Thumb, 0 bytes, Stack size 0 bytes, startup_mm32spin2xx_p_keil.o(.text))
<BR>[Address Reference Count : 1]<UL><LI> startup_mm32spin2xx_p_keil.o(RESET)
</UL>
<P><STRONG><a name="[c]"></a>RCC_IRQHandler</STRONG> (Thumb, 0 bytes, Stack size 0 bytes, startup_mm32spin2xx_p_keil.o(.text))
<BR>[Address Reference Count : 1]<UL><LI> startup_mm32spin2xx_p_keil.o(RESET)
</UL>
<P><STRONG><a name="[21]"></a>SPI1_IRQHandler</STRONG> (Thumb, 0 bytes, Stack size 0 bytes, startup_mm32spin2xx_p_keil.o(.text))
<BR>[Address Reference Count : 1]<UL><LI> startup_mm32spin2xx_p_keil.o(RESET)
</UL>
<P><STRONG><a name="[22]"></a>SPI2_IRQHandler</STRONG> (Thumb, 0 bytes, Stack size 0 bytes, startup_mm32spin2xx_p_keil.o(.text))
<BR>[Address Reference Count : 1]<UL><LI> startup_mm32spin2xx_p_keil.o(RESET)
</UL>
<P><STRONG><a name="[16]"></a>TIM1_CC_IRQHandler</STRONG> (Thumb, 0 bytes, Stack size 0 bytes, startup_mm32spin2xx_p_keil.o(.text))
<BR>[Address Reference Count : 1]<UL><LI> startup_mm32spin2xx_p_keil.o(RESET)
</UL>
<P><STRONG><a name="[1a]"></a>TIM8_CC_IRQHandler</STRONG> (Thumb, 0 bytes, Stack size 0 bytes, startup_mm32spin2xx_p_keil.o(.text))
<BR>[Address Reference Count : 1]<UL><LI> startup_mm32spin2xx_p_keil.o(RESET)
</UL>
<P><STRONG><a name="[8]"></a>WWDG_IRQHandler</STRONG> (Thumb, 0 bytes, Stack size 0 bytes, startup_mm32spin2xx_p_keil.o(.text))
<BR>[Address Reference Count : 1]<UL><LI> startup_mm32spin2xx_p_keil.o(RESET)
</UL>
<P><STRONG><a name="[97]"></a>rt_hw_interrupt_disable</STRONG> (Thumb, 8 bytes, Stack size 0 bytes, context_rvds.o(.text))
<BR><BR>[Called By]<UL><LI><a href="#[ba]">&gt;&gt;</a>&nbsp;&nbsp;&nbsp;rt_mb_recv
<LI><a href="#[55]">&gt;&gt;</a>&nbsp;&nbsp;&nbsp;rt_interrupt_leave
<LI><a href="#[52]">&gt;&gt;</a>&nbsp;&nbsp;&nbsp;rt_interrupt_enter
<LI><a href="#[39]">&gt;&gt;</a>&nbsp;&nbsp;&nbsp;list_thread
<LI><a href="#[e6]">&gt;&gt;</a>&nbsp;&nbsp;&nbsp;rt_timer_stop
<LI><a href="#[db]">&gt;&gt;</a>&nbsp;&nbsp;&nbsp;rt_timer_detach
<LI><a href="#[e4]">&gt;&gt;</a>&nbsp;&nbsp;&nbsp;rt_thread_sleep
<LI><a href="#[28]">&gt;&gt;</a>&nbsp;&nbsp;&nbsp;rt_thread_exit
<LI><a href="#[d4]">&gt;&gt;</a>&nbsp;&nbsp;&nbsp;rt_schedule_remove_thread
<LI><a href="#[d3]">&gt;&gt;</a>&nbsp;&nbsp;&nbsp;rt_schedule_insert_thread
<LI><a href="#[c9]">&gt;&gt;</a>&nbsp;&nbsp;&nbsp;rt_timer_start
<LI><a href="#[c0]">&gt;&gt;</a>&nbsp;&nbsp;&nbsp;rt_thread_suspend
<LI><a href="#[be]">&gt;&gt;</a>&nbsp;&nbsp;&nbsp;rt_thread_resume
<LI><a href="#[ae]">&gt;&gt;</a>&nbsp;&nbsp;&nbsp;rt_schedule
<LI><a href="#[cf]">&gt;&gt;</a>&nbsp;&nbsp;&nbsp;rt_object_init
<LI><a href="#[c5]">&gt;&gt;</a>&nbsp;&nbsp;&nbsp;rt_object_allocate
<LI><a href="#[b0]">&gt;&gt;</a>&nbsp;&nbsp;&nbsp;rt_sem_take
<LI><a href="#[b2]">&gt;&gt;</a>&nbsp;&nbsp;&nbsp;rt_sem_release
<LI><a href="#[cb]">&gt;&gt;</a>&nbsp;&nbsp;&nbsp;rt_mb_send_wait
<LI><a href="#[ce]">&gt;&gt;</a>&nbsp;&nbsp;&nbsp;rt_object_detach
<LI><a href="#[c6]">&gt;&gt;</a>&nbsp;&nbsp;&nbsp;rt_object_delete
<LI><a href="#[ad]">&gt;&gt;</a>&nbsp;&nbsp;&nbsp;rt_exit_critical
<LI><a href="#[ac]">&gt;&gt;</a>&nbsp;&nbsp;&nbsp;rt_enter_critical
<LI><a href="#[de]">&gt;&gt;</a>&nbsp;&nbsp;&nbsp;rt_thread_idle_excute
<LI><a href="#[50]">&gt;&gt;</a>&nbsp;&nbsp;&nbsp;rtthread_startup
<LI><a href="#[e8]">&gt;&gt;</a>&nbsp;&nbsp;&nbsp;rt_timer_check
<LI><a href="#[e7]">&gt;&gt;</a>&nbsp;&nbsp;&nbsp;rt_thread_yield
<LI><a href="#[3e]">&gt;&gt;</a>&nbsp;&nbsp;&nbsp;list_timer
<LI><a href="#[3a]">&gt;&gt;</a>&nbsp;&nbsp;&nbsp;list_sem
<LI><a href="#[3d]">&gt;&gt;</a>&nbsp;&nbsp;&nbsp;list_msgqueue
<LI><a href="#[3c]">&gt;&gt;</a>&nbsp;&nbsp;&nbsp;list_mailbox
<LI><a href="#[3b]">&gt;&gt;</a>&nbsp;&nbsp;&nbsp;list_event
<LI><a href="#[96]">&gt;&gt;</a>&nbsp;&nbsp;&nbsp;list_get_next
</UL>

<P><STRONG><a name="[98]"></a>rt_hw_interrupt_enable</STRONG> (Thumb, 6 bytes, Stack size 0 bytes, context_rvds.o(.text))
<BR><BR>[Called By]<UL><LI><a href="#[ba]">&gt;&gt;</a>&nbsp;&nbsp;&nbsp;rt_mb_recv
<LI><a href="#[55]">&gt;&gt;</a>&nbsp;&nbsp;&nbsp;rt_interrupt_leave
<LI><a href="#[52]">&gt;&gt;</a>&nbsp;&nbsp;&nbsp;rt_interrupt_enter
<LI><a href="#[39]">&gt;&gt;</a>&nbsp;&nbsp;&nbsp;list_thread
<LI><a href="#[e6]">&gt;&gt;</a>&nbsp;&nbsp;&nbsp;rt_timer_stop
<LI><a href="#[db]">&gt;&gt;</a>&nbsp;&nbsp;&nbsp;rt_timer_detach
<LI><a href="#[e4]">&gt;&gt;</a>&nbsp;&nbsp;&nbsp;rt_thread_sleep
<LI><a href="#[28]">&gt;&gt;</a>&nbsp;&nbsp;&nbsp;rt_thread_exit
<LI><a href="#[d4]">&gt;&gt;</a>&nbsp;&nbsp;&nbsp;rt_schedule_remove_thread
<LI><a href="#[d3]">&gt;&gt;</a>&nbsp;&nbsp;&nbsp;rt_schedule_insert_thread
<LI><a href="#[c9]">&gt;&gt;</a>&nbsp;&nbsp;&nbsp;rt_timer_start
<LI><a href="#[c0]">&gt;&gt;</a>&nbsp;&nbsp;&nbsp;rt_thread_suspend
<LI><a href="#[be]">&gt;&gt;</a>&nbsp;&nbsp;&nbsp;rt_thread_resume
<LI><a href="#[ae]">&gt;&gt;</a>&nbsp;&nbsp;&nbsp;rt_schedule
<LI><a href="#[cf]">&gt;&gt;</a>&nbsp;&nbsp;&nbsp;rt_object_init
<LI><a href="#[c5]">&gt;&gt;</a>&nbsp;&nbsp;&nbsp;rt_object_allocate
<LI><a href="#[b0]">&gt;&gt;</a>&nbsp;&nbsp;&nbsp;rt_sem_take
<LI><a href="#[b2]">&gt;&gt;</a>&nbsp;&nbsp;&nbsp;rt_sem_release
<LI><a href="#[cb]">&gt;&gt;</a>&nbsp;&nbsp;&nbsp;rt_mb_send_wait
<LI><a href="#[ce]">&gt;&gt;</a>&nbsp;&nbsp;&nbsp;rt_object_detach
<LI><a href="#[c6]">&gt;&gt;</a>&nbsp;&nbsp;&nbsp;rt_object_delete
<LI><a href="#[ad]">&gt;&gt;</a>&nbsp;&nbsp;&nbsp;rt_exit_critical
<LI><a href="#[ac]">&gt;&gt;</a>&nbsp;&nbsp;&nbsp;rt_enter_critical
<LI><a href="#[de]">&gt;&gt;</a>&nbsp;&nbsp;&nbsp;rt_thread_idle_excute
<LI><a href="#[e8]">&gt;&gt;</a>&nbsp;&nbsp;&nbsp;rt_timer_check
<LI><a href="#[e7]">&gt;&gt;</a>&nbsp;&nbsp;&nbsp;rt_thread_yield
<LI><a href="#[3e]">&gt;&gt;</a>&nbsp;&nbsp;&nbsp;list_timer
<LI><a href="#[3a]">&gt;&gt;</a>&nbsp;&nbsp;&nbsp;list_sem
<LI><a href="#[3d]">&gt;&gt;</a>&nbsp;&nbsp;&nbsp;list_msgqueue
<LI><a href="#[3c]">&gt;&gt;</a>&nbsp;&nbsp;&nbsp;list_mailbox
<LI><a href="#[3b]">&gt;&gt;</a>&nbsp;&nbsp;&nbsp;list_event
<LI><a href="#[96]">&gt;&gt;</a>&nbsp;&nbsp;&nbsp;list_get_next
</UL>

<P><STRONG><a name="[d1]"></a>rt_hw_context_switch</STRONG> (Thumb, 28 bytes, Stack size 0 bytes, context_rvds.o(.text))
<BR><BR>[Called By]<UL><LI><a href="#[ae]">&gt;&gt;</a>&nbsp;&nbsp;&nbsp;rt_schedule
</UL>

<P><STRONG><a name="[d2]"></a>rt_hw_context_switch_interrupt</STRONG> (Thumb, 0 bytes, Stack size 0 bytes, context_rvds.o(.text))
<BR><BR>[Called By]<UL><LI><a href="#[ae]">&gt;&gt;</a>&nbsp;&nbsp;&nbsp;rt_schedule
</UL>

<P><STRONG><a name="[6]"></a>PendSV_Handler</STRONG> (Thumb, 84 bytes, Stack size 0 bytes, context_rvds.o(.text))
<BR>[Address Reference Count : 1]<UL><LI> startup_mm32spin2xx_p_keil.o(RESET)
</UL>
<P><STRONG><a name="[d9]"></a>rt_hw_context_switch_to</STRONG> (Thumb, 44 bytes, Stack size 0 bytes, context_rvds.o(.text))
<BR><BR>[Called By]<UL><LI><a href="#[d8]">&gt;&gt;</a>&nbsp;&nbsp;&nbsp;rt_system_scheduler_start
</UL>

<P><STRONG><a name="[f7]"></a>rt_hw_interrupt_thread_switch</STRONG> (Thumb, 2 bytes, Stack size 0 bytes, context_rvds.o(.text), UNUSED)

<P><STRONG><a name="[4]"></a>HardFault_Handler</STRONG> (Thumb, 12 bytes, Stack size 0 bytes, context_rvds.o(.text))
<BR><BR>[Stack]<UL><LI>Max Depth = 452<LI>Call Chain = HardFault_Handler &rArr; rt_hw_hard_fault_exception &rArr; list_thread &rArr; object_split &rArr; rt_kprintf &rArr; rt_vsnprintf &rArr; print_number &rArr; __aeabi_uidivmod
</UL>
<BR>[Calls]<UL><LI><a href="#[45]">&gt;&gt;</a>&nbsp;&nbsp;&nbsp;rt_hw_hard_fault_exception
</UL>
<BR>[Address Reference Count : 1]<UL><LI> startup_mm32spin2xx_p_keil.o(RESET)
</UL>
<P><STRONG><a name="[f8]"></a>__aeabi_uidiv</STRONG> (Thumb, 0 bytes, Stack size 12 bytes, uidiv.o(.text), UNUSED)

<P><STRONG><a name="[47]"></a>__aeabi_uidivmod</STRONG> (Thumb, 44 bytes, Stack size 12 bytes, uidiv.o(.text))
<BR><BR>[Stack]<UL><LI>Max Depth = 12<LI>Call Chain = __aeabi_uidivmod
</UL>
<BR>[Called By]<UL><LI><a href="#[b3]">&gt;&gt;</a>&nbsp;&nbsp;&nbsp;rt_hw_board_init
<LI><a href="#[71]">&gt;&gt;</a>&nbsp;&nbsp;&nbsp;uart_init
<LI><a href="#[7a]">&gt;&gt;</a>&nbsp;&nbsp;&nbsp;pwm_init
<LI><a href="#[8f]">&gt;&gt;</a>&nbsp;&nbsp;&nbsp;spi_init
<LI><a href="#[51]">&gt;&gt;</a>&nbsp;&nbsp;&nbsp;AutoCalPllFactor
<LI><a href="#[60]">&gt;&gt;</a>&nbsp;&nbsp;&nbsp;SetSysClockToXX
<LI><a href="#[39]">&gt;&gt;</a>&nbsp;&nbsp;&nbsp;list_thread
<LI><a href="#[a6]">&gt;&gt;</a>&nbsp;&nbsp;&nbsp;print_number
<LI><a href="#[46]">&gt;&gt;</a>&nbsp;&nbsp;&nbsp;__aeabi_idivmod
</UL>

<P><STRONG><a name="[f9]"></a>__aeabi_idiv</STRONG> (Thumb, 0 bytes, Stack size 16 bytes, idiv.o(.text), UNUSED)

<P><STRONG><a name="[46]"></a>__aeabi_idivmod</STRONG> (Thumb, 40 bytes, Stack size 16 bytes, idiv.o(.text))
<BR><BR>[Stack]<UL><LI>Max Depth = 28<LI>Call Chain = __aeabi_idivmod &rArr; __aeabi_uidivmod
</UL>
<BR>[Calls]<UL><LI><a href="#[47]">&gt;&gt;</a>&nbsp;&nbsp;&nbsp;__aeabi_uidivmod
</UL>
<BR>[Called By]<UL><LI><a href="#[e3]">&gt;&gt;</a>&nbsp;&nbsp;&nbsp;rt_tick_from_millisecond
</UL>

<P><STRONG><a name="[fa]"></a>__aeabi_memcpy</STRONG> (Thumb, 36 bytes, Stack size 0 bytes, memcpya.o(.text), UNUSED)

<P><STRONG><a name="[9d]"></a>__aeabi_memcpy4</STRONG> (Thumb, 0 bytes, Stack size 0 bytes, memcpya.o(.text))
<BR><BR>[Called By]<UL><LI><a href="#[39]">&gt;&gt;</a>&nbsp;&nbsp;&nbsp;list_thread
</UL>

<P><STRONG><a name="[fb]"></a>__aeabi_memcpy8</STRONG> (Thumb, 0 bytes, Stack size 0 bytes, memcpya.o(.text), UNUSED)

<P><STRONG><a name="[49]"></a>__aeabi_memset</STRONG> (Thumb, 14 bytes, Stack size 0 bytes, memseta.o(.text))
<BR><BR>[Called By]<UL><LI><a href="#[4a]">&gt;&gt;</a>&nbsp;&nbsp;&nbsp;_memset$wrapper
<LI><a href="#[48]">&gt;&gt;</a>&nbsp;&nbsp;&nbsp;__aeabi_memclr
</UL>

<P><STRONG><a name="[fc]"></a>__aeabi_memset4</STRONG> (Thumb, 0 bytes, Stack size 0 bytes, memseta.o(.text), UNUSED)

<P><STRONG><a name="[fd]"></a>__aeabi_memset8</STRONG> (Thumb, 0 bytes, Stack size 0 bytes, memseta.o(.text), UNUSED)

<P><STRONG><a name="[48]"></a>__aeabi_memclr</STRONG> (Thumb, 4 bytes, Stack size 0 bytes, memseta.o(.text))
<BR><BR>[Calls]<UL><LI><a href="#[49]">&gt;&gt;</a>&nbsp;&nbsp;&nbsp;__aeabi_memset
</UL>
<BR>[Called By]<UL><LI><a href="#[2b]">&gt;&gt;</a>&nbsp;&nbsp;&nbsp;finsh_thread_entry
</UL>

<P><STRONG><a name="[68]"></a>__aeabi_memclr4</STRONG> (Thumb, 0 bytes, Stack size 0 bytes, memseta.o(.text))
<BR><BR>[Called By]<UL><LI><a href="#[66]">&gt;&gt;</a>&nbsp;&nbsp;&nbsp;_msh_exec_cmd
</UL>

<P><STRONG><a name="[fe]"></a>__aeabi_memclr8</STRONG> (Thumb, 0 bytes, Stack size 0 bytes, memseta.o(.text), UNUSED)

<P><STRONG><a name="[4a]"></a>_memset$wrapper</STRONG> (Thumb, 18 bytes, Stack size 8 bytes, memseta.o(.text), UNUSED)
<BR><BR>[Calls]<UL><LI><a href="#[49]">&gt;&gt;</a>&nbsp;&nbsp;&nbsp;__aeabi_memset
</UL>

<P><STRONG><a name="[80]"></a>strcat</STRONG> (Thumb, 24 bytes, Stack size 0 bytes, strcat.o(.text))
<BR><BR>[Called By]<UL><LI><a href="#[7c]">&gt;&gt;</a>&nbsp;&nbsp;&nbsp;finsh_get_prompt
</UL>

<P><STRONG><a name="[7d]"></a>strncpy</STRONG> (Thumb, 26 bytes, Stack size 8 bytes, strncpy.o(.text))
<BR><BR>[Stack]<UL><LI>Max Depth = 8<LI>Call Chain = strncpy
</UL>
<BR>[Called By]<UL><LI><a href="#[7c]">&gt;&gt;</a>&nbsp;&nbsp;&nbsp;finsh_get_prompt
</UL>

<P><STRONG><a name="[89]"></a>strlen</STRONG> (Thumb, 14 bytes, Stack size 0 bytes, strlen.o(.text))
<BR><BR>[Called By]<UL><LI><a href="#[2b]">&gt;&gt;</a>&nbsp;&nbsp;&nbsp;finsh_thread_entry
<LI><a href="#[a1]">&gt;&gt;</a>&nbsp;&nbsp;&nbsp;msh_auto_complete
</UL>

<P><STRONG><a name="[7f]"></a>strcpy</STRONG> (Thumb, 18 bytes, Stack size 0 bytes, strcpy.o(.text))
<BR><BR>[Called By]<UL><LI><a href="#[7c]">&gt;&gt;</a>&nbsp;&nbsp;&nbsp;finsh_get_prompt
</UL>

<P><STRONG><a name="[93]"></a>strncmp</STRONG> (Thumb, 30 bytes, Stack size 12 bytes, strncmp.o(.text))
<BR><BR>[Stack]<UL><LI>Max Depth = 12<LI>Call Chain = strncmp
</UL>
<BR>[Called By]<UL><LI><a href="#[40]">&gt;&gt;</a>&nbsp;&nbsp;&nbsp;msh_help
<LI><a href="#[a1]">&gt;&gt;</a>&nbsp;&nbsp;&nbsp;msh_auto_complete
<LI><a href="#[67]">&gt;&gt;</a>&nbsp;&nbsp;&nbsp;msh_get_cmd
<LI><a href="#[3f]">&gt;&gt;</a>&nbsp;&nbsp;&nbsp;list
</UL>

<P><STRONG><a name="[a7]"></a>__aeabi_fmul</STRONG> (Thumb, 122 bytes, Stack size 16 bytes, fmul.o(.text))
<BR><BR>[Stack]<UL><LI>Max Depth = 16<LI>Call Chain = __aeabi_fmul
</UL>
<BR>[Called By]<UL><LI><a href="#[7a]">&gt;&gt;</a>&nbsp;&nbsp;&nbsp;pwm_init
<LI><a href="#[73]">&gt;&gt;</a>&nbsp;&nbsp;&nbsp;pwm_duty_updata
</UL>

<P><STRONG><a name="[4b]"></a>__aeabi_fdiv</STRONG> (Thumb, 124 bytes, Stack size 16 bytes, fdiv.o(.text))
<BR><BR>[Stack]<UL><LI>Max Depth = 16<LI>Call Chain = __aeabi_fdiv
</UL>
<BR>[Calls]<UL><LI><a href="#[4c]">&gt;&gt;</a>&nbsp;&nbsp;&nbsp;_float_round
</UL>
<BR>[Called By]<UL><LI><a href="#[7a]">&gt;&gt;</a>&nbsp;&nbsp;&nbsp;pwm_init
<LI><a href="#[73]">&gt;&gt;</a>&nbsp;&nbsp;&nbsp;pwm_duty_updata
</UL>

<P><STRONG><a name="[4d]"></a>__aeabi_ui2f</STRONG> (Thumb, 14 bytes, Stack size 8 bytes, ffltui.o(.text))
<BR><BR>[Stack]<UL><LI>Max Depth = 20<LI>Call Chain = __aeabi_ui2f &rArr; _float_epilogue
</UL>
<BR>[Calls]<UL><LI><a href="#[4e]">&gt;&gt;</a>&nbsp;&nbsp;&nbsp;_float_epilogue
</UL>
<BR>[Called By]<UL><LI><a href="#[7a]">&gt;&gt;</a>&nbsp;&nbsp;&nbsp;pwm_init
<LI><a href="#[73]">&gt;&gt;</a>&nbsp;&nbsp;&nbsp;pwm_duty_updata
</UL>

<P><STRONG><a name="[a8]"></a>__aeabi_f2uiz</STRONG> (Thumb, 40 bytes, Stack size 0 bytes, ffixui.o(.text))
<BR><BR>[Called By]<UL><LI><a href="#[7a]">&gt;&gt;</a>&nbsp;&nbsp;&nbsp;pwm_init
<LI><a href="#[73]">&gt;&gt;</a>&nbsp;&nbsp;&nbsp;pwm_duty_updata
</UL>

<P><STRONG><a name="[ff]"></a>__I$use$fp</STRONG> (Thumb, 0 bytes, Stack size 0 bytes, iusefp.o(.text), UNUSED)

<P><STRONG><a name="[4c]"></a>_float_round</STRONG> (Thumb, 16 bytes, Stack size 0 bytes, fepilogue.o(.text))
<BR><BR>[Called By]<UL><LI><a href="#[4b]">&gt;&gt;</a>&nbsp;&nbsp;&nbsp;__aeabi_fdiv
</UL>

<P><STRONG><a name="[4e]"></a>_float_epilogue</STRONG> (Thumb, 114 bytes, Stack size 12 bytes, fepilogue.o(.text))
<BR><BR>[Stack]<UL><LI>Max Depth = 12<LI>Call Chain = _float_epilogue
</UL>
<BR>[Called By]<UL><LI><a href="#[4d]">&gt;&gt;</a>&nbsp;&nbsp;&nbsp;__aeabi_ui2f
</UL>

<P><STRONG><a name="[44]"></a>__scatterload</STRONG> (Thumb, 28 bytes, Stack size 0 bytes, init.o(.text))
<BR><BR>[Calls]<UL><LI><a href="#[4f]">&gt;&gt;</a>&nbsp;&nbsp;&nbsp;__main_after_scatterload
</UL>
<BR>[Called By]<UL><LI><a href="#[43]">&gt;&gt;</a>&nbsp;&nbsp;&nbsp;_main_scatterload
</UL>

<P><STRONG><a name="[100]"></a>__scatterload_rt2</STRONG> (Thumb, 0 bytes, Stack size 0 bytes, init.o(.text), UNUSED)

<P><STRONG><a name="[101]"></a>__decompress</STRONG> (Thumb, 0 bytes, Stack size unknown bytes, __dczerorl2.o(.text), UNUSED)

<P><STRONG><a name="[102]"></a>__decompress1</STRONG> (Thumb, 86 bytes, Stack size unknown bytes, __dczerorl2.o(.text), UNUSED)

<P><STRONG><a name="[25]"></a>main</STRONG> (Thumb, 10 bytes, Stack size 8 bytes, components.o(i.$Sub$$main))
<BR><BR>[Stack]<UL><LI>Max Depth = 324<LI>Call Chain = main &rArr; rtthread_startup &rArr; rt_application_init &rArr; rt_thread_create &rArr; rt_object_delete &rArr; rt_free &rArr; rt_kprintf &rArr; rt_vsnprintf &rArr; print_number &rArr; __aeabi_uidivmod
</UL>
<BR>[Calls]<UL><LI><a href="#[50]">&gt;&gt;</a>&nbsp;&nbsp;&nbsp;rtthread_startup
</UL>
<BR>[Address Reference Count : 1]<UL><LI> entry9a.o(.ARM.Collect$$$$0000000B)
</UL>
<P><STRONG><a name="[51]"></a>AutoCalPllFactor</STRONG> (Thumb, 106 bytes, Stack size 48 bytes, system_mm32spin2xx_p.o(i.AutoCalPllFactor))
<BR><BR>[Stack]<UL><LI>Max Depth = 60<LI>Call Chain = AutoCalPllFactor &rArr; __aeabi_uidivmod
</UL>
<BR>[Calls]<UL><LI><a href="#[47]">&gt;&gt;</a>&nbsp;&nbsp;&nbsp;__aeabi_uidivmod
</UL>
<BR>[Called By]<UL><LI><a href="#[60]">&gt;&gt;</a>&nbsp;&nbsp;&nbsp;SetSysClockToXX
</UL>

<P><STRONG><a name="[11]"></a>DMA1_Channel1_IRQHandler</STRONG> (Thumb, 28 bytes, Stack size 8 bytes, isr.o(i.DMA1_Channel1_IRQHandler))
<BR><BR>[Stack]<UL><LI>Max Depth = 16<LI>Call Chain = DMA1_Channel1_IRQHandler &rArr; rt_interrupt_leave
</UL>
<BR>[Calls]<UL><LI><a href="#[55]">&gt;&gt;</a>&nbsp;&nbsp;&nbsp;rt_interrupt_leave
<LI><a href="#[52]">&gt;&gt;</a>&nbsp;&nbsp;&nbsp;rt_interrupt_enter
<LI><a href="#[53]">&gt;&gt;</a>&nbsp;&nbsp;&nbsp;DMA_GetFlagStatus
<LI><a href="#[54]">&gt;&gt;</a>&nbsp;&nbsp;&nbsp;DMA_ClearFlag
</UL>
<BR>[Address Reference Count : 1]<UL><LI> startup_mm32spin2xx_p_keil.o(RESET)
</UL>
<P><STRONG><a name="[12]"></a>DMA1_Channel2_3_IRQHandler</STRONG> (Thumb, 46 bytes, Stack size 8 bytes, isr.o(i.DMA1_Channel2_3_IRQHandler))
<BR><BR>[Stack]<UL><LI>Max Depth = 16<LI>Call Chain = DMA1_Channel2_3_IRQHandler &rArr; rt_interrupt_leave
</UL>
<BR>[Calls]<UL><LI><a href="#[55]">&gt;&gt;</a>&nbsp;&nbsp;&nbsp;rt_interrupt_leave
<LI><a href="#[52]">&gt;&gt;</a>&nbsp;&nbsp;&nbsp;rt_interrupt_enter
<LI><a href="#[53]">&gt;&gt;</a>&nbsp;&nbsp;&nbsp;DMA_GetFlagStatus
<LI><a href="#[54]">&gt;&gt;</a>&nbsp;&nbsp;&nbsp;DMA_ClearFlag
</UL>
<BR>[Address Reference Count : 1]<UL><LI> startup_mm32spin2xx_p_keil.o(RESET)
</UL>
<P><STRONG><a name="[13]"></a>DMA1_Channel4_5_IRQHandler</STRONG> (Thumb, 78 bytes, Stack size 8 bytes, isr.o(i.DMA1_Channel4_5_IRQHandler))
<BR><BR>[Stack]<UL><LI>Max Depth = 16<LI>Call Chain = DMA1_Channel4_5_IRQHandler &rArr; rt_interrupt_leave
</UL>
<BR>[Calls]<UL><LI><a href="#[55]">&gt;&gt;</a>&nbsp;&nbsp;&nbsp;rt_interrupt_leave
<LI><a href="#[52]">&gt;&gt;</a>&nbsp;&nbsp;&nbsp;rt_interrupt_enter
<LI><a href="#[56]">&gt;&gt;</a>&nbsp;&nbsp;&nbsp;ov7725_uart_dma
<LI><a href="#[57]">&gt;&gt;</a>&nbsp;&nbsp;&nbsp;mt9v03x_dma
<LI><a href="#[53]">&gt;&gt;</a>&nbsp;&nbsp;&nbsp;DMA_GetFlagStatus
<LI><a href="#[54]">&gt;&gt;</a>&nbsp;&nbsp;&nbsp;DMA_ClearFlag
</UL>
<BR>[Address Reference Count : 1]<UL><LI> startup_mm32spin2xx_p_keil.o(RESET)
</UL>
<P><STRONG><a name="[54]"></a>DMA_ClearFlag</STRONG> (Thumb, 6 bytes, Stack size 0 bytes, hal_dma.o(i.DMA_ClearFlag))
<BR><BR>[Called By]<UL><LI><a href="#[13]">&gt;&gt;</a>&nbsp;&nbsp;&nbsp;DMA1_Channel4_5_IRQHandler
<LI><a href="#[12]">&gt;&gt;</a>&nbsp;&nbsp;&nbsp;DMA1_Channel2_3_IRQHandler
<LI><a href="#[11]">&gt;&gt;</a>&nbsp;&nbsp;&nbsp;DMA1_Channel1_IRQHandler
</UL>

<P><STRONG><a name="[53]"></a>DMA_GetFlagStatus</STRONG> (Thumb, 20 bytes, Stack size 0 bytes, hal_dma.o(i.DMA_GetFlagStatus))
<BR><BR>[Called By]<UL><LI><a href="#[13]">&gt;&gt;</a>&nbsp;&nbsp;&nbsp;DMA1_Channel4_5_IRQHandler
<LI><a href="#[12]">&gt;&gt;</a>&nbsp;&nbsp;&nbsp;DMA1_Channel2_3_IRQHandler
<LI><a href="#[11]">&gt;&gt;</a>&nbsp;&nbsp;&nbsp;DMA1_Channel1_IRQHandler
</UL>

<P><STRONG><a name="[d]"></a>EXTI0_1_IRQHandler</STRONG> (Thumb, 44 bytes, Stack size 8 bytes, isr.o(i.EXTI0_1_IRQHandler))
<BR><BR>[Stack]<UL><LI>Max Depth = 16<LI>Call Chain = EXTI0_1_IRQHandler &rArr; rt_interrupt_leave
</UL>
<BR>[Calls]<UL><LI><a href="#[55]">&gt;&gt;</a>&nbsp;&nbsp;&nbsp;rt_interrupt_leave
<LI><a href="#[52]">&gt;&gt;</a>&nbsp;&nbsp;&nbsp;rt_interrupt_enter
<LI><a href="#[58]">&gt;&gt;</a>&nbsp;&nbsp;&nbsp;EXTI_GetITStatus
<LI><a href="#[59]">&gt;&gt;</a>&nbsp;&nbsp;&nbsp;EXTI_ClearFlag
</UL>
<BR>[Address Reference Count : 1]<UL><LI> startup_mm32spin2xx_p_keil.o(RESET)
</UL>
<P><STRONG><a name="[e]"></a>EXTI2_3_IRQHandler</STRONG> (Thumb, 44 bytes, Stack size 8 bytes, isr.o(i.EXTI2_3_IRQHandler))
<BR><BR>[Stack]<UL><LI>Max Depth = 16<LI>Call Chain = EXTI2_3_IRQHandler &rArr; rt_interrupt_leave
</UL>
<BR>[Calls]<UL><LI><a href="#[55]">&gt;&gt;</a>&nbsp;&nbsp;&nbsp;rt_interrupt_leave
<LI><a href="#[52]">&gt;&gt;</a>&nbsp;&nbsp;&nbsp;rt_interrupt_enter
<LI><a href="#[58]">&gt;&gt;</a>&nbsp;&nbsp;&nbsp;EXTI_GetITStatus
<LI><a href="#[59]">&gt;&gt;</a>&nbsp;&nbsp;&nbsp;EXTI_ClearFlag
</UL>
<BR>[Address Reference Count : 1]<UL><LI> startup_mm32spin2xx_p_keil.o(RESET)
</UL>
<P><STRONG><a name="[f]"></a>EXTI4_15_IRQHandler</STRONG> (Thumb, 266 bytes, Stack size 8 bytes, isr.o(i.EXTI4_15_IRQHandler))
<BR><BR>[Stack]<UL><LI>Max Depth = 16<LI>Call Chain = EXTI4_15_IRQHandler &rArr; rt_interrupt_leave
</UL>
<BR>[Calls]<UL><LI><a href="#[55]">&gt;&gt;</a>&nbsp;&nbsp;&nbsp;rt_interrupt_leave
<LI><a href="#[52]">&gt;&gt;</a>&nbsp;&nbsp;&nbsp;rt_interrupt_enter
<LI><a href="#[5a]">&gt;&gt;</a>&nbsp;&nbsp;&nbsp;ov7725_uart_vsync
<LI><a href="#[5b]">&gt;&gt;</a>&nbsp;&nbsp;&nbsp;mt9v03x_vsync
<LI><a href="#[58]">&gt;&gt;</a>&nbsp;&nbsp;&nbsp;EXTI_GetITStatus
<LI><a href="#[59]">&gt;&gt;</a>&nbsp;&nbsp;&nbsp;EXTI_ClearFlag
</UL>
<BR>[Address Reference Count : 1]<UL><LI> startup_mm32spin2xx_p_keil.o(RESET)
</UL>
<P><STRONG><a name="[59]"></a>EXTI_ClearFlag</STRONG> (Thumb, 6 bytes, Stack size 0 bytes, hal_exti.o(i.EXTI_ClearFlag))
<BR><BR>[Called By]<UL><LI><a href="#[f]">&gt;&gt;</a>&nbsp;&nbsp;&nbsp;EXTI4_15_IRQHandler
<LI><a href="#[e]">&gt;&gt;</a>&nbsp;&nbsp;&nbsp;EXTI2_3_IRQHandler
<LI><a href="#[d]">&gt;&gt;</a>&nbsp;&nbsp;&nbsp;EXTI0_1_IRQHandler
</UL>

<P><STRONG><a name="[58]"></a>EXTI_GetITStatus</STRONG> (Thumb, 30 bytes, Stack size 0 bytes, hal_exti.o(i.EXTI_GetITStatus))
<BR><BR>[Called By]<UL><LI><a href="#[f]">&gt;&gt;</a>&nbsp;&nbsp;&nbsp;EXTI4_15_IRQHandler
<LI><a href="#[e]">&gt;&gt;</a>&nbsp;&nbsp;&nbsp;EXTI2_3_IRQHandler
<LI><a href="#[d]">&gt;&gt;</a>&nbsp;&nbsp;&nbsp;EXTI0_1_IRQHandler
</UL>

<P><STRONG><a name="[5c]"></a>ListNode</STRONG> (Thumb, 22 bytes, Stack size 8 bytes, scope.o(i.ListNode))
<BR><BR>[Stack]<UL><LI>Max Depth = 28<LI>Call Chain = ListNode &rArr; malloc
</UL>
<BR>[Calls]<UL><LI><a href="#[5e]">&gt;&gt;</a>&nbsp;&nbsp;&nbsp;_errorHandler
<LI><a href="#[5d]">&gt;&gt;</a>&nbsp;&nbsp;&nbsp;malloc
</UL>
<BR>[Called By]<UL><LI><a href="#[33]">&gt;&gt;</a>&nbsp;&nbsp;&nbsp;scopeInit
</UL>

<P><STRONG><a name="[3]"></a>NMI_Handler</STRONG> (Thumb, 4 bytes, Stack size 0 bytes, common.o(i.NMI_Handler))
<BR>[Address Reference Count : 1]<UL><LI> startup_mm32spin2xx_p_keil.o(RESET)
</UL>
<P><STRONG><a name="[a5]"></a>NVIC_Init</STRONG> (Thumb, 100 bytes, Stack size 0 bytes, hal_misc.o(i.NVIC_Init))
<BR><BR>[Called By]<UL><LI><a href="#[a4]">&gt;&gt;</a>&nbsp;&nbsp;&nbsp;nvic_init
</UL>

<P><STRONG><a name="[5]"></a>SVC_Handler</STRONG> (Thumb, 4 bytes, Stack size 0 bytes, common.o(i.SVC_Handler))
<BR>[Address Reference Count : 1]<UL><LI> startup_mm32spin2xx_p_keil.o(RESET)
</UL>
<P><STRONG><a name="[7]"></a>SysTick_Handler</STRONG> (Thumb, 16 bytes, Stack size 8 bytes, board.o(i.SysTick_Handler))
<BR><BR>[Stack]<UL><LI>Max Depth = 72<LI>Call Chain = SysTick_Handler &rArr; rt_tick_increase &rArr; rt_timer_check &rArr; rt_timer_start &rArr; _rt_timer_remove
</UL>
<BR>[Calls]<UL><LI><a href="#[55]">&gt;&gt;</a>&nbsp;&nbsp;&nbsp;rt_interrupt_leave
<LI><a href="#[52]">&gt;&gt;</a>&nbsp;&nbsp;&nbsp;rt_interrupt_enter
<LI><a href="#[61]">&gt;&gt;</a>&nbsp;&nbsp;&nbsp;rt_tick_increase
</UL>
<BR>[Address Reference Count : 1]<UL><LI> startup_mm32spin2xx_p_keil.o(RESET)
</UL>
<P><STRONG><a name="[26]"></a>SystemInit</STRONG> (Thumb, 90 bytes, Stack size 8 bytes, system_mm32spin2xx_p.o(i.SystemInit))
<BR><BR>[Stack]<UL><LI>Max Depth = 108<LI>Call Chain = SystemInit &rArr; SetSysClock &rArr; SetSysClockToXX &rArr; AutoCalPllFactor &rArr; __aeabi_uidivmod
</UL>
<BR>[Calls]<UL><LI><a href="#[5f]">&gt;&gt;</a>&nbsp;&nbsp;&nbsp;SetSysClock
</UL>
<BR>[Address Reference Count : 1]<UL><LI> startup_mm32spin2xx_p_keil.o(.text)
</UL>
<P><STRONG><a name="[1b]"></a>TIM14_IRQHandler</STRONG> (Thumb, 24 bytes, Stack size 8 bytes, isr.o(i.TIM14_IRQHandler))
<BR><BR>[Stack]<UL><LI>Max Depth = 16<LI>Call Chain = TIM14_IRQHandler &rArr; rt_interrupt_leave
</UL>
<BR>[Calls]<UL><LI><a href="#[55]">&gt;&gt;</a>&nbsp;&nbsp;&nbsp;rt_interrupt_leave
<LI><a href="#[52]">&gt;&gt;</a>&nbsp;&nbsp;&nbsp;rt_interrupt_enter
</UL>
<BR>[Address Reference Count : 1]<UL><LI> startup_mm32spin2xx_p_keil.o(RESET)
</UL>
<P><STRONG><a name="[1d]"></a>TIM16_IRQHandler</STRONG> (Thumb, 24 bytes, Stack size 8 bytes, isr.o(i.TIM16_IRQHandler))
<BR><BR>[Stack]<UL><LI>Max Depth = 16<LI>Call Chain = TIM16_IRQHandler &rArr; rt_interrupt_leave
</UL>
<BR>[Calls]<UL><LI><a href="#[55]">&gt;&gt;</a>&nbsp;&nbsp;&nbsp;rt_interrupt_leave
<LI><a href="#[52]">&gt;&gt;</a>&nbsp;&nbsp;&nbsp;rt_interrupt_enter
</UL>
<BR>[Address Reference Count : 1]<UL><LI> startup_mm32spin2xx_p_keil.o(RESET)
</UL>
<P><STRONG><a name="[1e]"></a>TIM17_IRQHandler</STRONG> (Thumb, 24 bytes, Stack size 8 bytes, isr.o(i.TIM17_IRQHandler))
<BR><BR>[Stack]<UL><LI>Max Depth = 16<LI>Call Chain = TIM17_IRQHandler &rArr; rt_interrupt_leave
</UL>
<BR>[Calls]<UL><LI><a href="#[55]">&gt;&gt;</a>&nbsp;&nbsp;&nbsp;rt_interrupt_leave
<LI><a href="#[52]">&gt;&gt;</a>&nbsp;&nbsp;&nbsp;rt_interrupt_enter
</UL>
<BR>[Address Reference Count : 1]<UL><LI> startup_mm32spin2xx_p_keil.o(RESET)
</UL>
<P><STRONG><a name="[15]"></a>TIM1_BRK_UP_TRG_COM_IRQHandler</STRONG> (Thumb, 24 bytes, Stack size 8 bytes, isr.o(i.TIM1_BRK_UP_TRG_COM_IRQHandler))
<BR><BR>[Stack]<UL><LI>Max Depth = 16<LI>Call Chain = TIM1_BRK_UP_TRG_COM_IRQHandler &rArr; rt_interrupt_leave
</UL>
<BR>[Calls]<UL><LI><a href="#[55]">&gt;&gt;</a>&nbsp;&nbsp;&nbsp;rt_interrupt_leave
<LI><a href="#[52]">&gt;&gt;</a>&nbsp;&nbsp;&nbsp;rt_interrupt_enter
</UL>
<BR>[Address Reference Count : 1]<UL><LI> startup_mm32spin2xx_p_keil.o(RESET)
</UL>
<P><STRONG><a name="[17]"></a>TIM2_IRQHandler</STRONG> (Thumb, 28 bytes, Stack size 8 bytes, isr.o(i.TIM2_IRQHandler))
<BR><BR>[Stack]<UL><LI>Max Depth = 16<LI>Call Chain = TIM2_IRQHandler &rArr; rt_interrupt_leave
</UL>
<BR>[Calls]<UL><LI><a href="#[55]">&gt;&gt;</a>&nbsp;&nbsp;&nbsp;rt_interrupt_leave
<LI><a href="#[52]">&gt;&gt;</a>&nbsp;&nbsp;&nbsp;rt_interrupt_enter
</UL>
<BR>[Address Reference Count : 1]<UL><LI> startup_mm32spin2xx_p_keil.o(RESET)
</UL>
<P><STRONG><a name="[18]"></a>TIM3_IRQHandler</STRONG> (Thumb, 24 bytes, Stack size 8 bytes, isr.o(i.TIM3_IRQHandler))
<BR><BR>[Stack]<UL><LI>Max Depth = 16<LI>Call Chain = TIM3_IRQHandler &rArr; rt_interrupt_leave
</UL>
<BR>[Calls]<UL><LI><a href="#[55]">&gt;&gt;</a>&nbsp;&nbsp;&nbsp;rt_interrupt_leave
<LI><a href="#[52]">&gt;&gt;</a>&nbsp;&nbsp;&nbsp;rt_interrupt_enter
</UL>
<BR>[Address Reference Count : 1]<UL><LI> startup_mm32spin2xx_p_keil.o(RESET)
</UL>
<P><STRONG><a name="[19]"></a>TIM8_BRK_UP_TRG_COM_IRQHandler</STRONG> (Thumb, 24 bytes, Stack size 8 bytes, isr.o(i.TIM8_BRK_UP_TRG_COM_IRQHandler))
<BR><BR>[Stack]<UL><LI>Max Depth = 16<LI>Call Chain = TIM8_BRK_UP_TRG_COM_IRQHandler &rArr; rt_interrupt_leave
</UL>
<BR>[Calls]<UL><LI><a href="#[55]">&gt;&gt;</a>&nbsp;&nbsp;&nbsp;rt_interrupt_leave
<LI><a href="#[52]">&gt;&gt;</a>&nbsp;&nbsp;&nbsp;rt_interrupt_enter
</UL>
<BR>[Address Reference Count : 1]<UL><LI> startup_mm32spin2xx_p_keil.o(RESET)
</UL>
<P><STRONG><a name="[23]"></a>UART1_IRQHandler</STRONG> (Thumb, 80 bytes, Stack size 8 bytes, board.o(i.UART1_IRQHandler))
<BR><BR>[Stack]<UL><LI>Max Depth = 136<LI>Call Chain = UART1_IRQHandler &rArr; rt_mb_send &rArr; rt_mb_send_wait &rArr; rt_ipc_list_suspend &rArr; rt_thread_suspend &rArr; rt_timer_stop &rArr; _rt_timer_remove
</UL>
<BR>[Calls]<UL><LI><a href="#[63]">&gt;&gt;</a>&nbsp;&nbsp;&nbsp;rt_mb_send
<LI><a href="#[55]">&gt;&gt;</a>&nbsp;&nbsp;&nbsp;rt_interrupt_leave
<LI><a href="#[52]">&gt;&gt;</a>&nbsp;&nbsp;&nbsp;rt_interrupt_enter
<LI><a href="#[62]">&gt;&gt;</a>&nbsp;&nbsp;&nbsp;uart_getchar
</UL>
<BR>[Address Reference Count : 1]<UL><LI> startup_mm32spin2xx_p_keil.o(RESET)
</UL>
<P><STRONG><a name="[24]"></a>UART2_IRQHandler</STRONG> (Thumb, 90 bytes, Stack size 8 bytes, isr.o(i.UART2_IRQHandler))
<BR><BR>[Stack]<UL><LI>Max Depth = 16<LI>Call Chain = UART2_IRQHandler &rArr; rt_interrupt_leave
</UL>
<BR>[Calls]<UL><LI><a href="#[55]">&gt;&gt;</a>&nbsp;&nbsp;&nbsp;rt_interrupt_leave
<LI><a href="#[52]">&gt;&gt;</a>&nbsp;&nbsp;&nbsp;rt_interrupt_enter
<LI><a href="#[64]">&gt;&gt;</a>&nbsp;&nbsp;&nbsp;ov7725_cof_uart_interrupt
<LI><a href="#[65]">&gt;&gt;</a>&nbsp;&nbsp;&nbsp;mt9v03x_uart_callback
</UL>
<BR>[Address Reference Count : 1]<UL><LI> startup_mm32spin2xx_p_keil.o(RESET)
</UL>
<P><STRONG><a name="[d0]"></a>__rt_ffs</STRONG> (Thumb, 86 bytes, Stack size 0 bytes, kservice.o(i.__rt_ffs))
<BR><BR>[Called By]<UL><LI><a href="#[ae]">&gt;&gt;</a>&nbsp;&nbsp;&nbsp;rt_schedule
<LI><a href="#[d8]">&gt;&gt;</a>&nbsp;&nbsp;&nbsp;rt_system_scheduler_start
</UL>

<P><STRONG><a name="[103]"></a>__scatterload_copy</STRONG> (Thumb, 14 bytes, Stack size unknown bytes, handlers.o(i.__scatterload_copy), UNUSED)

<P><STRONG><a name="[104]"></a>__scatterload_null</STRONG> (Thumb, 2 bytes, Stack size unknown bytes, handlers.o(i.__scatterload_null), UNUSED)

<P><STRONG><a name="[105]"></a>__scatterload_zeroinit</STRONG> (Thumb, 14 bytes, Stack size unknown bytes, handlers.o(i.__scatterload_zeroinit), UNUSED)

<P><STRONG><a name="[7b]"></a>afio_init</STRONG> (Thumb, 206 bytes, Stack size 36 bytes, zf_gpio.o(i.afio_init))
<BR><BR>[Stack]<UL><LI>Max Depth = 36<LI>Call Chain = afio_init
</UL>
<BR>[Called By]<UL><LI><a href="#[1]">&gt;&gt;</a>&nbsp;&nbsp;&nbsp;driverInit
<LI><a href="#[f0]">&gt;&gt;</a>&nbsp;&nbsp;&nbsp;uart_pin_init
<LI><a href="#[ef]">&gt;&gt;</a>&nbsp;&nbsp;&nbsp;spi_pin_init
<LI><a href="#[a9]">&gt;&gt;</a>&nbsp;&nbsp;&nbsp;pwm_pin_init
</UL>

<P><STRONG><a name="[70]"></a>board_init</STRONG> (Thumb, 34 bytes, Stack size 8 bytes, board.o(i.board_init))
<BR><BR>[Stack]<UL><LI>Max Depth = 84<LI>Call Chain = board_init &rArr; uart_init &rArr; uart_pin_init &rArr; afio_init
</UL>
<BR>[Calls]<UL><LI><a href="#[71]">&gt;&gt;</a>&nbsp;&nbsp;&nbsp;uart_init
<LI><a href="#[72]">&gt;&gt;</a>&nbsp;&nbsp;&nbsp;uart_rx_irq
</UL>
<BR>[Called By]<UL><LI><a href="#[b3]">&gt;&gt;</a>&nbsp;&nbsp;&nbsp;rt_hw_board_init
</UL>

<P><STRONG><a name="[42]"></a>cmd_free</STRONG> (Thumb, 14 bytes, Stack size 16 bytes, msh.o(i.cmd_free))
<BR><BR>[Stack]<UL><LI>Max Depth = 228<LI>Call Chain = cmd_free &rArr; list_mem &rArr; rt_kprintf &rArr; rt_vsnprintf &rArr; print_number &rArr; __aeabi_uidivmod
</UL>
<BR>[Calls]<UL><LI><a href="#[36]">&gt;&gt;</a>&nbsp;&nbsp;&nbsp;list_mem
</UL>
<BR>[Address Reference Count : 1]<UL><LI> msh.o(FSymTab)
</UL>
<P><STRONG><a name="[41]"></a>cmd_ps</STRONG> (Thumb, 14 bytes, Stack size 16 bytes, msh.o(i.cmd_ps))
<BR><BR>[Stack]<UL><LI>Max Depth = 468<LI>Call Chain = cmd_ps &rArr; list_thread &rArr; object_split &rArr; rt_kprintf &rArr; rt_vsnprintf &rArr; print_number &rArr; __aeabi_uidivmod
</UL>
<BR>[Calls]<UL><LI><a href="#[39]">&gt;&gt;</a>&nbsp;&nbsp;&nbsp;list_thread
</UL>
<BR>[Address Reference Count : 1]<UL><LI> msh.o(FSymTab)
</UL>
<P><STRONG><a name="[32]"></a>deviceInit</STRONG> (Thumb, 104 bytes, Stack size 8 bytes, device.o(i.deviceInit))
<BR><BR>[Stack]<UL><LI>Max Depth = 44<LI>Call Chain = deviceInit &rArr; gpio_init
</UL>
<BR>[Calls]<UL><LI><a href="#[76]">&gt;&gt;</a>&nbsp;&nbsp;&nbsp;gpio_set
<LI><a href="#[75]">&gt;&gt;</a>&nbsp;&nbsp;&nbsp;gpio_init
</UL>
<BR>[Address Reference Count : 1]<UL><LI> main.o(.rti_fn.3)
</UL>
<P><STRONG><a name="[2a]"></a>displayEntry</STRONG> (Thumb, 2 bytes, Stack size 0 bytes, display.o(i.displayEntry))
<BR>[Address Reference Count : 1]<UL><LI> display.o(i.displayInit)
</UL>
<P><STRONG><a name="[31]"></a>displayInit</STRONG> (Thumb, 50 bytes, Stack size 16 bytes, display.o(i.displayInit))
<BR><BR>[Stack]<UL><LI>Max Depth = 308<LI>Call Chain = displayInit &rArr; rt_thread_create &rArr; rt_object_delete &rArr; rt_free &rArr; rt_kprintf &rArr; rt_vsnprintf &rArr; print_number &rArr; __aeabi_uidivmod
</UL>
<BR>[Calls]<UL><LI><a href="#[79]">&gt;&gt;</a>&nbsp;&nbsp;&nbsp;rt_thread_startup
<LI><a href="#[78]">&gt;&gt;</a>&nbsp;&nbsp;&nbsp;rt_thread_create
<LI><a href="#[77]">&gt;&gt;</a>&nbsp;&nbsp;&nbsp;ips114_init
</UL>
<BR>[Address Reference Count : 1]<UL><LI> main.o(.rti_fn.3)
</UL>
<P><STRONG><a name="[7c]"></a>finsh_get_prompt</STRONG> (Thumb, 88 bytes, Stack size 8 bytes, shell.o(i.finsh_get_prompt))
<BR><BR>[Stack]<UL><LI>Max Depth = 16<LI>Call Chain = finsh_get_prompt &rArr; strncpy
</UL>
<BR>[Calls]<UL><LI><a href="#[7f]">&gt;&gt;</a>&nbsp;&nbsp;&nbsp;strcpy
<LI><a href="#[7d]">&gt;&gt;</a>&nbsp;&nbsp;&nbsp;strncpy
<LI><a href="#[80]">&gt;&gt;</a>&nbsp;&nbsp;&nbsp;strcat
<LI><a href="#[7e]">&gt;&gt;</a>&nbsp;&nbsp;&nbsp;msh_is_used
</UL>
<BR>[Called By]<UL><LI><a href="#[2b]">&gt;&gt;</a>&nbsp;&nbsp;&nbsp;finsh_thread_entry
<LI><a href="#[88]">&gt;&gt;</a>&nbsp;&nbsp;&nbsp;shell_auto_complete
</UL>

<P><STRONG><a name="[87]"></a>finsh_set_prompt_mode</STRONG> (Thumb, 30 bytes, Stack size 0 bytes, shell.o(i.finsh_set_prompt_mode))
<BR><BR>[Called By]<UL><LI><a href="#[34]">&gt;&gt;</a>&nbsp;&nbsp;&nbsp;finsh_system_init
</UL>

<P><STRONG><a name="[83]"></a>finsh_system_function_init</STRONG> (Thumb, 10 bytes, Stack size 0 bytes, shell.o(i.finsh_system_function_init))
<BR><BR>[Called By]<UL><LI><a href="#[34]">&gt;&gt;</a>&nbsp;&nbsp;&nbsp;finsh_system_init
</UL>

<P><STRONG><a name="[34]"></a>finsh_system_init</STRONG> (Thumb, 104 bytes, Stack size 24 bytes, shell.o(i.finsh_system_init))
<BR><BR>[Stack]<UL><LI>Max Depth = 316<LI>Call Chain = finsh_system_init &rArr; rt_thread_create &rArr; rt_object_delete &rArr; rt_free &rArr; rt_kprintf &rArr; rt_vsnprintf &rArr; print_number &rArr; __aeabi_uidivmod
</UL>
<BR>[Calls]<UL><LI><a href="#[79]">&gt;&gt;</a>&nbsp;&nbsp;&nbsp;rt_thread_startup
<LI><a href="#[78]">&gt;&gt;</a>&nbsp;&nbsp;&nbsp;rt_thread_create
<LI><a href="#[84]">&gt;&gt;</a>&nbsp;&nbsp;&nbsp;rt_calloc
<LI><a href="#[85]">&gt;&gt;</a>&nbsp;&nbsp;&nbsp;rt_kprintf
<LI><a href="#[86]">&gt;&gt;</a>&nbsp;&nbsp;&nbsp;rt_sem_init
<LI><a href="#[83]">&gt;&gt;</a>&nbsp;&nbsp;&nbsp;finsh_system_function_init
<LI><a href="#[87]">&gt;&gt;</a>&nbsp;&nbsp;&nbsp;finsh_set_prompt_mode
</UL>
<BR>[Address Reference Count : 1]<UL><LI> shell.o(.rti_fn.6)
</UL>
<P><STRONG><a name="[2b]"></a>finsh_thread_entry</STRONG> (Thumb, 966 bytes, Stack size 0 bytes, shell.o(i.finsh_thread_entry))
<BR><BR>[Stack]<UL><LI>Max Depth = 324<LI>Call Chain = finsh_thread_entry &rArr; msh_exec &rArr; _msh_exec_cmd &rArr; msh_split &rArr; rt_kprintf &rArr; rt_vsnprintf &rArr; print_number &rArr; __aeabi_uidivmod
</UL>
<BR>[Calls]<UL><LI><a href="#[8a]">&gt;&gt;</a>&nbsp;&nbsp;&nbsp;rt_memmove
<LI><a href="#[85]">&gt;&gt;</a>&nbsp;&nbsp;&nbsp;rt_kprintf
<LI><a href="#[89]">&gt;&gt;</a>&nbsp;&nbsp;&nbsp;strlen
<LI><a href="#[48]">&gt;&gt;</a>&nbsp;&nbsp;&nbsp;__aeabi_memclr
<LI><a href="#[7c]">&gt;&gt;</a>&nbsp;&nbsp;&nbsp;finsh_get_prompt
<LI><a href="#[88]">&gt;&gt;</a>&nbsp;&nbsp;&nbsp;shell_auto_complete
<LI><a href="#[81]">&gt;&gt;</a>&nbsp;&nbsp;&nbsp;finsh_getchar
<LI><a href="#[7e]">&gt;&gt;</a>&nbsp;&nbsp;&nbsp;msh_is_used
<LI><a href="#[8b]">&gt;&gt;</a>&nbsp;&nbsp;&nbsp;msh_exec
</UL>
<BR>[Address Reference Count : 1]<UL><LI> shell.o(i.finsh_system_init)
</UL>
<P><STRONG><a name="[75]"></a>gpio_init</STRONG> (Thumb, 190 bytes, Stack size 36 bytes, zf_gpio.o(i.gpio_init))
<BR><BR>[Stack]<UL><LI>Max Depth = 36<LI>Call Chain = gpio_init
</UL>
<BR>[Called By]<UL><LI><a href="#[77]">&gt;&gt;</a>&nbsp;&nbsp;&nbsp;ips114_init
<LI><a href="#[32]">&gt;&gt;</a>&nbsp;&nbsp;&nbsp;deviceInit
</UL>

<P><STRONG><a name="[76]"></a>gpio_set</STRONG> (Thumb, 86 bytes, Stack size 8 bytes, zf_gpio.o(i.gpio_set))
<BR><BR>[Stack]<UL><LI>Max Depth = 8<LI>Call Chain = gpio_set
</UL>
<BR>[Called By]<UL><LI><a href="#[32]">&gt;&gt;</a>&nbsp;&nbsp;&nbsp;deviceInit
</UL>

<P><STRONG><a name="[37]"></a>hello</STRONG> (Thumb, 12 bytes, Stack size 8 bytes, cmd.o(i.hello))
<BR><BR>[Stack]<UL><LI>Max Depth = 212<LI>Call Chain = hello &rArr; rt_kprintf &rArr; rt_vsnprintf &rArr; print_number &rArr; __aeabi_uidivmod
</UL>
<BR>[Calls]<UL><LI><a href="#[85]">&gt;&gt;</a>&nbsp;&nbsp;&nbsp;rt_kprintf
</UL>
<BR>[Address Reference Count : 1]<UL><LI> cmd.o(FSymTab)
</UL>
<P><STRONG><a name="[8c]"></a>ips114_clear</STRONG> (Thumb, 48 bytes, Stack size 16 bytes, seekfree_ips114_spi.o(i.ips114_clear))
<BR><BR>[Stack]<UL><LI>Max Depth = 72<LI>Call Chain = ips114_clear &rArr; ips114_set_region &rArr; ips114_writedata_16bit &rArr; spi_mosi
</UL>
<BR>[Calls]<UL><LI><a href="#[8e]">&gt;&gt;</a>&nbsp;&nbsp;&nbsp;ips114_writedata_16bit
<LI><a href="#[8d]">&gt;&gt;</a>&nbsp;&nbsp;&nbsp;ips114_set_region
</UL>
<BR>[Called By]<UL><LI><a href="#[77]">&gt;&gt;</a>&nbsp;&nbsp;&nbsp;ips114_init
</UL>

<P><STRONG><a name="[77]"></a>ips114_init</STRONG> (Thumb, 506 bytes, Stack size 16 bytes, seekfree_ips114_spi.o(i.ips114_init))
<BR><BR>[Stack]<UL><LI>Max Depth = 100<LI>Call Chain = ips114_init &rArr; spi_init &rArr; spi_pin_init &rArr; afio_init
</UL>
<BR>[Calls]<UL><LI><a href="#[74]">&gt;&gt;</a>&nbsp;&nbsp;&nbsp;systick_delay_ms
<LI><a href="#[75]">&gt;&gt;</a>&nbsp;&nbsp;&nbsp;gpio_init
<LI><a href="#[8f]">&gt;&gt;</a>&nbsp;&nbsp;&nbsp;spi_init
<LI><a href="#[8c]">&gt;&gt;</a>&nbsp;&nbsp;&nbsp;ips114_clear
<LI><a href="#[90]">&gt;&gt;</a>&nbsp;&nbsp;&nbsp;ips114_writeIndex
<LI><a href="#[91]">&gt;&gt;</a>&nbsp;&nbsp;&nbsp;ips114_writeData
</UL>
<BR>[Called By]<UL><LI><a href="#[31]">&gt;&gt;</a>&nbsp;&nbsp;&nbsp;displayInit
</UL>

<P><STRONG><a name="[3f]"></a>list</STRONG> (Thumb, 54 bytes, Stack size 8 bytes, cmd.o(i.list))
<BR><BR>[Stack]<UL><LI>Max Depth = 212<LI>Call Chain = list &rArr; rt_kprintf &rArr; rt_vsnprintf &rArr; print_number &rArr; __aeabi_uidivmod
</UL>
<BR>[Calls]<UL><LI><a href="#[85]">&gt;&gt;</a>&nbsp;&nbsp;&nbsp;rt_kprintf
<LI><a href="#[93]">&gt;&gt;</a>&nbsp;&nbsp;&nbsp;strncmp
</UL>
<BR>[Address Reference Count : 1]<UL><LI> cmd.o(FSymTab)
</UL>
<P><STRONG><a name="[3b]"></a>list_event</STRONG> (Thumb, 202 bytes, Stack size 96 bytes, cmd.o(i.list_event))
<BR><BR>[Stack]<UL><LI>Max Depth = 316<LI>Call Chain = list_event &rArr; show_wait_queue &rArr; rt_kprintf &rArr; rt_vsnprintf &rArr; print_number &rArr; __aeabi_uidivmod
</UL>
<BR>[Calls]<UL><LI><a href="#[85]">&gt;&gt;</a>&nbsp;&nbsp;&nbsp;rt_kprintf
<LI><a href="#[98]">&gt;&gt;</a>&nbsp;&nbsp;&nbsp;rt_hw_interrupt_enable
<LI><a href="#[97]">&gt;&gt;</a>&nbsp;&nbsp;&nbsp;rt_hw_interrupt_disable
<LI><a href="#[9b]">&gt;&gt;</a>&nbsp;&nbsp;&nbsp;show_wait_queue
<LI><a href="#[9a]">&gt;&gt;</a>&nbsp;&nbsp;&nbsp;rt_list_len
<LI><a href="#[99]">&gt;&gt;</a>&nbsp;&nbsp;&nbsp;rt_list_isempty
<LI><a href="#[95]">&gt;&gt;</a>&nbsp;&nbsp;&nbsp;object_split
<LI><a href="#[96]">&gt;&gt;</a>&nbsp;&nbsp;&nbsp;list_get_next
<LI><a href="#[94]">&gt;&gt;</a>&nbsp;&nbsp;&nbsp;list_find_init
</UL>
<BR>[Address Reference Count : 1]<UL><LI> cmd.o(FSymTab)
</UL>
<P><STRONG><a name="[3c]"></a>list_mailbox</STRONG> (Thumb, 222 bytes, Stack size 104 bytes, cmd.o(i.list_mailbox))
<BR><BR>[Stack]<UL><LI>Max Depth = 324<LI>Call Chain = list_mailbox &rArr; show_wait_queue &rArr; rt_kprintf &rArr; rt_vsnprintf &rArr; print_number &rArr; __aeabi_uidivmod
</UL>
<BR>[Calls]<UL><LI><a href="#[85]">&gt;&gt;</a>&nbsp;&nbsp;&nbsp;rt_kprintf
<LI><a href="#[98]">&gt;&gt;</a>&nbsp;&nbsp;&nbsp;rt_hw_interrupt_enable
<LI><a href="#[97]">&gt;&gt;</a>&nbsp;&nbsp;&nbsp;rt_hw_interrupt_disable
<LI><a href="#[9b]">&gt;&gt;</a>&nbsp;&nbsp;&nbsp;show_wait_queue
<LI><a href="#[9a]">&gt;&gt;</a>&nbsp;&nbsp;&nbsp;rt_list_len
<LI><a href="#[99]">&gt;&gt;</a>&nbsp;&nbsp;&nbsp;rt_list_isempty
<LI><a href="#[95]">&gt;&gt;</a>&nbsp;&nbsp;&nbsp;object_split
<LI><a href="#[96]">&gt;&gt;</a>&nbsp;&nbsp;&nbsp;list_get_next
<LI><a href="#[94]">&gt;&gt;</a>&nbsp;&nbsp;&nbsp;list_find_init
</UL>
<BR>[Address Reference Count : 1]<UL><LI> cmd.o(FSymTab)
</UL>
<P><STRONG><a name="[36]"></a>list_mem</STRONG> (Thumb, 34 bytes, Stack size 8 bytes, mem.o(i.list_mem))
<BR><BR>[Stack]<UL><LI>Max Depth = 212<LI>Call Chain = list_mem &rArr; rt_kprintf &rArr; rt_vsnprintf &rArr; print_number &rArr; __aeabi_uidivmod
</UL>
<BR>[Calls]<UL><LI><a href="#[85]">&gt;&gt;</a>&nbsp;&nbsp;&nbsp;rt_kprintf
</UL>
<BR>[Called By]<UL><LI><a href="#[42]">&gt;&gt;</a>&nbsp;&nbsp;&nbsp;cmd_free
</UL>
<BR>[Address Reference Count : 1]<UL><LI> mem.o(FSymTab)
</UL>
<P><STRONG><a name="[3d]"></a>list_msgqueue</STRONG> (Thumb, 214 bytes, Stack size 96 bytes, cmd.o(i.list_msgqueue))
<BR><BR>[Stack]<UL><LI>Max Depth = 316<LI>Call Chain = list_msgqueue &rArr; show_wait_queue &rArr; rt_kprintf &rArr; rt_vsnprintf &rArr; print_number &rArr; __aeabi_uidivmod
</UL>
<BR>[Calls]<UL><LI><a href="#[85]">&gt;&gt;</a>&nbsp;&nbsp;&nbsp;rt_kprintf
<LI><a href="#[98]">&gt;&gt;</a>&nbsp;&nbsp;&nbsp;rt_hw_interrupt_enable
<LI><a href="#[97]">&gt;&gt;</a>&nbsp;&nbsp;&nbsp;rt_hw_interrupt_disable
<LI><a href="#[9b]">&gt;&gt;</a>&nbsp;&nbsp;&nbsp;show_wait_queue
<LI><a href="#[9a]">&gt;&gt;</a>&nbsp;&nbsp;&nbsp;rt_list_len
<LI><a href="#[99]">&gt;&gt;</a>&nbsp;&nbsp;&nbsp;rt_list_isempty
<LI><a href="#[95]">&gt;&gt;</a>&nbsp;&nbsp;&nbsp;object_split
<LI><a href="#[96]">&gt;&gt;</a>&nbsp;&nbsp;&nbsp;list_get_next
<LI><a href="#[94]">&gt;&gt;</a>&nbsp;&nbsp;&nbsp;list_find_init
</UL>
<BR>[Address Reference Count : 1]<UL><LI> cmd.o(FSymTab)
</UL>
<P><STRONG><a name="[3a]"></a>list_sem</STRONG> (Thumb, 214 bytes, Stack size 96 bytes, cmd.o(i.list_sem))
<BR><BR>[Stack]<UL><LI>Max Depth = 316<LI>Call Chain = list_sem &rArr; show_wait_queue &rArr; rt_kprintf &rArr; rt_vsnprintf &rArr; print_number &rArr; __aeabi_uidivmod
</UL>
<BR>[Calls]<UL><LI><a href="#[85]">&gt;&gt;</a>&nbsp;&nbsp;&nbsp;rt_kprintf
<LI><a href="#[98]">&gt;&gt;</a>&nbsp;&nbsp;&nbsp;rt_hw_interrupt_enable
<LI><a href="#[97]">&gt;&gt;</a>&nbsp;&nbsp;&nbsp;rt_hw_interrupt_disable
<LI><a href="#[9b]">&gt;&gt;</a>&nbsp;&nbsp;&nbsp;show_wait_queue
<LI><a href="#[9a]">&gt;&gt;</a>&nbsp;&nbsp;&nbsp;rt_list_len
<LI><a href="#[99]">&gt;&gt;</a>&nbsp;&nbsp;&nbsp;rt_list_isempty
<LI><a href="#[95]">&gt;&gt;</a>&nbsp;&nbsp;&nbsp;object_split
<LI><a href="#[96]">&gt;&gt;</a>&nbsp;&nbsp;&nbsp;list_get_next
<LI><a href="#[94]">&gt;&gt;</a>&nbsp;&nbsp;&nbsp;list_find_init
</UL>
<BR>[Address Reference Count : 1]<UL><LI> cmd.o(FSymTab)
</UL>
<P><STRONG><a name="[39]"></a>list_thread</STRONG> (Thumb, 302 bytes, Stack size 240 bytes, cmd.o(i.list_thread))
<BR><BR>[Stack]<UL><LI>Max Depth = 452<LI>Call Chain = list_thread &rArr; object_split &rArr; rt_kprintf &rArr; rt_vsnprintf &rArr; print_number &rArr; __aeabi_uidivmod
</UL>
<BR>[Calls]<UL><LI><a href="#[85]">&gt;&gt;</a>&nbsp;&nbsp;&nbsp;rt_kprintf
<LI><a href="#[98]">&gt;&gt;</a>&nbsp;&nbsp;&nbsp;rt_hw_interrupt_enable
<LI><a href="#[97]">&gt;&gt;</a>&nbsp;&nbsp;&nbsp;rt_hw_interrupt_disable
<LI><a href="#[9d]">&gt;&gt;</a>&nbsp;&nbsp;&nbsp;__aeabi_memcpy4
<LI><a href="#[47]">&gt;&gt;</a>&nbsp;&nbsp;&nbsp;__aeabi_uidivmod
<LI><a href="#[95]">&gt;&gt;</a>&nbsp;&nbsp;&nbsp;object_split
<LI><a href="#[96]">&gt;&gt;</a>&nbsp;&nbsp;&nbsp;list_get_next
<LI><a href="#[94]">&gt;&gt;</a>&nbsp;&nbsp;&nbsp;list_find_init
</UL>
<BR>[Called By]<UL><LI><a href="#[45]">&gt;&gt;</a>&nbsp;&nbsp;&nbsp;rt_hw_hard_fault_exception
<LI><a href="#[41]">&gt;&gt;</a>&nbsp;&nbsp;&nbsp;cmd_ps
</UL>
<BR>[Address Reference Count : 1]<UL><LI> cmd.o(FSymTab)
</UL>
<P><STRONG><a name="[3e]"></a>list_timer</STRONG> (Thumb, 188 bytes, Stack size 96 bytes, cmd.o(i.list_timer))
<BR><BR>[Stack]<UL><LI>Max Depth = 308<LI>Call Chain = list_timer &rArr; object_split &rArr; rt_kprintf &rArr; rt_vsnprintf &rArr; print_number &rArr; __aeabi_uidivmod
</UL>
<BR>[Calls]<UL><LI><a href="#[85]">&gt;&gt;</a>&nbsp;&nbsp;&nbsp;rt_kprintf
<LI><a href="#[98]">&gt;&gt;</a>&nbsp;&nbsp;&nbsp;rt_hw_interrupt_enable
<LI><a href="#[97]">&gt;&gt;</a>&nbsp;&nbsp;&nbsp;rt_hw_interrupt_disable
<LI><a href="#[9e]">&gt;&gt;</a>&nbsp;&nbsp;&nbsp;rt_tick_get
<LI><a href="#[95]">&gt;&gt;</a>&nbsp;&nbsp;&nbsp;object_split
<LI><a href="#[96]">&gt;&gt;</a>&nbsp;&nbsp;&nbsp;list_get_next
<LI><a href="#[94]">&gt;&gt;</a>&nbsp;&nbsp;&nbsp;list_find_init
</UL>
<BR>[Address Reference Count : 1]<UL><LI> cmd.o(FSymTab)
</UL>
<P><STRONG><a name="[a0]"></a>$Super$$main</STRONG> (Thumb, 12 bytes, Stack size 8 bytes, main.o(i.main))
<BR><BR>[Stack]<UL><LI>Max Depth = 8<LI>Call Chain = $Super$$main
</UL>
<BR>[Called By]<UL><LI><a href="#[2c]">&gt;&gt;</a>&nbsp;&nbsp;&nbsp;main_thread_entry
</UL>

<P><STRONG><a name="[2c]"></a>main_thread_entry</STRONG> (Thumb, 14 bytes, Stack size 8 bytes, components.o(i.main_thread_entry))
<BR><BR>[Stack]<UL><LI>Max Depth = 16<LI>Call Chain = main_thread_entry &rArr; $Super$$main
</UL>
<BR>[Calls]<UL><LI><a href="#[a0]">&gt;&gt;</a>&nbsp;&nbsp;&nbsp;$Super$$main
<LI><a href="#[9f]">&gt;&gt;</a>&nbsp;&nbsp;&nbsp;rt_components_init
</UL>
<BR>[Address Reference Count : 1]<UL><LI> components.o(i.rt_application_init)
</UL>
<P><STRONG><a name="[5d]"></a>malloc</STRONG> (Thumb, 92 bytes, Stack size 20 bytes, malloc.o(i.malloc))
<BR><BR>[Stack]<UL><LI>Max Depth = 20<LI>Call Chain = malloc
</UL>
<BR>[Called By]<UL><LI><a href="#[5c]">&gt;&gt;</a>&nbsp;&nbsp;&nbsp;ListNode
</UL>

<P><STRONG><a name="[a1]"></a>msh_auto_complete</STRONG> (Thumb, 144 bytes, Stack size 32 bytes, msh.o(i.msh_auto_complete))
<BR><BR>[Stack]<UL><LI>Max Depth = 252<LI>Call Chain = msh_auto_complete &rArr; msh_help &rArr; rt_kprintf &rArr; rt_vsnprintf &rArr; print_number &rArr; __aeabi_uidivmod
</UL>
<BR>[Calls]<UL><LI><a href="#[a3]">&gt;&gt;</a>&nbsp;&nbsp;&nbsp;rt_strncpy
<LI><a href="#[85]">&gt;&gt;</a>&nbsp;&nbsp;&nbsp;rt_kprintf
<LI><a href="#[93]">&gt;&gt;</a>&nbsp;&nbsp;&nbsp;strncmp
<LI><a href="#[89]">&gt;&gt;</a>&nbsp;&nbsp;&nbsp;strlen
<LI><a href="#[40]">&gt;&gt;</a>&nbsp;&nbsp;&nbsp;msh_help
<LI><a href="#[a2]">&gt;&gt;</a>&nbsp;&nbsp;&nbsp;str_common
</UL>
<BR>[Called By]<UL><LI><a href="#[88]">&gt;&gt;</a>&nbsp;&nbsp;&nbsp;shell_auto_complete
</UL>

<P><STRONG><a name="[8b]"></a>msh_exec</STRONG> (Thumb, 86 bytes, Stack size 16 bytes, msh.o(i.msh_exec))
<BR><BR>[Stack]<UL><LI>Max Depth = 324<LI>Call Chain = msh_exec &rArr; _msh_exec_cmd &rArr; msh_split &rArr; rt_kprintf &rArr; rt_vsnprintf &rArr; print_number &rArr; __aeabi_uidivmod
</UL>
<BR>[Calls]<UL><LI><a href="#[85]">&gt;&gt;</a>&nbsp;&nbsp;&nbsp;rt_kprintf
<LI><a href="#[66]">&gt;&gt;</a>&nbsp;&nbsp;&nbsp;_msh_exec_cmd
</UL>
<BR>[Called By]<UL><LI><a href="#[2b]">&gt;&gt;</a>&nbsp;&nbsp;&nbsp;finsh_thread_entry
</UL>

<P><STRONG><a name="[40]"></a>msh_help</STRONG> (Thumb, 66 bytes, Stack size 16 bytes, msh.o(i.msh_help))
<BR><BR>[Stack]<UL><LI>Max Depth = 220<LI>Call Chain = msh_help &rArr; rt_kprintf &rArr; rt_vsnprintf &rArr; print_number &rArr; __aeabi_uidivmod
</UL>
<BR>[Calls]<UL><LI><a href="#[85]">&gt;&gt;</a>&nbsp;&nbsp;&nbsp;rt_kprintf
<LI><a href="#[93]">&gt;&gt;</a>&nbsp;&nbsp;&nbsp;strncmp
</UL>
<BR>[Called By]<UL><LI><a href="#[a1]">&gt;&gt;</a>&nbsp;&nbsp;&nbsp;msh_auto_complete
</UL>
<BR>[Address Reference Count : 1]<UL><LI> msh.o(FSymTab)
</UL>
<P><STRONG><a name="[7e]"></a>msh_is_used</STRONG> (Thumb, 4 bytes, Stack size 0 bytes, msh.o(i.msh_is_used))
<BR><BR>[Called By]<UL><LI><a href="#[2b]">&gt;&gt;</a>&nbsp;&nbsp;&nbsp;finsh_thread_entry
<LI><a href="#[7c]">&gt;&gt;</a>&nbsp;&nbsp;&nbsp;finsh_get_prompt
<LI><a href="#[88]">&gt;&gt;</a>&nbsp;&nbsp;&nbsp;shell_auto_complete
</UL>

<P><STRONG><a name="[57]"></a>mt9v03x_dma</STRONG> (Thumb, 20 bytes, Stack size 0 bytes, seekfree_mt9v03x.o(i.mt9v03x_dma))
<BR><BR>[Called By]<UL><LI><a href="#[13]">&gt;&gt;</a>&nbsp;&nbsp;&nbsp;DMA1_Channel4_5_IRQHandler
</UL>

<P><STRONG><a name="[65]"></a>mt9v03x_uart_callback</STRONG> (Thumb, 66 bytes, Stack size 0 bytes, seekfree_mt9v03x.o(i.mt9v03x_uart_callback))
<BR><BR>[Called By]<UL><LI><a href="#[24]">&gt;&gt;</a>&nbsp;&nbsp;&nbsp;UART2_IRQHandler
</UL>

<P><STRONG><a name="[5b]"></a>mt9v03x_vsync</STRONG> (Thumb, 20 bytes, Stack size 0 bytes, seekfree_mt9v03x.o(i.mt9v03x_vsync))
<BR><BR>[Called By]<UL><LI><a href="#[f]">&gt;&gt;</a>&nbsp;&nbsp;&nbsp;EXTI4_15_IRQHandler
</UL>

<P><STRONG><a name="[a4]"></a>nvic_init</STRONG> (Thumb, 22 bytes, Stack size 24 bytes, common.o(i.nvic_init))
<BR><BR>[Stack]<UL><LI>Max Depth = 24<LI>Call Chain = nvic_init
</UL>
<BR>[Calls]<UL><LI><a href="#[a5]">&gt;&gt;</a>&nbsp;&nbsp;&nbsp;NVIC_Init
</UL>
<BR>[Called By]<UL><LI><a href="#[b4]">&gt;&gt;</a>&nbsp;&nbsp;&nbsp;systick_config
<LI><a href="#[72]">&gt;&gt;</a>&nbsp;&nbsp;&nbsp;uart_rx_irq
</UL>

<P><STRONG><a name="[64]"></a>ov7725_cof_uart_interrupt</STRONG> (Thumb, 66 bytes, Stack size 0 bytes, seekfree_uart_7725.o(i.ov7725_cof_uart_interrupt))
<BR><BR>[Called By]<UL><LI><a href="#[24]">&gt;&gt;</a>&nbsp;&nbsp;&nbsp;UART2_IRQHandler
</UL>

<P><STRONG><a name="[56]"></a>ov7725_uart_dma</STRONG> (Thumb, 20 bytes, Stack size 0 bytes, seekfree_uart_7725.o(i.ov7725_uart_dma))
<BR><BR>[Called By]<UL><LI><a href="#[13]">&gt;&gt;</a>&nbsp;&nbsp;&nbsp;DMA1_Channel4_5_IRQHandler
</UL>

<P><STRONG><a name="[5a]"></a>ov7725_uart_vsync</STRONG> (Thumb, 22 bytes, Stack size 0 bytes, seekfree_uart_7725.o(i.ov7725_uart_vsync))
<BR><BR>[Called By]<UL><LI><a href="#[f]">&gt;&gt;</a>&nbsp;&nbsp;&nbsp;EXTI4_15_IRQHandler
</UL>

<P><STRONG><a name="[73]"></a>pwm_duty_updata</STRONG> (Thumb, 154 bytes, Stack size 40 bytes, zf_pwm.o(i.pwm_duty_updata))
<BR><BR>[Stack]<UL><LI>Max Depth = 60<LI>Call Chain = pwm_duty_updata &rArr; __aeabi_ui2f &rArr; _float_epilogue
</UL>
<BR>[Calls]<UL><LI><a href="#[4b]">&gt;&gt;</a>&nbsp;&nbsp;&nbsp;__aeabi_fdiv
<LI><a href="#[a7]">&gt;&gt;</a>&nbsp;&nbsp;&nbsp;__aeabi_fmul
<LI><a href="#[4d]">&gt;&gt;</a>&nbsp;&nbsp;&nbsp;__aeabi_ui2f
<LI><a href="#[a8]">&gt;&gt;</a>&nbsp;&nbsp;&nbsp;__aeabi_f2uiz
</UL>
<BR>[Called By]<UL><LI><a href="#[0]">&gt;&gt;</a>&nbsp;&nbsp;&nbsp;cycleRotate
</UL>

<P><STRONG><a name="[7a]"></a>pwm_init</STRONG> (Thumb, 608 bytes, Stack size 56 bytes, zf_pwm.o(i.pwm_init))
<BR><BR>[Stack]<UL><LI>Max Depth = 100<LI>Call Chain = pwm_init &rArr; pwm_pin_init &rArr; afio_init
</UL>
<BR>[Calls]<UL><LI><a href="#[4b]">&gt;&gt;</a>&nbsp;&nbsp;&nbsp;__aeabi_fdiv
<LI><a href="#[a7]">&gt;&gt;</a>&nbsp;&nbsp;&nbsp;__aeabi_fmul
<LI><a href="#[4d]">&gt;&gt;</a>&nbsp;&nbsp;&nbsp;__aeabi_ui2f
<LI><a href="#[a8]">&gt;&gt;</a>&nbsp;&nbsp;&nbsp;__aeabi_f2uiz
<LI><a href="#[a9]">&gt;&gt;</a>&nbsp;&nbsp;&nbsp;pwm_pin_init
<LI><a href="#[47]">&gt;&gt;</a>&nbsp;&nbsp;&nbsp;__aeabi_uidivmod
</UL>
<BR>[Called By]<UL><LI><a href="#[1]">&gt;&gt;</a>&nbsp;&nbsp;&nbsp;driverInit
</UL>

<P><STRONG><a name="[aa]"></a>rt_application_init</STRONG> (Thumb, 32 bytes, Stack size 16 bytes, components.o(i.rt_application_init))
<BR><BR>[Stack]<UL><LI>Max Depth = 308<LI>Call Chain = rt_application_init &rArr; rt_thread_create &rArr; rt_object_delete &rArr; rt_free &rArr; rt_kprintf &rArr; rt_vsnprintf &rArr; print_number &rArr; __aeabi_uidivmod
</UL>
<BR>[Calls]<UL><LI><a href="#[79]">&gt;&gt;</a>&nbsp;&nbsp;&nbsp;rt_thread_startup
<LI><a href="#[78]">&gt;&gt;</a>&nbsp;&nbsp;&nbsp;rt_thread_create
</UL>
<BR>[Called By]<UL><LI><a href="#[50]">&gt;&gt;</a>&nbsp;&nbsp;&nbsp;rtthread_startup
</UL>

<P><STRONG><a name="[84]"></a>rt_calloc</STRONG> (Thumb, 40 bytes, Stack size 16 bytes, mem.o(i.rt_calloc))
<BR><BR>[Stack]<UL><LI>Max Depth = 136<LI>Call Chain = rt_calloc &rArr; rt_malloc &rArr; rt_sem_take &rArr; rt_ipc_list_suspend &rArr; rt_thread_suspend &rArr; rt_timer_stop &rArr; _rt_timer_remove
</UL>
<BR>[Calls]<UL><LI><a href="#[6b]">&gt;&gt;</a>&nbsp;&nbsp;&nbsp;rt_memset
<LI><a href="#[ab]">&gt;&gt;</a>&nbsp;&nbsp;&nbsp;rt_malloc
</UL>
<BR>[Called By]<UL><LI><a href="#[34]">&gt;&gt;</a>&nbsp;&nbsp;&nbsp;finsh_system_init
</UL>

<P><STRONG><a name="[b5]"></a>rt_components_board_init</STRONG> (Thumb, 20 bytes, Stack size 8 bytes, components.o(i.rt_components_board_init))
<BR><BR>[Stack]<UL><LI>Max Depth = 8<LI>Call Chain = rt_components_board_init
</UL>
<BR>[Called By]<UL><LI><a href="#[b3]">&gt;&gt;</a>&nbsp;&nbsp;&nbsp;rt_hw_board_init
</UL>

<P><STRONG><a name="[9f]"></a>rt_components_init</STRONG> (Thumb, 20 bytes, Stack size 8 bytes, components.o(i.rt_components_init))
<BR><BR>[Stack]<UL><LI>Max Depth = 8<LI>Call Chain = rt_components_init
</UL>
<BR>[Called By]<UL><LI><a href="#[2c]">&gt;&gt;</a>&nbsp;&nbsp;&nbsp;main_thread_entry
</UL>

<P><STRONG><a name="[ac]"></a>rt_enter_critical</STRONG> (Thumb, 28 bytes, Stack size 8 bytes, scheduler.o(i.rt_enter_critical))
<BR><BR>[Stack]<UL><LI>Max Depth = 8<LI>Call Chain = rt_enter_critical
</UL>
<BR>[Calls]<UL><LI><a href="#[98]">&gt;&gt;</a>&nbsp;&nbsp;&nbsp;rt_hw_interrupt_enable
<LI><a href="#[97]">&gt;&gt;</a>&nbsp;&nbsp;&nbsp;rt_hw_interrupt_disable
</UL>
<BR>[Called By]<UL><LI><a href="#[cf]">&gt;&gt;</a>&nbsp;&nbsp;&nbsp;rt_object_init
<LI><a href="#[de]">&gt;&gt;</a>&nbsp;&nbsp;&nbsp;rt_thread_idle_excute
</UL>

<P><STRONG><a name="[ad]"></a>rt_exit_critical</STRONG> (Thumb, 64 bytes, Stack size 8 bytes, scheduler.o(i.rt_exit_critical))
<BR><BR>[Stack]<UL><LI>Max Depth = 32<LI>Call Chain = rt_exit_critical &rArr; rt_schedule
</UL>
<BR>[Calls]<UL><LI><a href="#[ae]">&gt;&gt;</a>&nbsp;&nbsp;&nbsp;rt_schedule
<LI><a href="#[98]">&gt;&gt;</a>&nbsp;&nbsp;&nbsp;rt_hw_interrupt_enable
<LI><a href="#[97]">&gt;&gt;</a>&nbsp;&nbsp;&nbsp;rt_hw_interrupt_disable
</UL>
<BR>[Called By]<UL><LI><a href="#[cf]">&gt;&gt;</a>&nbsp;&nbsp;&nbsp;rt_object_init
<LI><a href="#[de]">&gt;&gt;</a>&nbsp;&nbsp;&nbsp;rt_thread_idle_excute
</UL>

<P><STRONG><a name="[af]"></a>rt_free</STRONG> (Thumb, 134 bytes, Stack size 16 bytes, mem.o(i.rt_free))
<BR><BR>[Stack]<UL><LI>Max Depth = 220<LI>Call Chain = rt_free &rArr; rt_kprintf &rArr; rt_vsnprintf &rArr; print_number &rArr; __aeabi_uidivmod
</UL>
<BR>[Calls]<UL><LI><a href="#[b1]">&gt;&gt;</a>&nbsp;&nbsp;&nbsp;plug_holes
<LI><a href="#[85]">&gt;&gt;</a>&nbsp;&nbsp;&nbsp;rt_kprintf
<LI><a href="#[b0]">&gt;&gt;</a>&nbsp;&nbsp;&nbsp;rt_sem_take
<LI><a href="#[b2]">&gt;&gt;</a>&nbsp;&nbsp;&nbsp;rt_sem_release
</UL>
<BR>[Called By]<UL><LI><a href="#[c6]">&gt;&gt;</a>&nbsp;&nbsp;&nbsp;rt_object_delete
<LI><a href="#[de]">&gt;&gt;</a>&nbsp;&nbsp;&nbsp;rt_thread_idle_excute
</UL>

<P><STRONG><a name="[b7]"></a>rt_heap_begin_get</STRONG> (Thumb, 4 bytes, Stack size 0 bytes, board.o(i.rt_heap_begin_get))
<BR><BR>[Called By]<UL><LI><a href="#[b3]">&gt;&gt;</a>&nbsp;&nbsp;&nbsp;rt_hw_board_init
</UL>

<P><STRONG><a name="[b6]"></a>rt_heap_end_get</STRONG> (Thumb, 4 bytes, Stack size 0 bytes, board.o(i.rt_heap_end_get))
<BR><BR>[Called By]<UL><LI><a href="#[b3]">&gt;&gt;</a>&nbsp;&nbsp;&nbsp;rt_hw_board_init
</UL>

<P><STRONG><a name="[b3]"></a>rt_hw_board_init</STRONG> (Thumb, 64 bytes, Stack size 16 bytes, board.o(i.rt_hw_board_init))
<BR><BR>[Stack]<UL><LI>Max Depth = 276<LI>Call Chain = rt_hw_board_init &rArr; rt_mb_create &rArr; rt_object_delete &rArr; rt_free &rArr; rt_kprintf &rArr; rt_vsnprintf &rArr; print_number &rArr; __aeabi_uidivmod
</UL>
<BR>[Calls]<UL><LI><a href="#[b9]">&gt;&gt;</a>&nbsp;&nbsp;&nbsp;rt_mb_create
<LI><a href="#[b5]">&gt;&gt;</a>&nbsp;&nbsp;&nbsp;rt_components_board_init
<LI><a href="#[70]">&gt;&gt;</a>&nbsp;&nbsp;&nbsp;board_init
<LI><a href="#[b4]">&gt;&gt;</a>&nbsp;&nbsp;&nbsp;systick_config
<LI><a href="#[b6]">&gt;&gt;</a>&nbsp;&nbsp;&nbsp;rt_heap_end_get
<LI><a href="#[b7]">&gt;&gt;</a>&nbsp;&nbsp;&nbsp;rt_heap_begin_get
<LI><a href="#[b8]">&gt;&gt;</a>&nbsp;&nbsp;&nbsp;rt_system_heap_init
<LI><a href="#[47]">&gt;&gt;</a>&nbsp;&nbsp;&nbsp;__aeabi_uidivmod
</UL>
<BR>[Called By]<UL><LI><a href="#[50]">&gt;&gt;</a>&nbsp;&nbsp;&nbsp;rtthread_startup
</UL>

<P><STRONG><a name="[82]"></a>rt_hw_console_getchar</STRONG> (Thumb, 22 bytes, Stack size 8 bytes, board.o(i.rt_hw_console_getchar))
<BR><BR>[Stack]<UL><LI>Max Depth = 120<LI>Call Chain = rt_hw_console_getchar &rArr; rt_mb_recv &rArr; rt_ipc_list_suspend &rArr; rt_thread_suspend &rArr; rt_timer_stop &rArr; _rt_timer_remove
</UL>
<BR>[Calls]<UL><LI><a href="#[ba]">&gt;&gt;</a>&nbsp;&nbsp;&nbsp;rt_mb_recv
</UL>
<BR>[Called By]<UL><LI><a href="#[81]">&gt;&gt;</a>&nbsp;&nbsp;&nbsp;finsh_getchar
</UL>

<P><STRONG><a name="[bb]"></a>rt_hw_console_output</STRONG> (Thumb, 40 bytes, Stack size 8 bytes, board.o(i.rt_hw_console_output))
<BR><BR>[Stack]<UL><LI>Max Depth = 8<LI>Call Chain = rt_hw_console_output
</UL>
<BR>[Calls]<UL><LI><a href="#[bc]">&gt;&gt;</a>&nbsp;&nbsp;&nbsp;uart_putchar
</UL>
<BR>[Called By]<UL><LI><a href="#[85]">&gt;&gt;</a>&nbsp;&nbsp;&nbsp;rt_kprintf
</UL>

<P><STRONG><a name="[45]"></a>rt_hw_hard_fault_exception</STRONG> (Thumb, 84 bytes, Stack size 0 bytes, cpuport.o(i.rt_hw_hard_fault_exception))
<BR><BR>[Stack]<UL><LI>Max Depth = 452<LI>Call Chain = rt_hw_hard_fault_exception &rArr; list_thread &rArr; object_split &rArr; rt_kprintf &rArr; rt_vsnprintf &rArr; print_number &rArr; __aeabi_uidivmod
</UL>
<BR>[Calls]<UL><LI><a href="#[39]">&gt;&gt;</a>&nbsp;&nbsp;&nbsp;list_thread
<LI><a href="#[85]">&gt;&gt;</a>&nbsp;&nbsp;&nbsp;rt_kprintf
</UL>
<BR>[Called By]<UL><LI><a href="#[4]">&gt;&gt;</a>&nbsp;&nbsp;&nbsp;HardFault_Handler
</UL>

<P><STRONG><a name="[6c]"></a>rt_hw_stack_init</STRONG> (Thumb, 58 bytes, Stack size 36 bytes, cpuport.o(i.rt_hw_stack_init))
<BR><BR>[Stack]<UL><LI>Max Depth = 36<LI>Call Chain = rt_hw_stack_init
</UL>
<BR>[Called By]<UL><LI><a href="#[6a]">&gt;&gt;</a>&nbsp;&nbsp;&nbsp;_rt_thread_init
</UL>

<P><STRONG><a name="[52]"></a>rt_interrupt_enter</STRONG> (Thumb, 26 bytes, Stack size 8 bytes, irq.o(i.rt_interrupt_enter))
<BR><BR>[Stack]<UL><LI>Max Depth = 8<LI>Call Chain = rt_interrupt_enter
</UL>
<BR>[Calls]<UL><LI><a href="#[98]">&gt;&gt;</a>&nbsp;&nbsp;&nbsp;rt_hw_interrupt_enable
<LI><a href="#[97]">&gt;&gt;</a>&nbsp;&nbsp;&nbsp;rt_hw_interrupt_disable
</UL>
<BR>[Called By]<UL><LI><a href="#[23]">&gt;&gt;</a>&nbsp;&nbsp;&nbsp;UART1_IRQHandler
<LI><a href="#[7]">&gt;&gt;</a>&nbsp;&nbsp;&nbsp;SysTick_Handler
<LI><a href="#[24]">&gt;&gt;</a>&nbsp;&nbsp;&nbsp;UART2_IRQHandler
<LI><a href="#[19]">&gt;&gt;</a>&nbsp;&nbsp;&nbsp;TIM8_BRK_UP_TRG_COM_IRQHandler
<LI><a href="#[18]">&gt;&gt;</a>&nbsp;&nbsp;&nbsp;TIM3_IRQHandler
<LI><a href="#[17]">&gt;&gt;</a>&nbsp;&nbsp;&nbsp;TIM2_IRQHandler
<LI><a href="#[15]">&gt;&gt;</a>&nbsp;&nbsp;&nbsp;TIM1_BRK_UP_TRG_COM_IRQHandler
<LI><a href="#[1e]">&gt;&gt;</a>&nbsp;&nbsp;&nbsp;TIM17_IRQHandler
<LI><a href="#[1d]">&gt;&gt;</a>&nbsp;&nbsp;&nbsp;TIM16_IRQHandler
<LI><a href="#[1b]">&gt;&gt;</a>&nbsp;&nbsp;&nbsp;TIM14_IRQHandler
<LI><a href="#[f]">&gt;&gt;</a>&nbsp;&nbsp;&nbsp;EXTI4_15_IRQHandler
<LI><a href="#[e]">&gt;&gt;</a>&nbsp;&nbsp;&nbsp;EXTI2_3_IRQHandler
<LI><a href="#[d]">&gt;&gt;</a>&nbsp;&nbsp;&nbsp;EXTI0_1_IRQHandler
<LI><a href="#[13]">&gt;&gt;</a>&nbsp;&nbsp;&nbsp;DMA1_Channel4_5_IRQHandler
<LI><a href="#[12]">&gt;&gt;</a>&nbsp;&nbsp;&nbsp;DMA1_Channel2_3_IRQHandler
<LI><a href="#[11]">&gt;&gt;</a>&nbsp;&nbsp;&nbsp;DMA1_Channel1_IRQHandler
</UL>

<P><STRONG><a name="[55]"></a>rt_interrupt_leave</STRONG> (Thumb, 26 bytes, Stack size 8 bytes, irq.o(i.rt_interrupt_leave))
<BR><BR>[Stack]<UL><LI>Max Depth = 8<LI>Call Chain = rt_interrupt_leave
</UL>
<BR>[Calls]<UL><LI><a href="#[98]">&gt;&gt;</a>&nbsp;&nbsp;&nbsp;rt_hw_interrupt_enable
<LI><a href="#[97]">&gt;&gt;</a>&nbsp;&nbsp;&nbsp;rt_hw_interrupt_disable
</UL>
<BR>[Called By]<UL><LI><a href="#[23]">&gt;&gt;</a>&nbsp;&nbsp;&nbsp;UART1_IRQHandler
<LI><a href="#[7]">&gt;&gt;</a>&nbsp;&nbsp;&nbsp;SysTick_Handler
<LI><a href="#[24]">&gt;&gt;</a>&nbsp;&nbsp;&nbsp;UART2_IRQHandler
<LI><a href="#[19]">&gt;&gt;</a>&nbsp;&nbsp;&nbsp;TIM8_BRK_UP_TRG_COM_IRQHandler
<LI><a href="#[18]">&gt;&gt;</a>&nbsp;&nbsp;&nbsp;TIM3_IRQHandler
<LI><a href="#[17]">&gt;&gt;</a>&nbsp;&nbsp;&nbsp;TIM2_IRQHandler
<LI><a href="#[15]">&gt;&gt;</a>&nbsp;&nbsp;&nbsp;TIM1_BRK_UP_TRG_COM_IRQHandler
<LI><a href="#[1e]">&gt;&gt;</a>&nbsp;&nbsp;&nbsp;TIM17_IRQHandler
<LI><a href="#[1d]">&gt;&gt;</a>&nbsp;&nbsp;&nbsp;TIM16_IRQHandler
<LI><a href="#[1b]">&gt;&gt;</a>&nbsp;&nbsp;&nbsp;TIM14_IRQHandler
<LI><a href="#[f]">&gt;&gt;</a>&nbsp;&nbsp;&nbsp;EXTI4_15_IRQHandler
<LI><a href="#[e]">&gt;&gt;</a>&nbsp;&nbsp;&nbsp;EXTI2_3_IRQHandler
<LI><a href="#[d]">&gt;&gt;</a>&nbsp;&nbsp;&nbsp;EXTI0_1_IRQHandler
<LI><a href="#[13]">&gt;&gt;</a>&nbsp;&nbsp;&nbsp;DMA1_Channel4_5_IRQHandler
<LI><a href="#[12]">&gt;&gt;</a>&nbsp;&nbsp;&nbsp;DMA1_Channel2_3_IRQHandler
<LI><a href="#[11]">&gt;&gt;</a>&nbsp;&nbsp;&nbsp;DMA1_Channel1_IRQHandler
</UL>

<P><STRONG><a name="[85]"></a>rt_kprintf</STRONG> (Thumb, 46 bytes, Stack size 32 bytes, kservice.o(i.rt_kprintf))
<BR><BR>[Stack]<UL><LI>Max Depth = 204<LI>Call Chain = rt_kprintf &rArr; rt_vsnprintf &rArr; print_number &rArr; __aeabi_uidivmod
</UL>
<BR>[Calls]<UL><LI><a href="#[bb]">&gt;&gt;</a>&nbsp;&nbsp;&nbsp;rt_hw_console_output
<LI><a href="#[c4]">&gt;&gt;</a>&nbsp;&nbsp;&nbsp;rt_vsnprintf
</UL>
<BR>[Called By]<UL><LI><a href="#[b8]">&gt;&gt;</a>&nbsp;&nbsp;&nbsp;rt_system_heap_init
<LI><a href="#[39]">&gt;&gt;</a>&nbsp;&nbsp;&nbsp;list_thread
<LI><a href="#[45]">&gt;&gt;</a>&nbsp;&nbsp;&nbsp;rt_hw_hard_fault_exception
<LI><a href="#[36]">&gt;&gt;</a>&nbsp;&nbsp;&nbsp;list_mem
<LI><a href="#[af]">&gt;&gt;</a>&nbsp;&nbsp;&nbsp;rt_free
<LI><a href="#[d5]">&gt;&gt;</a>&nbsp;&nbsp;&nbsp;rt_show_version
<LI><a href="#[2b]">&gt;&gt;</a>&nbsp;&nbsp;&nbsp;finsh_thread_entry
<LI><a href="#[34]">&gt;&gt;</a>&nbsp;&nbsp;&nbsp;finsh_system_init
<LI><a href="#[88]">&gt;&gt;</a>&nbsp;&nbsp;&nbsp;shell_auto_complete
<LI><a href="#[40]">&gt;&gt;</a>&nbsp;&nbsp;&nbsp;msh_help
<LI><a href="#[8b]">&gt;&gt;</a>&nbsp;&nbsp;&nbsp;msh_exec
<LI><a href="#[a1]">&gt;&gt;</a>&nbsp;&nbsp;&nbsp;msh_auto_complete
<LI><a href="#[69]">&gt;&gt;</a>&nbsp;&nbsp;&nbsp;msh_split
<LI><a href="#[3e]">&gt;&gt;</a>&nbsp;&nbsp;&nbsp;list_timer
<LI><a href="#[3a]">&gt;&gt;</a>&nbsp;&nbsp;&nbsp;list_sem
<LI><a href="#[3d]">&gt;&gt;</a>&nbsp;&nbsp;&nbsp;list_msgqueue
<LI><a href="#[3c]">&gt;&gt;</a>&nbsp;&nbsp;&nbsp;list_mailbox
<LI><a href="#[3b]">&gt;&gt;</a>&nbsp;&nbsp;&nbsp;list_event
<LI><a href="#[3f]">&gt;&gt;</a>&nbsp;&nbsp;&nbsp;list
<LI><a href="#[37]">&gt;&gt;</a>&nbsp;&nbsp;&nbsp;hello
<LI><a href="#[9b]">&gt;&gt;</a>&nbsp;&nbsp;&nbsp;show_wait_queue
<LI><a href="#[95]">&gt;&gt;</a>&nbsp;&nbsp;&nbsp;object_split
</UL>

<P><STRONG><a name="[ab]"></a>rt_malloc</STRONG> (Thumb, 334 bytes, Stack size 24 bytes, mem.o(i.rt_malloc))
<BR><BR>[Stack]<UL><LI>Max Depth = 120<LI>Call Chain = rt_malloc &rArr; rt_sem_take &rArr; rt_ipc_list_suspend &rArr; rt_thread_suspend &rArr; rt_timer_stop &rArr; _rt_timer_remove
</UL>
<BR>[Calls]<UL><LI><a href="#[b0]">&gt;&gt;</a>&nbsp;&nbsp;&nbsp;rt_sem_take
<LI><a href="#[b2]">&gt;&gt;</a>&nbsp;&nbsp;&nbsp;rt_sem_release
</UL>
<BR>[Called By]<UL><LI><a href="#[b9]">&gt;&gt;</a>&nbsp;&nbsp;&nbsp;rt_mb_create
<LI><a href="#[78]">&gt;&gt;</a>&nbsp;&nbsp;&nbsp;rt_thread_create
<LI><a href="#[84]">&gt;&gt;</a>&nbsp;&nbsp;&nbsp;rt_calloc
<LI><a href="#[c5]">&gt;&gt;</a>&nbsp;&nbsp;&nbsp;rt_object_allocate
</UL>

<P><STRONG><a name="[b9]"></a>rt_mb_create</STRONG> (Thumb, 82 bytes, Stack size 24 bytes, ipc.o(i.rt_mb_create))
<BR><BR>[Stack]<UL><LI>Max Depth = 260<LI>Call Chain = rt_mb_create &rArr; rt_object_delete &rArr; rt_free &rArr; rt_kprintf &rArr; rt_vsnprintf &rArr; print_number &rArr; __aeabi_uidivmod
</UL>
<BR>[Calls]<UL><LI><a href="#[c5]">&gt;&gt;</a>&nbsp;&nbsp;&nbsp;rt_object_allocate
<LI><a href="#[ab]">&gt;&gt;</a>&nbsp;&nbsp;&nbsp;rt_malloc
<LI><a href="#[c3]">&gt;&gt;</a>&nbsp;&nbsp;&nbsp;rt_list_init
<LI><a href="#[c2]">&gt;&gt;</a>&nbsp;&nbsp;&nbsp;rt_ipc_object_init
<LI><a href="#[c6]">&gt;&gt;</a>&nbsp;&nbsp;&nbsp;rt_object_delete
</UL>
<BR>[Called By]<UL><LI><a href="#[b3]">&gt;&gt;</a>&nbsp;&nbsp;&nbsp;rt_hw_board_init
</UL>

<P><STRONG><a name="[ba]"></a>rt_mb_recv</STRONG> (Thumb, 254 bytes, Stack size 40 bytes, ipc.o(i.rt_mb_recv))
<BR><BR>[Stack]<UL><LI>Max Depth = 112<LI>Call Chain = rt_mb_recv &rArr; rt_ipc_list_suspend &rArr; rt_thread_suspend &rArr; rt_timer_stop &rArr; _rt_timer_remove
</UL>
<BR>[Calls]<UL><LI><a href="#[c9]">&gt;&gt;</a>&nbsp;&nbsp;&nbsp;rt_timer_start
<LI><a href="#[c8]">&gt;&gt;</a>&nbsp;&nbsp;&nbsp;rt_timer_control
<LI><a href="#[ae]">&gt;&gt;</a>&nbsp;&nbsp;&nbsp;rt_schedule
<LI><a href="#[ca]">&gt;&gt;</a>&nbsp;&nbsp;&nbsp;rt_list_isempty
<LI><a href="#[bf]">&gt;&gt;</a>&nbsp;&nbsp;&nbsp;rt_ipc_list_suspend
<LI><a href="#[bd]">&gt;&gt;</a>&nbsp;&nbsp;&nbsp;rt_ipc_list_resume
<LI><a href="#[c7]">&gt;&gt;</a>&nbsp;&nbsp;&nbsp;rt_thread_self
<LI><a href="#[98]">&gt;&gt;</a>&nbsp;&nbsp;&nbsp;rt_hw_interrupt_enable
<LI><a href="#[97]">&gt;&gt;</a>&nbsp;&nbsp;&nbsp;rt_hw_interrupt_disable
<LI><a href="#[9e]">&gt;&gt;</a>&nbsp;&nbsp;&nbsp;rt_tick_get
</UL>
<BR>[Called By]<UL><LI><a href="#[82]">&gt;&gt;</a>&nbsp;&nbsp;&nbsp;rt_hw_console_getchar
</UL>

<P><STRONG><a name="[63]"></a>rt_mb_send</STRONG> (Thumb, 18 bytes, Stack size 16 bytes, ipc.o(i.rt_mb_send))
<BR><BR>[Stack]<UL><LI>Max Depth = 128<LI>Call Chain = rt_mb_send &rArr; rt_mb_send_wait &rArr; rt_ipc_list_suspend &rArr; rt_thread_suspend &rArr; rt_timer_stop &rArr; _rt_timer_remove
</UL>
<BR>[Calls]<UL><LI><a href="#[cb]">&gt;&gt;</a>&nbsp;&nbsp;&nbsp;rt_mb_send_wait
</UL>
<BR>[Called By]<UL><LI><a href="#[23]">&gt;&gt;</a>&nbsp;&nbsp;&nbsp;UART1_IRQHandler
</UL>

<P><STRONG><a name="[cb]"></a>rt_mb_send_wait</STRONG> (Thumb, 254 bytes, Stack size 40 bytes, ipc.o(i.rt_mb_send_wait))
<BR><BR>[Stack]<UL><LI>Max Depth = 112<LI>Call Chain = rt_mb_send_wait &rArr; rt_ipc_list_suspend &rArr; rt_thread_suspend &rArr; rt_timer_stop &rArr; _rt_timer_remove
</UL>
<BR>[Calls]<UL><LI><a href="#[c9]">&gt;&gt;</a>&nbsp;&nbsp;&nbsp;rt_timer_start
<LI><a href="#[c8]">&gt;&gt;</a>&nbsp;&nbsp;&nbsp;rt_timer_control
<LI><a href="#[ae]">&gt;&gt;</a>&nbsp;&nbsp;&nbsp;rt_schedule
<LI><a href="#[ca]">&gt;&gt;</a>&nbsp;&nbsp;&nbsp;rt_list_isempty
<LI><a href="#[bf]">&gt;&gt;</a>&nbsp;&nbsp;&nbsp;rt_ipc_list_suspend
<LI><a href="#[bd]">&gt;&gt;</a>&nbsp;&nbsp;&nbsp;rt_ipc_list_resume
<LI><a href="#[c7]">&gt;&gt;</a>&nbsp;&nbsp;&nbsp;rt_thread_self
<LI><a href="#[98]">&gt;&gt;</a>&nbsp;&nbsp;&nbsp;rt_hw_interrupt_enable
<LI><a href="#[97]">&gt;&gt;</a>&nbsp;&nbsp;&nbsp;rt_hw_interrupt_disable
<LI><a href="#[9e]">&gt;&gt;</a>&nbsp;&nbsp;&nbsp;rt_tick_get
</UL>
<BR>[Called By]<UL><LI><a href="#[63]">&gt;&gt;</a>&nbsp;&nbsp;&nbsp;rt_mb_send
</UL>

<P><STRONG><a name="[8a]"></a>rt_memmove</STRONG> (Thumb, 66 bytes, Stack size 16 bytes, kservice.o(i.rt_memmove))
<BR><BR>[Stack]<UL><LI>Max Depth = 16<LI>Call Chain = rt_memmove
</UL>
<BR>[Called By]<UL><LI><a href="#[2b]">&gt;&gt;</a>&nbsp;&nbsp;&nbsp;finsh_thread_entry
</UL>

<P><STRONG><a name="[6b]"></a>rt_memset</STRONG> (Thumb, 78 bytes, Stack size 32 bytes, kservice.o(i.rt_memset))
<BR><BR>[Stack]<UL><LI>Max Depth = 32<LI>Call Chain = rt_memset
</UL>
<BR>[Called By]<UL><LI><a href="#[6a]">&gt;&gt;</a>&nbsp;&nbsp;&nbsp;_rt_thread_init
<LI><a href="#[84]">&gt;&gt;</a>&nbsp;&nbsp;&nbsp;rt_calloc
<LI><a href="#[c5]">&gt;&gt;</a>&nbsp;&nbsp;&nbsp;rt_object_allocate
</UL>

<P><STRONG><a name="[c5]"></a>rt_object_allocate</STRONG> (Thumb, 80 bytes, Stack size 24 bytes, object.o(i.rt_object_allocate))
<BR><BR>[Stack]<UL><LI>Max Depth = 144<LI>Call Chain = rt_object_allocate &rArr; rt_malloc &rArr; rt_sem_take &rArr; rt_ipc_list_suspend &rArr; rt_thread_suspend &rArr; rt_timer_stop &rArr; _rt_timer_remove
</UL>
<BR>[Calls]<UL><LI><a href="#[9c]">&gt;&gt;</a>&nbsp;&nbsp;&nbsp;rt_object_get_information
<LI><a href="#[cc]">&gt;&gt;</a>&nbsp;&nbsp;&nbsp;rt_list_insert_after
<LI><a href="#[a3]">&gt;&gt;</a>&nbsp;&nbsp;&nbsp;rt_strncpy
<LI><a href="#[6b]">&gt;&gt;</a>&nbsp;&nbsp;&nbsp;rt_memset
<LI><a href="#[ab]">&gt;&gt;</a>&nbsp;&nbsp;&nbsp;rt_malloc
<LI><a href="#[98]">&gt;&gt;</a>&nbsp;&nbsp;&nbsp;rt_hw_interrupt_enable
<LI><a href="#[97]">&gt;&gt;</a>&nbsp;&nbsp;&nbsp;rt_hw_interrupt_disable
</UL>
<BR>[Called By]<UL><LI><a href="#[b9]">&gt;&gt;</a>&nbsp;&nbsp;&nbsp;rt_mb_create
<LI><a href="#[78]">&gt;&gt;</a>&nbsp;&nbsp;&nbsp;rt_thread_create
</UL>

<P><STRONG><a name="[c6]"></a>rt_object_delete</STRONG> (Thumb, 36 bytes, Stack size 16 bytes, object.o(i.rt_object_delete))
[...]
</UL>
<BR>[Calls]<UL><LI><a href="#[7a]">&gt;&gt;</a>&nbsp;&nbsp;&nbsp;pwm_init
<LI><a href="#[7b]">&gt;&gt;</a>&nbsp;&nbsp;&nbsp;afio_init
</UL>
<BR>[Address Reference Count : 1]<UL><LI> driver.o(.data)
</UL>
<P><STRONG><a name="[5e]"></a>_errorHandler</STRONG> (Thumb, 4 bytes, Stack size 0 bytes, scope.o(i._errorHandler))
<BR><BR>[Called By]<UL><LI><a href="#[5c]">&gt;&gt;</a>&nbsp;&nbsp;&nbsp;ListNode
</UL>

<P><STRONG><a name="[b4]"></a>systick_config</STRONG> (Thumb, 46 bytes, Stack size 8 bytes, board.o(i.systick_config))
<BR><BR>[Stack]<UL><LI>Max Depth = 32<LI>Call Chain = systick_config &rArr; nvic_init
</UL>
<BR>[Calls]<UL><LI><a href="#[a4]">&gt;&gt;</a>&nbsp;&nbsp;&nbsp;nvic_init
</UL>
<BR>[Called By]<UL><LI><a href="#[b3]">&gt;&gt;</a>&nbsp;&nbsp;&nbsp;rt_hw_board_init
</UL>

<P><STRONG><a name="[5f]"></a>SetSysClock</STRONG> (Thumb, 8 bytes, Stack size 8 bytes, system_mm32spin2xx_p.o(i.SetSysClock))
<BR><BR>[Stack]<UL><LI>Max Depth = 100<LI>Call Chain = SetSysClock &rArr; SetSysClockToXX &rArr; AutoCalPllFactor &rArr; __aeabi_uidivmod
</UL>
<BR>[Calls]<UL><LI><a href="#[60]">&gt;&gt;</a>&nbsp;&nbsp;&nbsp;SetSysClockToXX
</UL>
<BR>[Called By]<UL><LI><a href="#[26]">&gt;&gt;</a>&nbsp;&nbsp;&nbsp;SystemInit
</UL>

<P><STRONG><a name="[60]"></a>SetSysClockToXX</STRONG> (Thumb, 330 bytes, Stack size 32 bytes, system_mm32spin2xx_p.o(i.SetSysClockToXX))
<BR><BR>[Stack]<UL><LI>Max Depth = 92<LI>Call Chain = SetSysClockToXX &rArr; AutoCalPllFactor &rArr; __aeabi_uidivmod
</UL>
<BR>[Calls]<UL><LI><a href="#[51]">&gt;&gt;</a>&nbsp;&nbsp;&nbsp;AutoCalPllFactor
<LI><a href="#[47]">&gt;&gt;</a>&nbsp;&nbsp;&nbsp;__aeabi_uidivmod
</UL>
<BR>[Called By]<UL><LI><a href="#[5f]">&gt;&gt;</a>&nbsp;&nbsp;&nbsp;SetSysClock
</UL>

<P><STRONG><a name="[a9]"></a>pwm_pin_init</STRONG> (Thumb, 24 bytes, Stack size 8 bytes, zf_pwm.o(i.pwm_pin_init))
<BR><BR>[Stack]<UL><LI>Max Depth = 44<LI>Call Chain = pwm_pin_init &rArr; afio_init
</UL>
<BR>[Calls]<UL><LI><a href="#[7b]">&gt;&gt;</a>&nbsp;&nbsp;&nbsp;afio_init
</UL>
<BR>[Called By]<UL><LI><a href="#[7a]">&gt;&gt;</a>&nbsp;&nbsp;&nbsp;pwm_init
</UL>

<P><STRONG><a name="[ef]"></a>spi_pin_init</STRONG> (Thumb, 96 bytes, Stack size 24 bytes, zf_spi.o(i.spi_pin_init))
<BR><BR>[Stack]<UL><LI>Max Depth = 60<LI>Call Chain = spi_pin_init &rArr; afio_init
</UL>
<BR>[Calls]<UL><LI><a href="#[7b]">&gt;&gt;</a>&nbsp;&nbsp;&nbsp;afio_init
</UL>
<BR>[Called By]<UL><LI><a href="#[8f]">&gt;&gt;</a>&nbsp;&nbsp;&nbsp;spi_init
</UL>

<P><STRONG><a name="[f0]"></a>uart_pin_init</STRONG> (Thumb, 44 bytes, Stack size 16 bytes, zf_uart.o(i.uart_pin_init))
<BR><BR>[Stack]<UL><LI>Max Depth = 52<LI>Call Chain = uart_pin_init &rArr; afio_init
</UL>
<BR>[Calls]<UL><LI><a href="#[7b]">&gt;&gt;</a>&nbsp;&nbsp;&nbsp;afio_init
</UL>
<BR>[Called By]<UL><LI><a href="#[71]">&gt;&gt;</a>&nbsp;&nbsp;&nbsp;uart_init
</UL>

<P><STRONG><a name="[8d]"></a>ips114_set_region</STRONG> (Thumb, 70 bytes, Stack size 24 bytes, seekfree_ips114_spi.o(i.ips114_set_region))
<BR><BR>[Stack]<UL><LI>Max Depth = 56<LI>Call Chain = ips114_set_region &rArr; ips114_writedata_16bit &rArr; spi_mosi
</UL>
<BR>[Calls]<UL><LI><a href="#[8e]">&gt;&gt;</a>&nbsp;&nbsp;&nbsp;ips114_writedata_16bit
<LI><a href="#[90]">&gt;&gt;</a>&nbsp;&nbsp;&nbsp;ips114_writeIndex
</UL>
<BR>[Called By]<UL><LI><a href="#[8c]">&gt;&gt;</a>&nbsp;&nbsp;&nbsp;ips114_clear
</UL>

<P><STRONG><a name="[91]"></a>ips114_writeData</STRONG> (Thumb, 70 bytes, Stack size 8 bytes, seekfree_ips114_spi.o(i.ips114_writeData))
<BR><BR>[Stack]<UL><LI>Max Depth = 24<LI>Call Chain = ips114_writeData &rArr; spi_mosi
</UL>
<BR>[Calls]<UL><LI><a href="#[92]">&gt;&gt;</a>&nbsp;&nbsp;&nbsp;spi_mosi
</UL>
<BR>[Called By]<UL><LI><a href="#[77]">&gt;&gt;</a>&nbsp;&nbsp;&nbsp;ips114_init
</UL>

<P><STRONG><a name="[90]"></a>ips114_writeIndex</STRONG> (Thumb, 70 bytes, Stack size 8 bytes, seekfree_ips114_spi.o(i.ips114_writeIndex))
<BR><BR>[Stack]<UL><LI>Max Depth = 24<LI>Call Chain = ips114_writeIndex &rArr; spi_mosi
</UL>
<BR>[Calls]<UL><LI><a href="#[92]">&gt;&gt;</a>&nbsp;&nbsp;&nbsp;spi_mosi
</UL>
<BR>[Called By]<UL><LI><a href="#[77]">&gt;&gt;</a>&nbsp;&nbsp;&nbsp;ips114_init
<LI><a href="#[8d]">&gt;&gt;</a>&nbsp;&nbsp;&nbsp;ips114_set_region
</UL>

<P><STRONG><a name="[8e]"></a>ips114_writedata_16bit</STRONG> (Thumb, 80 bytes, Stack size 16 bytes, seekfree_ips114_spi.o(i.ips114_writedata_16bit))
<BR><BR>[Stack]<UL><LI>Max Depth = 32<LI>Call Chain = ips114_writedata_16bit &rArr; spi_mosi
</UL>
<BR>[Calls]<UL><LI><a href="#[92]">&gt;&gt;</a>&nbsp;&nbsp;&nbsp;spi_mosi
</UL>
<BR>[Called By]<UL><LI><a href="#[8c]">&gt;&gt;</a>&nbsp;&nbsp;&nbsp;ips114_clear
<LI><a href="#[8d]">&gt;&gt;</a>&nbsp;&nbsp;&nbsp;ips114_set_region
</UL>

<P><STRONG><a name="[30]"></a>rti_board_end</STRONG> (Thumb, 4 bytes, Stack size 0 bytes, components.o(i.rti_board_end))
<BR>[Address Reference Count : 1]<UL><LI> components.o(.rti_fn.1.end)
</UL>
<P><STRONG><a name="[2f]"></a>rti_board_start</STRONG> (Thumb, 4 bytes, Stack size 0 bytes, components.o(i.rti_board_start))
<BR>[Address Reference Count : 1]<UL><LI> components.o(.rti_fn.0.end)
</UL>
<P><STRONG><a name="[35]"></a>rti_end</STRONG> (Thumb, 4 bytes, Stack size 0 bytes, components.o(i.rti_end))
<BR>[Address Reference Count : 1]<UL><LI> components.o(.rti_fn.6.end)
</UL>
<P><STRONG><a name="[2e]"></a>rti_start</STRONG> (Thumb, 4 bytes, Stack size 0 bytes, components.o(i.rti_start))
<BR>[Address Reference Count : 1]<UL><LI> components.o(.rti_fn.0)
</UL>
<P><STRONG><a name="[df]"></a>_has_defunct_thread</STRONG> (Thumb, 16 bytes, Stack size 0 bytes, idle.o(i._has_defunct_thread))
<BR><BR>[Called By]<UL><LI><a href="#[de]">&gt;&gt;</a>&nbsp;&nbsp;&nbsp;rt_thread_idle_excute
</UL>

<P><STRONG><a name="[2d]"></a>rt_thread_idle_entry</STRONG> (Thumb, 8 bytes, Stack size 0 bytes, idle.o(i.rt_thread_idle_entry))
<BR><BR>[Stack]<UL><LI>Max Depth = 252<LI>Call Chain = rt_thread_idle_entry &rArr; rt_thread_idle_excute &rArr; rt_object_delete &rArr; rt_free &rArr; rt_kprintf &rArr; rt_vsnprintf &rArr; print_number &rArr; __aeabi_uidivmod
</UL>
<BR>[Calls]<UL><LI><a href="#[de]">&gt;&gt;</a>&nbsp;&nbsp;&nbsp;rt_thread_idle_excute
</UL>
<BR>[Address Reference Count : 1]<UL><LI> idle.o(i.rt_thread_idle_init)
</UL>
<P><STRONG><a name="[bd]"></a>rt_ipc_list_resume</STRONG> (Thumb, 20 bytes, Stack size 16 bytes, ipc.o(i.rt_ipc_list_resume))
<BR><BR>[Stack]<UL><LI>Max Depth = 56<LI>Call Chain = rt_ipc_list_resume &rArr; rt_thread_resume &rArr; rt_timer_stop &rArr; _rt_timer_remove
</UL>
<BR>[Calls]<UL><LI><a href="#[be]">&gt;&gt;</a>&nbsp;&nbsp;&nbsp;rt_thread_resume
</UL>
<BR>[Called By]<UL><LI><a href="#[ba]">&gt;&gt;</a>&nbsp;&nbsp;&nbsp;rt_mb_recv
<LI><a href="#[b2]">&gt;&gt;</a>&nbsp;&nbsp;&nbsp;rt_sem_release
<LI><a href="#[cb]">&gt;&gt;</a>&nbsp;&nbsp;&nbsp;rt_mb_send_wait
</UL>

<P><STRONG><a name="[bf]"></a>rt_ipc_list_suspend</STRONG> (Thumb, 98 bytes, Stack size 32 bytes, ipc.o(i.rt_ipc_list_suspend))
<BR><BR>[Stack]<UL><LI>Max Depth = 72<LI>Call Chain = rt_ipc_list_suspend &rArr; rt_thread_suspend &rArr; rt_timer_stop &rArr; _rt_timer_remove
</UL>
<BR>[Calls]<UL><LI><a href="#[c0]">&gt;&gt;</a>&nbsp;&nbsp;&nbsp;rt_thread_suspend
<LI><a href="#[c1]">&gt;&gt;</a>&nbsp;&nbsp;&nbsp;rt_list_insert_before
</UL>
<BR>[Called By]<UL><LI><a href="#[ba]">&gt;&gt;</a>&nbsp;&nbsp;&nbsp;rt_mb_recv
<LI><a href="#[b0]">&gt;&gt;</a>&nbsp;&nbsp;&nbsp;rt_sem_take
<LI><a href="#[cb]">&gt;&gt;</a>&nbsp;&nbsp;&nbsp;rt_mb_send_wait
</UL>

<P><STRONG><a name="[c2]"></a>rt_ipc_object_init</STRONG> (Thumb, 16 bytes, Stack size 8 bytes, ipc.o(i.rt_ipc_object_init))
<BR><BR>[Stack]<UL><LI>Max Depth = 8<LI>Call Chain = rt_ipc_object_init
</UL>
<BR>[Calls]<UL><LI><a href="#[c3]">&gt;&gt;</a>&nbsp;&nbsp;&nbsp;rt_list_init
</UL>
<BR>[Called By]<UL><LI><a href="#[b9]">&gt;&gt;</a>&nbsp;&nbsp;&nbsp;rt_mb_create
<LI><a href="#[86]">&gt;&gt;</a>&nbsp;&nbsp;&nbsp;rt_sem_init
</UL>

<P><STRONG><a name="[c3]"></a>rt_list_init</STRONG> (Thumb, 6 bytes, Stack size 0 bytes, ipc.o(i.rt_list_init))
<BR><BR>[Called By]<UL><LI><a href="#[b9]">&gt;&gt;</a>&nbsp;&nbsp;&nbsp;rt_mb_create
<LI><a href="#[c2]">&gt;&gt;</a>&nbsp;&nbsp;&nbsp;rt_ipc_object_init
</UL>

<P><STRONG><a name="[c1]"></a>rt_list_insert_before</STRONG> (Thumb, 14 bytes, Stack size 0 bytes, ipc.o(i.rt_list_insert_before))
<BR><BR>[Called By]<UL><LI><a href="#[bf]">&gt;&gt;</a>&nbsp;&nbsp;&nbsp;rt_ipc_list_suspend
</UL>

<P><STRONG><a name="[ca]"></a>rt_list_isempty</STRONG> (Thumb, 16 bytes, Stack size 0 bytes, ipc.o(i.rt_list_isempty))
<BR><BR>[Called By]<UL><LI><a href="#[ba]">&gt;&gt;</a>&nbsp;&nbsp;&nbsp;rt_mb_recv
<LI><a href="#[b2]">&gt;&gt;</a>&nbsp;&nbsp;&nbsp;rt_sem_release
<LI><a href="#[cb]">&gt;&gt;</a>&nbsp;&nbsp;&nbsp;rt_mb_send_wait
</UL>

<P><STRONG><a name="[a6]"></a>print_number</STRONG> (Thumb, 396 bytes, Stack size 80 bytes, kservice.o(i.print_number))
<BR><BR>[Stack]<UL><LI>Max Depth = 92<LI>Call Chain = print_number &rArr; __aeabi_uidivmod
</UL>
<BR>[Calls]<UL><LI><a href="#[47]">&gt;&gt;</a>&nbsp;&nbsp;&nbsp;__aeabi_uidivmod
</UL>
<BR>[Called By]<UL><LI><a href="#[c4]">&gt;&gt;</a>&nbsp;&nbsp;&nbsp;rt_vsnprintf
</UL>

<P><STRONG><a name="[ec]"></a>skip_atoi</STRONG> (Thumb, 42 bytes, Stack size 8 bytes, kservice.o(i.skip_atoi))
<BR><BR>[Stack]<UL><LI>Max Depth = 8<LI>Call Chain = skip_atoi
</UL>
<BR>[Called By]<UL><LI><a href="#[c4]">&gt;&gt;</a>&nbsp;&nbsp;&nbsp;rt_vsnprintf
</UL>

<P><STRONG><a name="[b1]"></a>plug_holes</STRONG> (Thumb, 112 bytes, Stack size 12 bytes, mem.o(i.plug_holes))
<BR><BR>[Stack]<UL><LI>Max Depth = 12<LI>Call Chain = plug_holes
</UL>
<BR>[Called By]<UL><LI><a href="#[af]">&gt;&gt;</a>&nbsp;&nbsp;&nbsp;rt_free
</UL>

<P><STRONG><a name="[cc]"></a>rt_list_insert_after</STRONG> (Thumb, 14 bytes, Stack size 0 bytes, object.o(i.rt_list_insert_after))
<BR><BR>[Called By]<UL><LI><a href="#[cf]">&gt;&gt;</a>&nbsp;&nbsp;&nbsp;rt_object_init
<LI><a href="#[c5]">&gt;&gt;</a>&nbsp;&nbsp;&nbsp;rt_object_allocate
</UL>

<P><STRONG><a name="[cd]"></a>rt_list_remove</STRONG> (Thumb, 18 bytes, Stack size 0 bytes, object.o(i.rt_list_remove))
<BR><BR>[Called By]<UL><LI><a href="#[ce]">&gt;&gt;</a>&nbsp;&nbsp;&nbsp;rt_object_detach
<LI><a href="#[c6]">&gt;&gt;</a>&nbsp;&nbsp;&nbsp;rt_object_delete
</UL>

<P><STRONG><a name="[d7]"></a>rt_list_init</STRONG> (Thumb, 6 bytes, Stack size 0 bytes, scheduler.o(i.rt_list_init))
<BR><BR>[Called By]<UL><LI><a href="#[d6]">&gt;&gt;</a>&nbsp;&nbsp;&nbsp;rt_system_scheduler_init
</UL>

<P><STRONG><a name="[6a]"></a>_rt_thread_init</STRONG> (Thumb, 126 bytes, Stack size 32 bytes, thread.o(i._rt_thread_init))
<BR><BR>[Stack]<UL><LI>Max Depth = 128<LI>Call Chain = _rt_thread_init &rArr; rt_timer_init &rArr; rt_object_init &rArr; rt_exit_critical &rArr; rt_schedule
</UL>
<BR>[Calls]<UL><LI><a href="#[6d]">&gt;&gt;</a>&nbsp;&nbsp;&nbsp;rt_timer_init
<LI><a href="#[6c]">&gt;&gt;</a>&nbsp;&nbsp;&nbsp;rt_hw_stack_init
<LI><a href="#[6b]">&gt;&gt;</a>&nbsp;&nbsp;&nbsp;rt_memset
</UL>
<BR>[Called By]<UL><LI><a href="#[78]">&gt;&gt;</a>&nbsp;&nbsp;&nbsp;rt_thread_create
<LI><a href="#[e1]">&gt;&gt;</a>&nbsp;&nbsp;&nbsp;rt_thread_init
</UL>

<P><STRONG><a name="[dd]"></a>rt_list_insert_after</STRONG> (Thumb, 14 bytes, Stack size 0 bytes, thread.o(i.rt_list_insert_after))
<BR><BR>[Called By]<UL><LI><a href="#[28]">&gt;&gt;</a>&nbsp;&nbsp;&nbsp;rt_thread_exit
</UL>

<P><STRONG><a name="[e5]"></a>rt_list_remove</STRONG> (Thumb, 18 bytes, Stack size 0 bytes, thread.o(i.rt_list_remove))
<BR><BR>[Called By]<UL><LI><a href="#[29]">&gt;&gt;</a>&nbsp;&nbsp;&nbsp;rt_thread_timeout
<LI><a href="#[be]">&gt;&gt;</a>&nbsp;&nbsp;&nbsp;rt_thread_resume
<LI><a href="#[e7]">&gt;&gt;</a>&nbsp;&nbsp;&nbsp;rt_thread_yield
</UL>

<P><STRONG><a name="[6e]"></a>_rt_timer_init</STRONG> (Thumb, 60 bytes, Stack size 40 bytes, timer.o(i._rt_timer_init))
<BR><BR>[Stack]<UL><LI>Max Depth = 40<LI>Call Chain = _rt_timer_init
</UL>
<BR>[Calls]<UL><LI><a href="#[6f]">&gt;&gt;</a>&nbsp;&nbsp;&nbsp;rt_list_init
</UL>
<BR>[Called By]<UL><LI><a href="#[6d]">&gt;&gt;</a>&nbsp;&nbsp;&nbsp;rt_timer_init
</UL>

<P><STRONG><a name="[e9]"></a>_rt_timer_remove</STRONG> (Thumb, 46 bytes, Stack size 8 bytes, timer.o(i._rt_timer_remove))
<BR><BR>[Stack]<UL><LI>Max Depth = 8<LI>Call Chain = _rt_timer_remove
</UL>
<BR>[Called By]<UL><LI><a href="#[e6]">&gt;&gt;</a>&nbsp;&nbsp;&nbsp;rt_timer_stop
<LI><a href="#[db]">&gt;&gt;</a>&nbsp;&nbsp;&nbsp;rt_timer_detach
<LI><a href="#[c9]">&gt;&gt;</a>&nbsp;&nbsp;&nbsp;rt_timer_start
<LI><a href="#[e8]">&gt;&gt;</a>&nbsp;&nbsp;&nbsp;rt_timer_check
</UL>

<P><STRONG><a name="[6f]"></a>rt_list_init</STRONG> (Thumb, 6 bytes, Stack size 0 bytes, timer.o(i.rt_list_init))
<BR><BR>[Called By]<UL><LI><a href="#[6e]">&gt;&gt;</a>&nbsp;&nbsp;&nbsp;_rt_timer_init
<LI><a href="#[da]">&gt;&gt;</a>&nbsp;&nbsp;&nbsp;rt_system_timer_init
</UL>

<P><STRONG><a name="[eb]"></a>rt_list_insert_after</STRONG> (Thumb, 14 bytes, Stack size 0 bytes, timer.o(i.rt_list_insert_after))
<BR><BR>[Called By]<UL><LI><a href="#[c9]">&gt;&gt;</a>&nbsp;&nbsp;&nbsp;rt_timer_start
</UL>

<P><STRONG><a name="[ea]"></a>rt_list_isempty</STRONG> (Thumb, 16 bytes, Stack size 0 bytes, timer.o(i.rt_list_isempty))
<BR><BR>[Called By]<UL><LI><a href="#[e8]">&gt;&gt;</a>&nbsp;&nbsp;&nbsp;rt_timer_check
</UL>

<P><STRONG><a name="[94]"></a>list_find_init</STRONG> (Thumb, 40 bytes, Stack size 32 bytes, cmd.o(i.list_find_init))
<BR><BR>[Stack]<UL><LI>Max Depth = 32<LI>Call Chain = list_find_init
</UL>
<BR>[Calls]<UL><LI><a href="#[9c]">&gt;&gt;</a>&nbsp;&nbsp;&nbsp;rt_object_get_information
</UL>
<BR>[Called By]<UL><LI><a href="#[39]">&gt;&gt;</a>&nbsp;&nbsp;&nbsp;list_thread
<LI><a href="#[3e]">&gt;&gt;</a>&nbsp;&nbsp;&nbsp;list_timer
<LI><a href="#[3a]">&gt;&gt;</a>&nbsp;&nbsp;&nbsp;list_sem
<LI><a href="#[3d]">&gt;&gt;</a>&nbsp;&nbsp;&nbsp;list_msgqueue
<LI><a href="#[3c]">&gt;&gt;</a>&nbsp;&nbsp;&nbsp;list_mailbox
<LI><a href="#[3b]">&gt;&gt;</a>&nbsp;&nbsp;&nbsp;list_event
</UL>

<P><STRONG><a name="[96]"></a>list_get_next</STRONG> (Thumb, 150 bytes, Stack size 40 bytes, cmd.o(i.list_get_next))
<BR><BR>[Stack]<UL><LI>Max Depth = 40<LI>Call Chain = list_get_next
</UL>
<BR>[Calls]<UL><LI><a href="#[98]">&gt;&gt;</a>&nbsp;&nbsp;&nbsp;rt_hw_interrupt_enable
<LI><a href="#[97]">&gt;&gt;</a>&nbsp;&nbsp;&nbsp;rt_hw_interrupt_disable
</UL>
<BR>[Called By]<UL><LI><a href="#[39]">&gt;&gt;</a>&nbsp;&nbsp;&nbsp;list_thread
<LI><a href="#[3e]">&gt;&gt;</a>&nbsp;&nbsp;&nbsp;list_timer
<LI><a href="#[3a]">&gt;&gt;</a>&nbsp;&nbsp;&nbsp;list_sem
<LI><a href="#[3d]">&gt;&gt;</a>&nbsp;&nbsp;&nbsp;list_msgqueue
<LI><a href="#[3c]">&gt;&gt;</a>&nbsp;&nbsp;&nbsp;list_mailbox
<LI><a href="#[3b]">&gt;&gt;</a>&nbsp;&nbsp;&nbsp;list_event
</UL>

<P><STRONG><a name="[95]"></a>object_split</STRONG> (Thumb, 22 bytes, Stack size 8 bytes, cmd.o(i.object_split))
<BR><BR>[Stack]<UL><LI>Max Depth = 212<LI>Call Chain = object_split &rArr; rt_kprintf &rArr; rt_vsnprintf &rArr; print_number &rArr; __aeabi_uidivmod
</UL>
<BR>[Calls]<UL><LI><a href="#[85]">&gt;&gt;</a>&nbsp;&nbsp;&nbsp;rt_kprintf
</UL>
<BR>[Called By]<UL><LI><a href="#[39]">&gt;&gt;</a>&nbsp;&nbsp;&nbsp;list_thread
<LI><a href="#[3e]">&gt;&gt;</a>&nbsp;&nbsp;&nbsp;list_timer
<LI><a href="#[3a]">&gt;&gt;</a>&nbsp;&nbsp;&nbsp;list_sem
<LI><a href="#[3d]">&gt;&gt;</a>&nbsp;&nbsp;&nbsp;list_msgqueue
<LI><a href="#[3c]">&gt;&gt;</a>&nbsp;&nbsp;&nbsp;list_mailbox
<LI><a href="#[3b]">&gt;&gt;</a>&nbsp;&nbsp;&nbsp;list_event
</UL>

<P><STRONG><a name="[99]"></a>rt_list_isempty</STRONG> (Thumb, 16 bytes, Stack size 0 bytes, cmd.o(i.rt_list_isempty))
<BR><BR>[Called By]<UL><LI><a href="#[3a]">&gt;&gt;</a>&nbsp;&nbsp;&nbsp;list_sem
<LI><a href="#[3d]">&gt;&gt;</a>&nbsp;&nbsp;&nbsp;list_msgqueue
<LI><a href="#[3c]">&gt;&gt;</a>&nbsp;&nbsp;&nbsp;list_mailbox
<LI><a href="#[3b]">&gt;&gt;</a>&nbsp;&nbsp;&nbsp;list_event
</UL>

<P><STRONG><a name="[9a]"></a>rt_list_len</STRONG> (Thumb, 20 bytes, Stack size 0 bytes, cmd.o(i.rt_list_len))
<BR><BR>[Called By]<UL><LI><a href="#[3a]">&gt;&gt;</a>&nbsp;&nbsp;&nbsp;list_sem
<LI><a href="#[3d]">&gt;&gt;</a>&nbsp;&nbsp;&nbsp;list_msgqueue
<LI><a href="#[3c]">&gt;&gt;</a>&nbsp;&nbsp;&nbsp;list_mailbox
<LI><a href="#[3b]">&gt;&gt;</a>&nbsp;&nbsp;&nbsp;list_event
</UL>

<P><STRONG><a name="[9b]"></a>show_wait_queue</STRONG> (Thumb, 40 bytes, Stack size 16 bytes, cmd.o(i.show_wait_queue))
<BR><BR>[Stack]<UL><LI>Max Depth = 220<LI>Call Chain = show_wait_queue &rArr; rt_kprintf &rArr; rt_vsnprintf &rArr; print_number &rArr; __aeabi_uidivmod
</UL>
<BR>[Calls]<UL><LI><a href="#[85]">&gt;&gt;</a>&nbsp;&nbsp;&nbsp;rt_kprintf
</UL>
<BR>[Called By]<UL><LI><a href="#[3a]">&gt;&gt;</a>&nbsp;&nbsp;&nbsp;list_sem
<LI><a href="#[3d]">&gt;&gt;</a>&nbsp;&nbsp;&nbsp;list_msgqueue
<LI><a href="#[3c]">&gt;&gt;</a>&nbsp;&nbsp;&nbsp;list_mailbox
<LI><a href="#[3b]">&gt;&gt;</a>&nbsp;&nbsp;&nbsp;list_event
</UL>

<P><STRONG><a name="[66]"></a>_msh_exec_cmd</STRONG> (Thumb, 100 bytes, Stack size 64 bytes, msh.o(i._msh_exec_cmd))
<BR><BR>[Stack]<UL><LI>Max Depth = 308<LI>Call Chain = _msh_exec_cmd &rArr; msh_split &rArr; rt_kprintf &rArr; rt_vsnprintf &rArr; print_number &rArr; __aeabi_uidivmod
</UL>
<BR>[Calls]<UL><LI><a href="#[68]">&gt;&gt;</a>&nbsp;&nbsp;&nbsp;__aeabi_memclr4
<LI><a href="#[69]">&gt;&gt;</a>&nbsp;&nbsp;&nbsp;msh_split
<LI><a href="#[67]">&gt;&gt;</a>&nbsp;&nbsp;&nbsp;msh_get_cmd
</UL>
<BR>[Called By]<UL><LI><a href="#[8b]">&gt;&gt;</a>&nbsp;&nbsp;&nbsp;msh_exec
</UL>

<P><STRONG><a name="[67]"></a>msh_get_cmd</STRONG> (Thumb, 78 bytes, Stack size 24 bytes, msh.o(i.msh_get_cmd))
<BR><BR>[Stack]<UL><LI>Max Depth = 36<LI>Call Chain = msh_get_cmd &rArr; strncmp
</UL>
<BR>[Calls]<UL><LI><a href="#[93]">&gt;&gt;</a>&nbsp;&nbsp;&nbsp;strncmp
</UL>
<BR>[Called By]<UL><LI><a href="#[66]">&gt;&gt;</a>&nbsp;&nbsp;&nbsp;_msh_exec_cmd
</UL>

<P><STRONG><a name="[69]"></a>msh_split</STRONG> (Thumb, 210 bytes, Stack size 40 bytes, msh.o(i.msh_split))
<BR><BR>[Stack]<UL><LI>Max Depth = 244<LI>Call Chain = msh_split &rArr; rt_kprintf &rArr; rt_vsnprintf &rArr; print_number &rArr; __aeabi_uidivmod
</UL>
<BR>[Calls]<UL><LI><a href="#[85]">&gt;&gt;</a>&nbsp;&nbsp;&nbsp;rt_kprintf
</UL>
<BR>[Called By]<UL><LI><a href="#[66]">&gt;&gt;</a>&nbsp;&nbsp;&nbsp;_msh_exec_cmd
</UL>

<P><STRONG><a name="[a2]"></a>str_common</STRONG> (Thumb, 40 bytes, Stack size 8 bytes, msh.o(i.str_common))
<BR><BR>[Stack]<UL><LI>Max Depth = 8<LI>Call Chain = str_common
</UL>
<BR>[Called By]<UL><LI><a href="#[a1]">&gt;&gt;</a>&nbsp;&nbsp;&nbsp;msh_auto_complete
</UL>

<P><STRONG><a name="[81]"></a>finsh_getchar</STRONG> (Thumb, 8 bytes, Stack size 8 bytes, shell.o(i.finsh_getchar))
<BR><BR>[Stack]<UL><LI>Max Depth = 128<LI>Call Chain = finsh_getchar &rArr; rt_hw_console_getchar &rArr; rt_mb_recv &rArr; rt_ipc_list_suspend &rArr; rt_thread_suspend &rArr; rt_timer_stop &rArr; _rt_timer_remove
</UL>
<BR>[Calls]<UL><LI><a href="#[82]">&gt;&gt;</a>&nbsp;&nbsp;&nbsp;rt_hw_console_getchar
</UL>
<BR>[Called By]<UL><LI><a href="#[2b]">&gt;&gt;</a>&nbsp;&nbsp;&nbsp;finsh_thread_entry
</UL>

<P><STRONG><a name="[88]"></a>shell_auto_complete</STRONG> (Thumb, 42 bytes, Stack size 16 bytes, shell.o(i.shell_auto_complete))
<BR><BR>[Stack]<UL><LI>Max Depth = 268<LI>Call Chain = shell_auto_complete &rArr; msh_auto_complete &rArr; msh_help &rArr; rt_kprintf &rArr; rt_vsnprintf &rArr; print_number &rArr; __aeabi_uidivmod
</UL>
<BR>[Calls]<UL><LI><a href="#[85]">&gt;&gt;</a>&nbsp;&nbsp;&nbsp;rt_kprintf
<LI><a href="#[7c]">&gt;&gt;</a>&nbsp;&nbsp;&nbsp;finsh_get_prompt
<LI><a href="#[7e]">&gt;&gt;</a>&nbsp;&nbsp;&nbsp;msh_is_used
<LI><a href="#[a1]">&gt;&gt;</a>&nbsp;&nbsp;&nbsp;msh_auto_complete
</UL>
<BR>[Called By]<UL><LI><a href="#[2b]">&gt;&gt;</a>&nbsp;&nbsp;&nbsp;finsh_thread_entry
</UL>
<P>
<H3>
Undefined Global Symbols
</H3><HR></body></html>
